[2021-05-28T13:32:22.632-0400][gc,heap] Heap region size: 1M
[2021-05-28T13:32:22.642-0400][gc     ] Using G1
[2021-05-28T13:32:22.642-0400][gc,heap,coops] Heap address: 0x00000000c0000000, size: 1024 MB, Compressed Oops mode: 32-bit
[2021-05-28T13:32:22.642-0400][gc,cds       ] Mark closed archive regions in map: [0x00000000ffc00000, 0x00000000ffc6aff8]
[2021-05-28T13:32:22.642-0400][gc,cds       ] Mark open archive regions in map: [0x00000000ff800000, 0x00000000ff846ff8]
[2021-05-28T13:32:23.479-0400][gc,start     ] GC(0) Pause Young (Normal) (G1 Evacuation Pause)
[2021-05-28T13:32:23.481-0400][gc,task      ] GC(0) Using 15 workers of 15 for evacuation
[2021-05-28T13:32:23.488-0400][gc,phases    ] GC(0)   Pre Evacuate Collection Set: 0,0ms
[2021-05-28T13:32:23.488-0400][gc,phases    ] GC(0)   Evacuate Collection Set: 6,3ms
[2021-05-28T13:32:23.488-0400][gc,phases    ] GC(0)   Post Evacuate Collection Set: 0,7ms
[2021-05-28T13:32:23.488-0400][gc,phases    ] GC(0)   Other: 1,9ms
[2021-05-28T13:32:23.488-0400][gc,heap      ] GC(0) Eden regions: 51->0(44)
[2021-05-28T13:32:23.488-0400][gc,heap      ] GC(0) Survivor regions: 0->7(7)
[2021-05-28T13:32:23.488-0400][gc,heap      ] GC(0) Old regions: 2->2
[2021-05-28T13:32:23.488-0400][gc,heap      ] GC(0) Humongous regions: 0->0
[2021-05-28T13:32:23.488-0400][gc,metaspace ] GC(0) Metaspace: 16377K->16377K(1064960K)
[2021-05-28T13:32:23.488-0400][gc           ] GC(0) Pause Young (Normal) (G1 Evacuation Pause) 51M->7M(1024M) 9,185ms
[2021-05-28T13:32:23.488-0400][gc,cpu       ] GC(0) User=0,08s Sys=0,01s Real=0,01s
[2021-05-28T13:32:23.716-0400][gc,start     ] GC(1) Pause Young (Concurrent Start) (Metadata GC Threshold)
[2021-05-28T13:32:23.716-0400][gc,task      ] GC(1) Using 15 workers of 15 for evacuation
[2021-05-28T13:32:23.728-0400][gc,phases    ] GC(1)   Pre Evacuate Collection Set: 0,1ms
[2021-05-28T13:32:23.728-0400][gc,phases    ] GC(1)   Evacuate Collection Set: 11,3ms
[2021-05-28T13:32:23.728-0400][gc,phases    ] GC(1)   Post Evacuate Collection Set: 0,6ms
[2021-05-28T13:32:23.728-0400][gc,phases    ] GC(1)   Other: 0,4ms
[2021-05-28T13:32:23.728-0400][gc,heap      ] GC(1) Eden regions: 18->0(49)
[2021-05-28T13:32:23.728-0400][gc,heap      ] GC(1) Survivor regions: 7->2(7)
[2021-05-28T13:32:23.728-0400][gc,heap      ] GC(1) Old regions: 2->9
[2021-05-28T13:32:23.728-0400][gc,heap      ] GC(1) Humongous regions: 129->129
[2021-05-28T13:32:23.728-0400][gc,metaspace ] GC(1) Metaspace: 20485K->20485K(1067008K)
[2021-05-28T13:32:23.728-0400][gc           ] GC(1) Pause Young (Concurrent Start) (Metadata GC Threshold) 153M->137M(1024M) 12,563ms
[2021-05-28T13:32:23.728-0400][gc,cpu       ] GC(1) User=0,12s Sys=0,00s Real=0,01s
[2021-05-28T13:32:23.728-0400][gc           ] GC(2) Concurrent Cycle
[2021-05-28T13:32:23.728-0400][gc,marking   ] GC(2) Concurrent Clear Claimed Marks
[2021-05-28T13:32:23.729-0400][gc,marking   ] GC(2) Concurrent Clear Claimed Marks 0,044ms
[2021-05-28T13:32:23.729-0400][gc,marking   ] GC(2) Concurrent Scan Root Regions
[2021-05-28T13:32:23.730-0400][gc,marking   ] GC(2) Concurrent Scan Root Regions 1,687ms
[2021-05-28T13:32:23.730-0400][gc,marking   ] GC(2) Concurrent Mark (1,102s)
[2021-05-28T13:32:23.730-0400][gc,marking   ] GC(2) Concurrent Mark From Roots
[2021-05-28T13:32:23.731-0400][gc,task      ] GC(2) Using 4 workers of 4 for marking
[2021-05-28T13:32:23.739-0400][gc,marking   ] GC(2) Concurrent Mark From Roots 8,993ms
[2021-05-28T13:32:23.739-0400][gc,marking   ] GC(2) Concurrent Preclean
[2021-05-28T13:32:23.739-0400][gc,marking   ] GC(2) Concurrent Preclean 0,209ms
[2021-05-28T13:32:23.739-0400][gc,marking   ] GC(2) Concurrent Mark (1,102s, 1,112s) 9,249ms
[2021-05-28T13:32:23.740-0400][gc,start     ] GC(2) Pause Remark
[2021-05-28T13:32:23.741-0400][gc,stringtable] GC(2) Cleaned string and symbol table, strings: 4928 processed, 0 removed, symbols: 49847 processed, 49 removed
[2021-05-28T13:32:23.742-0400][gc            ] GC(2) Pause Remark 138M->138M(1024M) 2,064ms
[2021-05-28T13:32:23.742-0400][gc,cpu        ] GC(2) User=0,01s Sys=0,00s Real=0,01s
[2021-05-28T13:32:23.742-0400][gc,marking    ] GC(2) Concurrent Rebuild Remembered Sets
[2021-05-28T13:32:23.746-0400][gc,marking    ] GC(2) Concurrent Rebuild Remembered Sets 4,616ms
[2021-05-28T13:32:23.747-0400][gc,start      ] GC(2) Pause Cleanup
[2021-05-28T13:32:23.747-0400][gc            ] GC(2) Pause Cleanup 139M->139M(1024M) 0,389ms
[2021-05-28T13:32:23.747-0400][gc,cpu        ] GC(2) User=0,00s Sys=0,00s Real=0,00s
[2021-05-28T13:32:23.747-0400][gc,marking    ] GC(2) Concurrent Cleanup for Next Mark
[2021-05-28T13:32:23.751-0400][gc,marking    ] GC(2) Concurrent Cleanup for Next Mark 4,221ms
[2021-05-28T13:32:23.751-0400][gc            ] GC(2) Concurrent Cycle 22,974ms
[2021-05-28T13:32:24.747-0400][gc,start      ] GC(3) Pause Young (Concurrent Start) (G1 Evacuation Pause)
[2021-05-28T13:32:24.747-0400][gc,task       ] GC(3) Using 15 workers of 15 for evacuation
[2021-05-28T13:32:24.752-0400][gc,phases     ] GC(3)   Pre Evacuate Collection Set: 0,1ms
[2021-05-28T13:32:24.752-0400][gc,phases     ] GC(3)   Evacuate Collection Set: 4,2ms
[2021-05-28T13:32:24.752-0400][gc,phases     ] GC(3)   Post Evacuate Collection Set: 0,6ms
[2021-05-28T13:32:24.752-0400][gc,phases     ] GC(3)   Other: 0,2ms
[2021-05-28T13:32:24.752-0400][gc,heap       ] GC(3) Eden regions: 49->0(46)
[2021-05-28T13:32:24.752-0400][gc,heap       ] GC(3) Survivor regions: 2->5(7)
[2021-05-28T13:32:24.752-0400][gc,heap       ] GC(3) Old regions: 9->9
[2021-05-28T13:32:24.752-0400][gc,heap       ] GC(3) Humongous regions: 129->129
[2021-05-28T13:32:24.752-0400][gc,metaspace  ] GC(3) Metaspace: 30272K->30272K(1077248K)
[2021-05-28T13:32:24.752-0400][gc            ] GC(3) Pause Young (Concurrent Start) (G1 Evacuation Pause) 186M->140M(1024M) 5,146ms
[2021-05-28T13:32:24.752-0400][gc,cpu        ] GC(3) User=0,06s Sys=0,00s Real=0,01s
[2021-05-28T13:32:24.752-0400][gc            ] GC(4) Concurrent Cycle
[2021-05-28T13:32:24.752-0400][gc,marking    ] GC(4) Concurrent Clear Claimed Marks
[2021-05-28T13:32:24.752-0400][gc,marking    ] GC(4) Concurrent Clear Claimed Marks 0,067ms
[2021-05-28T13:32:24.752-0400][gc,marking    ] GC(4) Concurrent Scan Root Regions
[2021-05-28T13:32:24.755-0400][gc,marking    ] GC(4) Concurrent Scan Root Regions 2,361ms
[2021-05-28T13:32:24.755-0400][gc,marking    ] GC(4) Concurrent Mark (2,127s)
[2021-05-28T13:32:24.755-0400][gc,marking    ] GC(4) Concurrent Mark From Roots
[2021-05-28T13:32:24.755-0400][gc,task       ] GC(4) Using 4 workers of 4 for marking
[2021-05-28T13:32:24.762-0400][gc,marking    ] GC(4) Concurrent Mark From Roots 7,240ms
[2021-05-28T13:32:24.762-0400][gc,marking    ] GC(4) Concurrent Preclean
[2021-05-28T13:32:24.762-0400][gc,marking    ] GC(4) Concurrent Preclean 0,339ms
[2021-05-28T13:32:24.762-0400][gc,marking    ] GC(4) Concurrent Mark (2,127s, 2,135s) 7,656ms
[2021-05-28T13:32:24.763-0400][gc,start      ] GC(4) Pause Remark
[2021-05-28T13:32:24.764-0400][gc,stringtable] GC(4) Cleaned string and symbol table, strings: 9356 processed, 9 removed, symbols: 70986 processed, 16 removed
[2021-05-28T13:32:24.764-0400][gc            ] GC(4) Pause Remark 142M->142M(1024M) 1,345ms
[2021-05-28T13:32:24.764-0400][gc,cpu        ] GC(4) User=0,01s Sys=0,00s Real=0,00s
[2021-05-28T13:32:24.764-0400][gc,marking    ] GC(4) Concurrent Rebuild Remembered Sets
[2021-05-28T13:32:24.768-0400][gc,marking    ] GC(4) Concurrent Rebuild Remembered Sets 3,922ms
[2021-05-28T13:32:24.768-0400][gc,start      ] GC(4) Pause Cleanup
[2021-05-28T13:32:24.768-0400][gc            ] GC(4) Pause Cleanup 142M->142M(1024M) 0,288ms
[2021-05-28T13:32:24.768-0400][gc,cpu        ] GC(4) User=0,00s Sys=0,00s Real=0,00s
[2021-05-28T13:32:24.768-0400][gc,marking    ] GC(4) Concurrent Cleanup for Next Mark
[2021-05-28T13:32:24.772-0400][gc,marking    ] GC(4) Concurrent Cleanup for Next Mark 3,898ms
[2021-05-28T13:32:24.772-0400][gc            ] GC(4) Concurrent Cycle 20,074ms
[2021-05-28T13:33:19.663-0400][gc,start      ] GC(5) Pause Young (Normal) (G1 Evacuation Pause)
[2021-05-28T13:33:19.663-0400][gc,task       ] GC(5) Using 15 workers of 15 for evacuation
[2021-05-28T13:33:19.672-0400][gc,phases     ] GC(5)   Pre Evacuate Collection Set: 0,1ms
[2021-05-28T13:33:19.672-0400][gc,phases     ] GC(5)   Evacuate Collection Set: 6,7ms
[2021-05-28T13:33:19.672-0400][gc,phases     ] GC(5)   Post Evacuate Collection Set: 1,4ms
[2021-05-28T13:33:19.672-0400][gc,phases     ] GC(5)   Other: 0,3ms
[2021-05-28T13:33:19.672-0400][gc,heap       ] GC(5) Eden regions: 46->0(48)
[2021-05-28T13:33:19.672-0400][gc,heap       ] GC(5) Survivor regions: 5->3(7)
[2021-05-28T13:33:19.672-0400][gc,heap       ] GC(5) Old regions: 9->14
[2021-05-28T13:33:19.672-0400][gc,heap       ] GC(5) Humongous regions: 129->129
[2021-05-28T13:33:19.672-0400][gc,metaspace  ] GC(5) Metaspace: 35807K->35807K(1081344K)
[2021-05-28T13:33:19.672-0400][gc            ] GC(5) Pause Young (Normal) (G1 Evacuation Pause) 186M->143M(1024M) 8,661ms
[2021-05-28T13:33:19.672-0400][gc,cpu        ] GC(5) User=0,10s Sys=0,00s Real=0,01s
[2021-05-28T13:38:23.885-0400][gc,heap,exit  ] Heap
[2021-05-28T13:38:23.885-0400][gc,heap,exit  ]  garbage-first heap   total 1048576K, used 170857K [0x00000000c0000000, 0x0000000100000000)
[2021-05-28T13:38:23.885-0400][gc,heap,exit  ]   region size 1024K, 28 young (28672K), 3 survivors (3072K)
[2021-05-28T13:38:23.885-0400][gc,heap,exit  ]  Metaspace       used 36780K, capacity 39228K, committed 39344K, reserved 1081344K
[2021-05-28T13:38:23.885-0400][gc,heap,exit  ]   class space    used 5366K, capacity 6582K, committed 6656K, reserved 1048576K
