[2021-05-31T17:01:03.013-0400][gc,heap] Heap region size: 1M
[2021-05-31T17:01:03.029-0400][gc     ] Using G1
[2021-05-31T17:01:03.029-0400][gc,heap,coops] Heap address: 0x00000000c0000000, size: 1024 MB, Compressed Oops mode: 32-bit
[2021-05-31T17:01:03.029-0400][gc,cds       ] Mark closed archive regions in map: [0x00000000ffc00000, 0x00000000ffc6aff8]
[2021-05-31T17:01:03.029-0400][gc,cds       ] Mark open archive regions in map: [0x00000000ff800000, 0x00000000ff846ff8]
[2021-05-31T17:01:03.847-0400][gc,start     ] GC(0) Pause Young (Normal) (G1 Evacuation Pause)
[2021-05-31T17:01:03.849-0400][gc,task      ] GC(0) Using 15 workers of 15 for evacuation
[2021-05-31T17:01:03.866-0400][gc,phases    ] GC(0)   Pre Evacuate Collection Set: 0,0ms
[2021-05-31T17:01:03.866-0400][gc,phases    ] GC(0)   Evacuate Collection Set: 16,5ms
[2021-05-31T17:01:03.866-0400][gc,phases    ] GC(0)   Post Evacuate Collection Set: 0,6ms
[2021-05-31T17:01:03.866-0400][gc,phases    ] GC(0)   Other: 2,2ms
[2021-05-31T17:01:03.866-0400][gc,heap      ] GC(0) Eden regions: 51->0(44)
[2021-05-31T17:01:03.866-0400][gc,heap      ] GC(0) Survivor regions: 0->7(7)
[2021-05-31T17:01:03.866-0400][gc,heap      ] GC(0) Old regions: 2->2
[2021-05-31T17:01:03.866-0400][gc,heap      ] GC(0) Humongous regions: 0->0
[2021-05-31T17:01:03.866-0400][gc,metaspace ] GC(0) Metaspace: 16359K->16359K(1064960K)
[2021-05-31T17:01:03.866-0400][gc           ] GC(0) Pause Young (Normal) (G1 Evacuation Pause) 51M->7M(1024M) 19,445ms
[2021-05-31T17:01:03.866-0400][gc,cpu       ] GC(0) User=0,23s Sys=0,01s Real=0,02s
[2021-05-31T17:01:04.060-0400][gc,start     ] GC(1) Pause Young (Concurrent Start) (Metadata GC Threshold)
[2021-05-31T17:01:04.060-0400][gc,task      ] GC(1) Using 15 workers of 15 for evacuation
[2021-05-31T17:01:04.070-0400][gc,phases    ] GC(1)   Pre Evacuate Collection Set: 0,1ms
[2021-05-31T17:01:04.070-0400][gc,phases    ] GC(1)   Evacuate Collection Set: 10,1ms
[2021-05-31T17:01:04.070-0400][gc,phases    ] GC(1)   Post Evacuate Collection Set: 0,4ms
[2021-05-31T17:01:04.070-0400][gc,phases    ] GC(1)   Other: 0,3ms
[2021-05-31T17:01:04.070-0400][gc,heap      ] GC(1) Eden regions: 17->0(50)
[2021-05-31T17:01:04.070-0400][gc,heap      ] GC(1) Survivor regions: 7->1(7)
[2021-05-31T17:01:04.070-0400][gc,heap      ] GC(1) Old regions: 2->9
[2021-05-31T17:01:04.070-0400][gc,heap      ] GC(1) Humongous regions: 0->0
[2021-05-31T17:01:04.070-0400][gc,metaspace ] GC(1) Metaspace: 20530K->20530K(1067008K)
[2021-05-31T17:01:04.070-0400][gc           ] GC(1) Pause Young (Concurrent Start) (Metadata GC Threshold) 23M->7M(1024M) 10,895ms
[2021-05-31T17:01:04.070-0400][gc,cpu       ] GC(1) User=0,08s Sys=0,01s Real=0,01s
[2021-05-31T17:01:04.071-0400][gc           ] GC(2) Concurrent Cycle
[2021-05-31T17:01:04.071-0400][gc,marking   ] GC(2) Concurrent Clear Claimed Marks
[2021-05-31T17:01:04.071-0400][gc,marking   ] GC(2) Concurrent Clear Claimed Marks 0,043ms
[2021-05-31T17:01:04.071-0400][gc,marking   ] GC(2) Concurrent Scan Root Regions
[2021-05-31T17:01:04.072-0400][gc,marking   ] GC(2) Concurrent Scan Root Regions 1,609ms
[2021-05-31T17:01:04.072-0400][gc,marking   ] GC(2) Concurrent Mark (1,066s)
[2021-05-31T17:01:04.072-0400][gc,marking   ] GC(2) Concurrent Mark From Roots
[2021-05-31T17:01:04.073-0400][gc,task      ] GC(2) Using 4 workers of 4 for marking
[2021-05-31T17:01:04.080-0400][gc,marking   ] GC(2) Concurrent Mark From Roots 7,866ms
[2021-05-31T17:01:04.080-0400][gc,marking   ] GC(2) Concurrent Preclean
[2021-05-31T17:01:04.081-0400][gc,marking   ] GC(2) Concurrent Preclean 0,431ms
[2021-05-31T17:01:04.081-0400][gc,marking   ] GC(2) Concurrent Mark (1,066s, 1,074s) 8,372ms
[2021-05-31T17:01:04.081-0400][gc,start     ] GC(2) Pause Remark
[2021-05-31T17:01:04.082-0400][gc,stringtable] GC(2) Cleaned string and symbol table, strings: 4824 processed, 0 removed, symbols: 50116 processed, 52 removed
[2021-05-31T17:01:04.082-0400][gc            ] GC(2) Pause Remark 8M->8M(1024M) 1,473ms
[2021-05-31T17:01:04.082-0400][gc,cpu        ] GC(2) User=0,01s Sys=0,00s Real=0,00s
[2021-05-31T17:01:04.082-0400][gc,marking    ] GC(2) Concurrent Rebuild Remembered Sets
[2021-05-31T17:01:04.086-0400][gc,marking    ] GC(2) Concurrent Rebuild Remembered Sets 3,608ms
[2021-05-31T17:01:04.086-0400][gc,start      ] GC(2) Pause Cleanup
[2021-05-31T17:01:04.087-0400][gc            ] GC(2) Pause Cleanup 8M->8M(1024M) 0,278ms
[2021-05-31T17:01:04.087-0400][gc,cpu        ] GC(2) User=0,00s Sys=0,00s Real=0,00s
[2021-05-31T17:01:04.087-0400][gc,marking    ] GC(2) Concurrent Cleanup for Next Mark
[2021-05-31T17:01:04.089-0400][gc,marking    ] GC(2) Concurrent Cleanup for Next Mark 2,938ms
[2021-05-31T17:01:04.090-0400][gc            ] GC(2) Concurrent Cycle 19,034ms
[2021-05-31T17:01:04.735-0400][gc,start      ] GC(3) Pause Young (Normal) (G1 Evacuation Pause)
[2021-05-31T17:01:04.736-0400][gc,task       ] GC(3) Using 15 workers of 15 for evacuation
[2021-05-31T17:01:04.739-0400][gc,phases     ] GC(3)   Pre Evacuate Collection Set: 0,0ms
[2021-05-31T17:01:04.739-0400][gc,phases     ] GC(3)   Evacuate Collection Set: 2,9ms
[2021-05-31T17:01:04.739-0400][gc,phases     ] GC(3)   Post Evacuate Collection Set: 0,6ms
[2021-05-31T17:01:04.739-0400][gc,phases     ] GC(3)   Other: 0,2ms
[2021-05-31T17:01:04.739-0400][gc,heap       ] GC(3) Eden regions: 50->0(46)
[2021-05-31T17:01:04.739-0400][gc,heap       ] GC(3) Survivor regions: 1->5(7)
[2021-05-31T17:01:04.739-0400][gc,heap       ] GC(3) Old regions: 9->9
[2021-05-31T17:01:04.739-0400][gc,heap       ] GC(3) Humongous regions: 129->129
[2021-05-31T17:01:04.739-0400][gc,metaspace  ] GC(3) Metaspace: 28524K->28524K(1075200K)
[2021-05-31T17:01:04.739-0400][gc            ] GC(3) Pause Young (Normal) (G1 Evacuation Pause) 186M->140M(1024M) 3,916ms
[2021-05-31T17:01:04.739-0400][gc,cpu        ] GC(3) User=0,05s Sys=0,00s Real=0,01s
[2021-05-31T17:01:05.253-0400][gc,start      ] GC(4) Pause Young (Concurrent Start) (Metadata GC Threshold)
[2021-05-31T17:01:05.253-0400][gc,task       ] GC(4) Using 15 workers of 15 for evacuation
[2021-05-31T17:01:05.261-0400][gc,phases     ] GC(4)   Pre Evacuate Collection Set: 0,2ms
[2021-05-31T17:01:05.261-0400][gc,phases     ] GC(4)   Evacuate Collection Set: 6,3ms
[2021-05-31T17:01:05.261-0400][gc,phases     ] GC(4)   Post Evacuate Collection Set: 0,8ms
[2021-05-31T17:01:05.261-0400][gc,phases     ] GC(4)   Other: 0,3ms
[2021-05-31T17:01:05.261-0400][gc,heap       ] GC(4) Eden regions: 42->0(49)
[2021-05-31T17:01:05.261-0400][gc,heap       ] GC(4) Survivor regions: 5->2(7)
[2021-05-31T17:01:05.261-0400][gc,heap       ] GC(4) Old regions: 9->13
[2021-05-31T17:01:05.261-0400][gc,heap       ] GC(4) Humongous regions: 135->129
[2021-05-31T17:01:05.261-0400][gc,metaspace  ] GC(4) Metaspace: 34013K->34013K(1079296K)
[2021-05-31T17:01:05.261-0400][gc            ] GC(4) Pause Young (Concurrent Start) (Metadata GC Threshold) 187M->142M(1024M) 7,813ms
[2021-05-31T17:01:05.261-0400][gc,cpu        ] GC(4) User=0,07s Sys=0,01s Real=0,01s
[2021-05-31T17:01:05.261-0400][gc            ] GC(5) Concurrent Cycle
[2021-05-31T17:01:05.261-0400][gc,marking    ] GC(5) Concurrent Clear Claimed Marks
[2021-05-31T17:01:05.261-0400][gc,marking    ] GC(5) Concurrent Clear Claimed Marks 0,114ms
[2021-05-31T17:01:05.261-0400][gc,marking    ] GC(5) Concurrent Scan Root Regions
[2021-05-31T17:01:05.263-0400][gc,marking    ] GC(5) Concurrent Scan Root Regions 2,083ms
[2021-05-31T17:01:05.263-0400][gc,marking    ] GC(5) Concurrent Mark (2,257s)
[2021-05-31T17:01:05.263-0400][gc,marking    ] GC(5) Concurrent Mark From Roots
[2021-05-31T17:01:05.263-0400][gc,task       ] GC(5) Using 4 workers of 4 for marking
[2021-05-31T17:01:05.273-0400][gc,marking    ] GC(5) Concurrent Mark From Roots 9,821ms
[2021-05-31T17:01:05.273-0400][gc,marking    ] GC(5) Concurrent Preclean
[2021-05-31T17:01:05.274-0400][gc,marking    ] GC(5) Concurrent Preclean 0,657ms
[2021-05-31T17:01:05.274-0400][gc,marking    ] GC(5) Concurrent Mark (2,257s, 2,268s) 10,592ms
[2021-05-31T17:01:05.274-0400][gc,start      ] GC(5) Pause Remark
[2021-05-31T17:01:05.276-0400][gc,stringtable] GC(5) Cleaned string and symbol table, strings: 8988 processed, 9 removed, symbols: 73257 processed, 11 removed
[2021-05-31T17:01:05.276-0400][gc            ] GC(5) Pause Remark 142M->142M(1024M) 2,096ms
[2021-05-31T17:01:05.276-0400][gc,cpu        ] GC(5) User=0,02s Sys=0,00s Real=0,00s
[2021-05-31T17:01:05.276-0400][gc,marking    ] GC(5) Concurrent Rebuild Remembered Sets
[2021-05-31T17:01:05.281-0400][gc,marking    ] GC(5) Concurrent Rebuild Remembered Sets 4,841ms
[2021-05-31T17:01:05.282-0400][gc,start      ] GC(5) Pause Cleanup
[2021-05-31T17:01:05.282-0400][gc            ] GC(5) Pause Cleanup 142M->142M(1024M) 0,330ms
[2021-05-31T17:01:05.282-0400][gc,cpu        ] GC(5) User=0,01s Sys=0,00s Real=0,00s
[2021-05-31T17:01:05.282-0400][gc,marking    ] GC(5) Concurrent Cleanup for Next Mark
[2021-05-31T17:01:05.285-0400][gc,marking    ] GC(5) Concurrent Cleanup for Next Mark 2,868ms
[2021-05-31T17:01:05.285-0400][gc            ] GC(5) Concurrent Cycle 23,651ms
[2021-05-31T17:09:55.551-0400][gc,start      ] GC(6) Pause Young (Normal) (G1 Evacuation Pause)
[2021-05-31T17:09:55.551-0400][gc,task       ] GC(6) Using 15 workers of 15 for evacuation
[2021-05-31T17:09:55.556-0400][gc,phases     ] GC(6)   Pre Evacuate Collection Set: 0,1ms
[2021-05-31T17:09:55.556-0400][gc,phases     ] GC(6)   Evacuate Collection Set: 3,4ms
[2021-05-31T17:09:55.556-0400][gc,phases     ] GC(6)   Post Evacuate Collection Set: 0,9ms
[2021-05-31T17:09:55.556-0400][gc,phases     ] GC(6)   Other: 0,3ms
[2021-05-31T17:09:55.556-0400][gc,heap       ] GC(6) Eden regions: 49->0(47)
[2021-05-31T17:09:55.556-0400][gc,heap       ] GC(6) Survivor regions: 2->4(7)
[2021-05-31T17:09:55.556-0400][gc,heap       ] GC(6) Old regions: 13->13
[2021-05-31T17:09:55.556-0400][gc,heap       ] GC(6) Humongous regions: 129->129
[2021-05-31T17:09:55.556-0400][gc,metaspace  ] GC(6) Metaspace: 36248K->36248K(1081344K)
[2021-05-31T17:09:55.556-0400][gc            ] GC(6) Pause Young (Normal) (G1 Evacuation Pause) 191M->143M(1024M) 4,877ms
[2021-05-31T17:09:55.556-0400][gc,cpu        ] GC(6) User=0,05s Sys=0,00s Real=0,00s
[2021-05-31T17:20:05.944-0400][gc,start      ] GC(7) Pause Young (Normal) (G1 Evacuation Pause)
[2021-05-31T17:20:05.944-0400][gc,task       ] GC(7) Using 15 workers of 15 for evacuation
[2021-05-31T17:20:05.951-0400][gc,phases     ] GC(7)   Pre Evacuate Collection Set: 0,1ms
[2021-05-31T17:20:05.951-0400][gc,phases     ] GC(7)   Evacuate Collection Set: 5,2ms
[2021-05-31T17:20:05.951-0400][gc,phases     ] GC(7)   Post Evacuate Collection Set: 1,1ms
[2021-05-31T17:20:05.951-0400][gc,phases     ] GC(7)   Other: 0,4ms
[2021-05-31T17:20:05.951-0400][gc,heap       ] GC(7) Eden regions: 47->0(47)
[2021-05-31T17:20:05.951-0400][gc,heap       ] GC(7) Survivor regions: 4->4(7)
[2021-05-31T17:20:05.951-0400][gc,heap       ] GC(7) Old regions: 13->13
[2021-05-31T17:20:05.951-0400][gc,heap       ] GC(7) Humongous regions: 129->129
[2021-05-31T17:20:05.951-0400][gc,metaspace  ] GC(7) Metaspace: 36534K->36534K(1081344K)
[2021-05-31T17:20:05.951-0400][gc            ] GC(7) Pause Young (Normal) (G1 Evacuation Pause) 190M->144M(1024M) 6,993ms
[2021-05-31T17:20:05.951-0400][gc,cpu        ] GC(7) User=0,08s Sys=0,00s Real=0,01s
[2021-05-31T17:31:34.625-0400][gc,start      ] GC(8) Pause Young (Normal) (G1 Evacuation Pause)
[2021-05-31T17:31:34.625-0400][gc,task       ] GC(8) Using 15 workers of 15 for evacuation
[2021-05-31T17:31:34.629-0400][gc,phases     ] GC(8)   Pre Evacuate Collection Set: 0,0ms
[2021-05-31T17:31:34.629-0400][gc,phases     ] GC(8)   Evacuate Collection Set: 2,7ms
[2021-05-31T17:31:34.629-0400][gc,phases     ] GC(8)   Post Evacuate Collection Set: 0,8ms
[2021-05-31T17:31:34.629-0400][gc,phases     ] GC(8)   Other: 0,3ms
[2021-05-31T17:31:34.629-0400][gc,heap       ] GC(8) Eden regions: 47->0(48)
[2021-05-31T17:31:34.629-0400][gc,heap       ] GC(8) Survivor regions: 4->3(7)
[2021-05-31T17:31:34.629-0400][gc,heap       ] GC(8) Old regions: 13->15
[2021-05-31T17:31:34.629-0400][gc,heap       ] GC(8) Humongous regions: 129->129
[2021-05-31T17:31:34.629-0400][gc,metaspace  ] GC(8) Metaspace: 36766K->36766K(1083392K)
[2021-05-31T17:31:34.629-0400][gc            ] GC(8) Pause Young (Normal) (G1 Evacuation Pause) 191M->144M(1024M) 3,989ms
[2021-05-31T17:31:34.629-0400][gc,cpu        ] GC(8) User=0,03s Sys=0,01s Real=0,00s
[2021-05-31T17:52:24.472-0400][gc,start      ] GC(9) Pause Young (Normal) (G1 Evacuation Pause)
[2021-05-31T17:52:24.472-0400][gc,task       ] GC(9) Using 15 workers of 15 for evacuation
[2021-05-31T17:52:24.477-0400][gc,phases     ] GC(9)   Pre Evacuate Collection Set: 0,0ms
[2021-05-31T17:52:24.477-0400][gc,phases     ] GC(9)   Evacuate Collection Set: 3,5ms
[2021-05-31T17:52:24.477-0400][gc,phases     ] GC(9)   Post Evacuate Collection Set: 0,8ms
[2021-05-31T17:52:24.477-0400][gc,phases     ] GC(9)   Other: 0,3ms
[2021-05-31T17:52:24.477-0400][gc,heap       ] GC(9) Eden regions: 48->0(48)
[2021-05-31T17:52:24.477-0400][gc,heap       ] GC(9) Survivor regions: 3->3(7)
[2021-05-31T17:52:24.477-0400][gc,heap       ] GC(9) Old regions: 15->15
[2021-05-31T17:52:24.477-0400][gc,heap       ] GC(9) Humongous regions: 129->129
[2021-05-31T17:52:24.477-0400][gc,metaspace  ] GC(9) Metaspace: 36894K->36894K(1083392K)
[2021-05-31T17:52:24.477-0400][gc            ] GC(9) Pause Young (Normal) (G1 Evacuation Pause) 192M->144M(1024M) 4,811ms
[2021-05-31T17:52:24.477-0400][gc,cpu        ] GC(9) User=0,05s Sys=0,00s Real=0,00s
[2021-05-31T18:01:05.096-0400][gc,start      ] GC(10) Pause Young (Normal) (G1 Evacuation Pause)
[2021-05-31T18:01:05.096-0400][gc,task       ] GC(10) Using 15 workers of 15 for evacuation
[2021-05-31T18:01:05.100-0400][gc,phases     ] GC(10)   Pre Evacuate Collection Set: 0,0ms
[2021-05-31T18:01:05.100-0400][gc,phases     ] GC(10)   Evacuate Collection Set: 4,0ms
[2021-05-31T18:01:05.100-0400][gc,phases     ] GC(10)   Post Evacuate Collection Set: 0,5ms
[2021-05-31T18:01:05.100-0400][gc,phases     ] GC(10)   Other: 0,1ms
[2021-05-31T18:01:05.100-0400][gc,heap       ] GC(10) Eden regions: 48->0(53)
[2021-05-31T18:01:05.100-0400][gc,heap       ] GC(10) Survivor regions: 3->3(7)
[2021-05-31T18:01:05.100-0400][gc,heap       ] GC(10) Old regions: 15->15
[2021-05-31T18:01:05.100-0400][gc,heap       ] GC(10) Humongous regions: 129->129
[2021-05-31T18:01:05.100-0400][gc,metaspace  ] GC(10) Metaspace: 37143K->37143K(1083392K)
[2021-05-31T18:01:05.100-0400][gc            ] GC(10) Pause Young (Normal) (G1 Evacuation Pause) 192M->144M(1024M) 4,716ms
[2021-05-31T18:01:05.100-0400][gc,cpu        ] GC(10) User=0,06s Sys=0,00s Real=0,01s
[2021-05-31T18:10:18.390-0400][gc,start      ] GC(11) Pause Young (Normal) (G1 Evacuation Pause)
[2021-05-31T18:10:18.390-0400][gc,task       ] GC(11) Using 15 workers of 15 for evacuation
[2021-05-31T18:10:18.396-0400][gc,phases     ] GC(11)   Pre Evacuate Collection Set: 0,1ms
[2021-05-31T18:10:18.396-0400][gc,phases     ] GC(11)   Evacuate Collection Set: 4,2ms
[2021-05-31T18:10:18.396-0400][gc,phases     ] GC(11)   Post Evacuate Collection Set: 1,1ms
[2021-05-31T18:10:18.396-0400][gc,phases     ] GC(11)   Other: 0,6ms
[2021-05-31T18:10:18.396-0400][gc,heap       ] GC(11) Eden regions: 53->0(59)
[2021-05-31T18:10:18.396-0400][gc,heap       ] GC(11) Survivor regions: 3->4(7)
[2021-05-31T18:10:18.396-0400][gc,heap       ] GC(11) Old regions: 15->15
[2021-05-31T18:10:18.396-0400][gc,heap       ] GC(11) Humongous regions: 129->129
[2021-05-31T18:10:18.396-0400][gc,metaspace  ] GC(11) Metaspace: 37203K->37203K(1083392K)
[2021-05-31T18:10:18.396-0400][gc            ] GC(11) Pause Young (Normal) (G1 Evacuation Pause) 197M->145M(1024M) 6,062ms
[2021-05-31T18:10:18.396-0400][gc,cpu        ] GC(11) User=0,06s Sys=0,00s Real=0,00s
[2021-05-31T18:20:38.438-0400][gc,start      ] GC(12) Pause Young (Normal) (G1 Evacuation Pause)
[2021-05-31T18:20:38.439-0400][gc,task       ] GC(12) Using 15 workers of 15 for evacuation
[2021-05-31T18:20:38.444-0400][gc,phases     ] GC(12)   Pre Evacuate Collection Set: 0,0ms
[2021-05-31T18:20:38.444-0400][gc,phases     ] GC(12)   Evacuate Collection Set: 4,2ms
[2021-05-31T18:20:38.444-0400][gc,phases     ] GC(12)   Post Evacuate Collection Set: 1,0ms
[2021-05-31T18:20:38.444-0400][gc,phases     ] GC(12)   Other: 0,6ms
[2021-05-31T18:20:38.444-0400][gc,heap       ] GC(12) Eden regions: 59->0(182)
[2021-05-31T18:20:38.444-0400][gc,heap       ] GC(12) Survivor regions: 4->4(8)
[2021-05-31T18:20:38.444-0400][gc,heap       ] GC(12) Old regions: 15->15
[2021-05-31T18:20:38.444-0400][gc,heap       ] GC(12) Humongous regions: 129->129
[2021-05-31T18:20:38.444-0400][gc,metaspace  ] GC(12) Metaspace: 37210K->37210K(1083392K)
[2021-05-31T18:20:38.444-0400][gc            ] GC(12) Pause Young (Normal) (G1 Evacuation Pause) 204M->145M(1024M) 5,968ms
[2021-05-31T18:20:38.444-0400][gc,cpu        ] GC(12) User=0,05s Sys=0,01s Real=0,00s
[2021-05-31T18:53:00.738-0400][gc,start      ] GC(13) Pause Young (Normal) (G1 Evacuation Pause)
[2021-05-31T18:53:00.739-0400][gc,task       ] GC(13) Using 15 workers of 15 for evacuation
[2021-05-31T18:53:00.744-0400][gc,phases     ] GC(13)   Pre Evacuate Collection Set: 0,0ms
[2021-05-31T18:53:00.744-0400][gc,phases     ] GC(13)   Evacuate Collection Set: 4,5ms
[2021-05-31T18:53:00.744-0400][gc,phases     ] GC(13)   Post Evacuate Collection Set: 0,9ms
[2021-05-31T18:53:00.744-0400][gc,phases     ] GC(13)   Other: 0,6ms
[2021-05-31T18:53:00.744-0400][gc,heap       ] GC(13) Eden regions: 182->0(242)
[2021-05-31T18:53:00.744-0400][gc,heap       ] GC(13) Survivor regions: 4->4(24)
[2021-05-31T18:53:00.744-0400][gc,heap       ] GC(13) Old regions: 15->15
[2021-05-31T18:53:00.744-0400][gc,heap       ] GC(13) Humongous regions: 129->129
[2021-05-31T18:53:00.744-0400][gc,metaspace  ] GC(13) Metaspace: 37236K->37236K(1083392K)
[2021-05-31T18:53:00.745-0400][gc            ] GC(13) Pause Young (Normal) (G1 Evacuation Pause) 327M->145M(1024M) 6,181ms
[2021-05-31T18:53:00.745-0400][gc,cpu        ] GC(13) User=0,07s Sys=0,00s Real=0,00s
[2021-05-31T19:35:28.950-0400][gc,start      ] GC(14) Pause Young (Normal) (G1 Evacuation Pause)
[2021-05-31T19:35:28.950-0400][gc,task       ] GC(14) Using 15 workers of 15 for evacuation
[2021-05-31T19:35:28.957-0400][gc,phases     ] GC(14)   Pre Evacuate Collection Set: 0,1ms
[2021-05-31T19:35:28.957-0400][gc,phases     ] GC(14)   Evacuate Collection Set: 4,8ms
[2021-05-31T19:35:28.957-0400][gc,phases     ] GC(14)   Post Evacuate Collection Set: 1,2ms
[2021-05-31T19:35:28.957-0400][gc,phases     ] GC(14)   Other: 0,7ms
[2021-05-31T19:35:28.957-0400][gc,heap       ] GC(14) Eden regions: 242->0(497)
[2021-05-31T19:35:28.957-0400][gc,heap       ] GC(14) Survivor regions: 4->4(31)
[2021-05-31T19:35:28.957-0400][gc,heap       ] GC(14) Old regions: 15->15
[2021-05-31T19:35:28.957-0400][gc,heap       ] GC(14) Humongous regions: 129->129
[2021-05-31T19:35:28.957-0400][gc,metaspace  ] GC(14) Metaspace: 37280K->37280K(1083392K)
[2021-05-31T19:35:28.957-0400][gc            ] GC(14) Pause Young (Normal) (G1 Evacuation Pause) 387M->145M(1024M) 6,862ms
[2021-05-31T19:35:28.957-0400][gc,cpu        ] GC(14) User=0,06s Sys=0,01s Real=0,00s
[2021-05-31T21:03:12.228-0400][gc,start      ] GC(15) Pause Young (Normal) (G1 Evacuation Pause)
[2021-05-31T21:03:12.228-0400][gc,task       ] GC(15) Using 15 workers of 15 for evacuation
[2021-05-31T21:03:12.235-0400][gc,phases     ] GC(15)   Pre Evacuate Collection Set: 0,0ms
[2021-05-31T21:03:12.235-0400][gc,phases     ] GC(15)   Evacuate Collection Set: 5,4ms
[2021-05-31T21:03:12.235-0400][gc,phases     ] GC(15)   Post Evacuate Collection Set: 1,4ms
[2021-05-31T21:03:12.235-0400][gc,phases     ] GC(15)   Other: 0,5ms
[2021-05-31T21:03:12.235-0400][gc,heap       ] GC(15) Eden regions: 497->0(610)
[2021-05-31T21:03:12.235-0400][gc,heap       ] GC(15) Survivor regions: 4->4(63)
[2021-05-31T21:03:12.235-0400][gc,heap       ] GC(15) Old regions: 15->15
[2021-05-31T21:03:12.235-0400][gc,heap       ] GC(15) Humongous regions: 129->129
[2021-05-31T21:03:12.235-0400][gc,metaspace  ] GC(15) Metaspace: 37364K->37364K(1083392K)
[2021-05-31T21:03:12.235-0400][gc            ] GC(15) Pause Young (Normal) (G1 Evacuation Pause) 642M->145M(1024M) 7,511ms
[2021-05-31T21:03:12.235-0400][gc,cpu        ] GC(15) User=0,06s Sys=0,02s Real=0,01s
[2021-05-31T22:52:23.905-0400][gc,start      ] GC(16) Pause Young (Normal) (G1 Evacuation Pause)
[2021-05-31T22:52:23.906-0400][gc,task       ] GC(16) Using 15 workers of 15 for evacuation
[2021-05-31T22:52:23.912-0400][gc,phases     ] GC(16)   Pre Evacuate Collection Set: 0,0ms
[2021-05-31T22:52:23.912-0400][gc,phases     ] GC(16)   Evacuate Collection Set: 5,0ms
[2021-05-31T22:52:23.912-0400][gc,phases     ] GC(16)   Post Evacuate Collection Set: 1,3ms
[2021-05-31T22:52:23.912-0400][gc,phases     ] GC(16)   Other: 0,7ms
[2021-05-31T22:52:23.912-0400][gc,heap       ] GC(16) Eden regions: 610->0(609)
[2021-05-31T22:52:23.912-0400][gc,heap       ] GC(16) Survivor regions: 4->5(77)
[2021-05-31T22:52:23.912-0400][gc,heap       ] GC(16) Old regions: 15->15
[2021-05-31T22:52:23.912-0400][gc,heap       ] GC(16) Humongous regions: 129->129
[2021-05-31T22:52:23.912-0400][gc,metaspace  ] GC(16) Metaspace: 37397K->37397K(1083392K)
[2021-05-31T22:52:23.912-0400][gc            ] GC(16) Pause Young (Normal) (G1 Evacuation Pause) 755M->145M(1024M) 7,156ms
[2021-05-31T22:52:23.913-0400][gc,cpu        ] GC(16) User=0,08s Sys=0,00s Real=0,01s
[2021-06-01T00:40:55.096-0400][gc,start      ] GC(17) Pause Young (Normal) (G1 Evacuation Pause)
[2021-06-01T00:40:55.096-0400][gc,task       ] GC(17) Using 15 workers of 15 for evacuation
[2021-06-01T00:40:55.104-0400][gc,phases     ] GC(17)   Pre Evacuate Collection Set: 0,1ms
[2021-06-01T00:40:55.104-0400][gc,phases     ] GC(17)   Evacuate Collection Set: 5,7ms
[2021-06-01T00:40:55.104-0400][gc,phases     ] GC(17)   Post Evacuate Collection Set: 1,6ms
[2021-06-01T00:40:55.104-0400][gc,phases     ] GC(17)   Other: 0,7ms
[2021-06-01T00:40:55.104-0400][gc,heap       ] GC(17) Eden regions: 609->0(610)
[2021-06-01T00:40:55.104-0400][gc,heap       ] GC(17) Survivor regions: 5->4(77)
[2021-06-01T00:40:55.104-0400][gc,heap       ] GC(17) Old regions: 15->15
[2021-06-01T00:40:55.104-0400][gc,heap       ] GC(17) Humongous regions: 129->129
[2021-06-01T00:40:55.104-0400][gc,metaspace  ] GC(17) Metaspace: 37449K->37449K(1083392K)
[2021-06-01T00:40:55.104-0400][gc            ] GC(17) Pause Young (Normal) (G1 Evacuation Pause) 754M->145M(1024M) 8,187ms
[2021-06-01T00:40:55.104-0400][gc,cpu        ] GC(17) User=0,09s Sys=0,00s Real=0,01s
[2021-06-01T02:29:46.663-0400][gc,start      ] GC(18) Pause Young (Normal) (G1 Evacuation Pause)
[2021-06-01T02:29:46.663-0400][gc,task       ] GC(18) Using 15 workers of 15 for evacuation
[2021-06-01T02:29:46.672-0400][gc,phases     ] GC(18)   Pre Evacuate Collection Set: 0,1ms
[2021-06-01T02:29:46.672-0400][gc,phases     ] GC(18)   Evacuate Collection Set: 6,6ms
[2021-06-01T02:29:46.672-0400][gc,phases     ] GC(18)   Post Evacuate Collection Set: 1,6ms
[2021-06-01T02:29:46.672-0400][gc,phases     ] GC(18)   Other: 0,4ms
[2021-06-01T02:29:46.672-0400][gc,heap       ] GC(18) Eden regions: 610->0(609)
[2021-06-01T02:29:46.672-0400][gc,heap       ] GC(18) Survivor regions: 4->5(77)
[2021-06-01T02:29:46.672-0400][gc,heap       ] GC(18) Old regions: 15->15
[2021-06-01T02:29:46.672-0400][gc,heap       ] GC(18) Humongous regions: 129->129
[2021-06-01T02:29:46.672-0400][gc,metaspace  ] GC(18) Metaspace: 37494K->37494K(1083392K)
[2021-06-01T02:29:46.672-0400][gc            ] GC(18) Pause Young (Normal) (G1 Evacuation Pause) 755M->146M(1024M) 8,806ms
[2021-06-01T02:29:46.672-0400][gc,cpu        ] GC(18) User=0,11s Sys=0,00s Real=0,01s
[2021-06-01T04:18:30.855-0400][gc,start      ] GC(19) Pause Young (Normal) (G1 Evacuation Pause)
[2021-06-01T04:18:30.855-0400][gc,task       ] GC(19) Using 15 workers of 15 for evacuation
[2021-06-01T04:18:30.860-0400][gc,phases     ] GC(19)   Pre Evacuate Collection Set: 0,0ms
[2021-06-01T04:18:30.860-0400][gc,phases     ] GC(19)   Evacuate Collection Set: 3,8ms
[2021-06-01T04:18:30.860-0400][gc,phases     ] GC(19)   Post Evacuate Collection Set: 1,3ms
[2021-06-01T04:18:30.860-0400][gc,phases     ] GC(19)   Other: 0,6ms
[2021-06-01T04:18:30.860-0400][gc,heap       ] GC(19) Eden regions: 609->0(609)
[2021-06-01T04:18:30.860-0400][gc,heap       ] GC(19) Survivor regions: 5->5(77)
[2021-06-01T04:18:30.860-0400][gc,heap       ] GC(19) Old regions: 15->15
[2021-06-01T04:18:30.860-0400][gc,heap       ] GC(19) Humongous regions: 129->129
[2021-06-01T04:18:30.860-0400][gc,metaspace  ] GC(19) Metaspace: 37536K->37536K(1083392K)
[2021-06-01T04:18:30.860-0400][gc            ] GC(19) Pause Young (Normal) (G1 Evacuation Pause) 755M->146M(1024M) 5,844ms
[2021-06-01T04:18:30.861-0400][gc,cpu        ] GC(19) User=0,06s Sys=0,00s Real=0,01s
[2021-06-01T06:07:13.703-0400][gc,start      ] GC(20) Pause Young (Normal) (G1 Evacuation Pause)
[2021-06-01T06:07:13.703-0400][gc,task       ] GC(20) Using 15 workers of 15 for evacuation
[2021-06-01T06:07:13.711-0400][gc,phases     ] GC(20)   Pre Evacuate Collection Set: 0,0ms
[2021-06-01T06:07:13.711-0400][gc,phases     ] GC(20)   Evacuate Collection Set: 6,0ms
[2021-06-01T06:07:13.711-0400][gc,phases     ] GC(20)   Post Evacuate Collection Set: 1,6ms
[2021-06-01T06:07:13.711-0400][gc,phases     ] GC(20)   Other: 0,4ms
[2021-06-01T06:07:13.711-0400][gc,heap       ] GC(20) Eden regions: 609->0(609)
[2021-06-01T06:07:13.711-0400][gc,heap       ] GC(20) Survivor regions: 5->5(77)
[2021-06-01T06:07:13.711-0400][gc,heap       ] GC(20) Old regions: 15->15
[2021-06-01T06:07:13.711-0400][gc,heap       ] GC(20) Humongous regions: 129->129
[2021-06-01T06:07:13.711-0400][gc,metaspace  ] GC(20) Metaspace: 37537K->37537K(1083392K)
[2021-06-01T06:07:13.712-0400][gc            ] GC(20) Pause Young (Normal) (G1 Evacuation Pause) 755M->146M(1024M) 8,140ms
[2021-06-01T06:07:13.712-0400][gc,cpu        ] GC(20) User=0,09s Sys=0,00s Real=0,01s
[2021-06-01T07:56:34.423-0400][gc,start      ] GC(21) Pause Young (Normal) (G1 Evacuation Pause)
[2021-06-01T07:56:34.423-0400][gc,task       ] GC(21) Using 15 workers of 15 for evacuation
[2021-06-01T07:56:34.430-0400][gc,phases     ] GC(21)   Pre Evacuate Collection Set: 0,1ms
[2021-06-01T07:56:34.430-0400][gc,phases     ] GC(21)   Evacuate Collection Set: 5,8ms
[2021-06-01T07:56:34.430-0400][gc,phases     ] GC(21)   Post Evacuate Collection Set: 1,5ms
[2021-06-01T07:56:34.431-0400][gc,phases     ] GC(21)   Other: 0,4ms
[2021-06-01T07:56:34.431-0400][gc,heap       ] GC(21) Eden regions: 609->0(610)
[2021-06-01T07:56:34.431-0400][gc,heap       ] GC(21) Survivor regions: 5->4(77)
[2021-06-01T07:56:34.431-0400][gc,heap       ] GC(21) Old regions: 15->15
[2021-06-01T07:56:34.431-0400][gc,heap       ] GC(21) Humongous regions: 129->129
[2021-06-01T07:56:34.431-0400][gc,metaspace  ] GC(21) Metaspace: 37554K->37554K(1083392K)
[2021-06-01T07:56:34.431-0400][gc            ] GC(21) Pause Young (Normal) (G1 Evacuation Pause) 755M->146M(1024M) 7,839ms
[2021-06-01T07:56:34.431-0400][gc,cpu        ] GC(21) User=0,09s Sys=0,00s Real=0,01s
[2021-06-01T09:45:24.909-0400][gc,start      ] GC(22) Pause Young (Normal) (G1 Evacuation Pause)
[2021-06-01T09:45:24.909-0400][gc,task       ] GC(22) Using 15 workers of 15 for evacuation
[2021-06-01T09:45:24.913-0400][gc,phases     ] GC(22)   Pre Evacuate Collection Set: 0,0ms
[2021-06-01T09:45:24.913-0400][gc,phases     ] GC(22)   Evacuate Collection Set: 2,8ms
[2021-06-01T09:45:24.913-0400][gc,phases     ] GC(22)   Post Evacuate Collection Set: 0,9ms
[2021-06-01T09:45:24.913-0400][gc,phases     ] GC(22)   Other: 0,4ms
[2021-06-01T09:45:24.913-0400][gc,heap       ] GC(22) Eden regions: 610->0(610)
[2021-06-01T09:45:24.913-0400][gc,heap       ] GC(22) Survivor regions: 4->4(77)
[2021-06-01T09:45:24.913-0400][gc,heap       ] GC(22) Old regions: 15->15
[2021-06-01T09:45:24.913-0400][gc,heap       ] GC(22) Humongous regions: 129->129
[2021-06-01T09:45:24.913-0400][gc,metaspace  ] GC(22) Metaspace: 37596K->37596K(1083392K)
[2021-06-01T09:45:24.913-0400][gc            ] GC(22) Pause Young (Normal) (G1 Evacuation Pause) 756M->146M(1024M) 4,279ms
[2021-06-01T09:45:24.913-0400][gc,cpu        ] GC(22) User=0,04s Sys=0,00s Real=0,01s
[2021-06-01T11:32:15.877-0400][gc,start      ] GC(23) Pause Young (Normal) (G1 Evacuation Pause)
[2021-06-01T11:32:15.877-0400][gc,task       ] GC(23) Using 15 workers of 15 for evacuation
[2021-06-01T11:32:15.883-0400][gc,phases     ] GC(23)   Pre Evacuate Collection Set: 0,1ms
[2021-06-01T11:32:15.883-0400][gc,phases     ] GC(23)   Evacuate Collection Set: 4,2ms
[2021-06-01T11:32:15.883-0400][gc,phases     ] GC(23)   Post Evacuate Collection Set: 1,4ms
[2021-06-01T11:32:15.883-0400][gc,phases     ] GC(23)   Other: 0,7ms
[2021-06-01T11:32:15.883-0400][gc,heap       ] GC(23) Eden regions: 610->0(610)
[2021-06-01T11:32:15.883-0400][gc,heap       ] GC(23) Survivor regions: 4->4(77)
[2021-06-01T11:32:15.883-0400][gc,heap       ] GC(23) Old regions: 15->15
[2021-06-01T11:32:15.883-0400][gc,heap       ] GC(23) Humongous regions: 129->129
[2021-06-01T11:32:15.883-0400][gc,metaspace  ] GC(23) Metaspace: 37598K->37598K(1083392K)
[2021-06-01T11:32:15.883-0400][gc            ] GC(23) Pause Young (Normal) (G1 Evacuation Pause) 756M->146M(1024M) 6,556ms
[2021-06-01T11:32:15.883-0400][gc,cpu        ] GC(23) User=0,07s Sys=0,00s Real=0,00s
[2021-06-01T13:20:57.559-0400][gc,start      ] GC(24) Pause Young (Normal) (G1 Evacuation Pause)
[2021-06-01T13:20:57.559-0400][gc,task       ] GC(24) Using 15 workers of 15 for evacuation
[2021-06-01T13:20:57.563-0400][gc,phases     ] GC(24)   Pre Evacuate Collection Set: 0,0ms
[2021-06-01T13:20:57.564-0400][gc,phases     ] GC(24)   Evacuate Collection Set: 2,9ms
[2021-06-01T13:20:57.564-0400][gc,phases     ] GC(24)   Post Evacuate Collection Set: 0,9ms
[2021-06-01T13:20:57.564-0400][gc,phases     ] GC(24)   Other: 0,4ms
[2021-06-01T13:20:57.564-0400][gc,heap       ] GC(24) Eden regions: 610->0(610)
[2021-06-01T13:20:57.564-0400][gc,heap       ] GC(24) Survivor regions: 4->4(77)
[2021-06-01T13:20:57.564-0400][gc,heap       ] GC(24) Old regions: 15->15
[2021-06-01T13:20:57.564-0400][gc,heap       ] GC(24) Humongous regions: 129->129
[2021-06-01T13:20:57.564-0400][gc,metaspace  ] GC(24) Metaspace: 37599K->37599K(1083392K)
[2021-06-01T13:20:57.564-0400][gc            ] GC(24) Pause Young (Normal) (G1 Evacuation Pause) 756M->146M(1024M) 4,288ms
[2021-06-01T13:20:57.564-0400][gc,cpu        ] GC(24) User=0,04s Sys=0,00s Real=0,00s
[2021-06-01T15:09:42.894-0400][gc,start      ] GC(25) Pause Young (Normal) (G1 Evacuation Pause)
[2021-06-01T15:09:42.894-0400][gc,task       ] GC(25) Using 15 workers of 15 for evacuation
[2021-06-01T15:09:42.899-0400][gc,phases     ] GC(25)   Pre Evacuate Collection Set: 0,0ms
[2021-06-01T15:09:42.899-0400][gc,phases     ] GC(25)   Evacuate Collection Set: 3,9ms
[2021-06-01T15:09:42.899-0400][gc,phases     ] GC(25)   Post Evacuate Collection Set: 1,2ms
[2021-06-01T15:09:42.899-0400][gc,phases     ] GC(25)   Other: 0,4ms
[2021-06-01T15:09:42.900-0400][gc,heap       ] GC(25) Eden regions: 610->0(610)
[2021-06-01T15:09:42.900-0400][gc,heap       ] GC(25) Survivor regions: 4->4(77)
[2021-06-01T15:09:42.900-0400][gc,heap       ] GC(25) Old regions: 15->15
[2021-06-01T15:09:42.900-0400][gc,heap       ] GC(25) Humongous regions: 129->129
[2021-06-01T15:09:42.900-0400][gc,metaspace  ] GC(25) Metaspace: 37710K->37710K(1083392K)
[2021-06-01T15:09:42.900-0400][gc            ] GC(25) Pause Young (Normal) (G1 Evacuation Pause) 756M->146M(1024M) 5,717ms
[2021-06-01T15:09:42.900-0400][gc,cpu        ] GC(25) User=0,07s Sys=0,00s Real=0,01s
[2021-06-01T16:59:04.353-0400][gc,start      ] GC(26) Pause Young (Normal) (G1 Evacuation Pause)
[2021-06-01T16:59:04.353-0400][gc,task       ] GC(26) Using 15 workers of 15 for evacuation
[2021-06-01T16:59:04.356-0400][gc,phases     ] GC(26)   Pre Evacuate Collection Set: 0,0ms
[2021-06-01T16:59:04.356-0400][gc,phases     ] GC(26)   Evacuate Collection Set: 1,9ms
[2021-06-01T16:59:04.356-0400][gc,phases     ] GC(26)   Post Evacuate Collection Set: 0,9ms
[2021-06-01T16:59:04.356-0400][gc,phases     ] GC(26)   Other: 0,4ms
[2021-06-01T16:59:04.356-0400][gc,heap       ] GC(26) Eden regions: 610->0(611)
[2021-06-01T16:59:04.356-0400][gc,heap       ] GC(26) Survivor regions: 4->3(77)
[2021-06-01T16:59:04.356-0400][gc,heap       ] GC(26) Old regions: 15->15
[2021-06-01T16:59:04.356-0400][gc,heap       ] GC(26) Humongous regions: 129->129
[2021-06-01T16:59:04.356-0400][gc,metaspace  ] GC(26) Metaspace: 37710K->37710K(1083392K)
[2021-06-01T16:59:04.356-0400][gc            ] GC(26) Pause Young (Normal) (G1 Evacuation Pause) 756M->145M(1024M) 3,357ms
[2021-06-01T16:59:04.356-0400][gc,cpu        ] GC(26) User=0,02s Sys=0,00s Real=0,01s
[2021-06-01T18:48:22.894-0400][gc,start      ] GC(27) Pause Young (Normal) (G1 Evacuation Pause)
[2021-06-01T18:48:22.894-0400][gc,task       ] GC(27) Using 15 workers of 15 for evacuation
[2021-06-01T18:48:22.898-0400][gc,phases     ] GC(27)   Pre Evacuate Collection Set: 0,0ms
[2021-06-01T18:48:22.898-0400][gc,phases     ] GC(27)   Evacuate Collection Set: 2,7ms
[2021-06-01T18:48:22.898-0400][gc,phases     ] GC(27)   Post Evacuate Collection Set: 1,3ms
[2021-06-01T18:48:22.898-0400][gc,phases     ] GC(27)   Other: 0,4ms
[2021-06-01T18:48:22.898-0400][gc,heap       ] GC(27) Eden regions: 611->0(611)
[2021-06-01T18:48:22.898-0400][gc,heap       ] GC(27) Survivor regions: 3->3(77)
[2021-06-01T18:48:22.898-0400][gc,heap       ] GC(27) Old regions: 15->15
[2021-06-01T18:48:22.898-0400][gc,heap       ] GC(27) Humongous regions: 129->129
[2021-06-01T18:48:22.898-0400][gc,metaspace  ] GC(27) Metaspace: 37710K->37710K(1083392K)
[2021-06-01T18:48:22.898-0400][gc            ] GC(27) Pause Young (Normal) (G1 Evacuation Pause) 756M->145M(1024M) 4,621ms
[2021-06-01T18:48:22.898-0400][gc,cpu        ] GC(27) User=0,05s Sys=0,00s Real=0,01s
[2021-06-01T20:37:22.894-0400][gc,start      ] GC(28) Pause Young (Normal) (G1 Evacuation Pause)
[2021-06-01T20:37:22.894-0400][gc,task       ] GC(28) Using 15 workers of 15 for evacuation
[2021-06-01T20:37:22.898-0400][gc,phases     ] GC(28)   Pre Evacuate Collection Set: 0,1ms
[2021-06-01T20:37:22.898-0400][gc,phases     ] GC(28)   Evacuate Collection Set: 2,6ms
[2021-06-01T20:37:22.898-0400][gc,phases     ] GC(28)   Post Evacuate Collection Set: 1,2ms
[2021-06-01T20:37:22.898-0400][gc,phases     ] GC(28)   Other: 0,4ms
[2021-06-01T20:37:22.898-0400][gc,heap       ] GC(28) Eden regions: 611->0(611)
[2021-06-01T20:37:22.898-0400][gc,heap       ] GC(28) Survivor regions: 3->3(77)
[2021-06-01T20:37:22.898-0400][gc,heap       ] GC(28) Old regions: 15->15
[2021-06-01T20:37:22.898-0400][gc,heap       ] GC(28) Humongous regions: 129->129
[2021-06-01T20:37:22.898-0400][gc,metaspace  ] GC(28) Metaspace: 37711K->37711K(1083392K)
[2021-06-01T20:37:22.898-0400][gc            ] GC(28) Pause Young (Normal) (G1 Evacuation Pause) 756M->145M(1024M) 4,451ms
[2021-06-01T20:37:22.898-0400][gc,cpu        ] GC(28) User=0,05s Sys=0,00s Real=0,01s
[2021-06-01T22:26:12.166-0400][gc,start      ] GC(29) Pause Young (Normal) (G1 Evacuation Pause)
[2021-06-01T22:26:12.166-0400][gc,task       ] GC(29) Using 15 workers of 15 for evacuation
[2021-06-01T22:26:12.170-0400][gc,phases     ] GC(29)   Pre Evacuate Collection Set: 0,1ms
[2021-06-01T22:26:12.170-0400][gc,phases     ] GC(29)   Evacuate Collection Set: 2,6ms
[2021-06-01T22:26:12.170-0400][gc,phases     ] GC(29)   Post Evacuate Collection Set: 1,2ms
[2021-06-01T22:26:12.170-0400][gc,phases     ] GC(29)   Other: 0,6ms
[2021-06-01T22:26:12.170-0400][gc,heap       ] GC(29) Eden regions: 611->0(611)
[2021-06-01T22:26:12.170-0400][gc,heap       ] GC(29) Survivor regions: 3->3(77)
[2021-06-01T22:26:12.170-0400][gc,heap       ] GC(29) Old regions: 15->15
[2021-06-01T22:26:12.170-0400][gc,heap       ] GC(29) Humongous regions: 129->129
[2021-06-01T22:26:12.170-0400][gc,metaspace  ] GC(29) Metaspace: 37711K->37711K(1083392K)
[2021-06-01T22:26:12.170-0400][gc            ] GC(29) Pause Young (Normal) (G1 Evacuation Pause) 756M->145M(1024M) 4,689ms
[2021-06-01T22:26:12.170-0400][gc,cpu        ] GC(29) User=0,05s Sys=0,00s Real=0,01s
[2021-06-02T00:15:07.894-0400][gc,start      ] GC(30) Pause Young (Normal) (G1 Evacuation Pause)
[2021-06-02T00:15:07.894-0400][gc,task       ] GC(30) Using 15 workers of 15 for evacuation
[2021-06-02T00:15:07.898-0400][gc,phases     ] GC(30)   Pre Evacuate Collection Set: 0,1ms
[2021-06-02T00:15:07.898-0400][gc,phases     ] GC(30)   Evacuate Collection Set: 2,6ms
[2021-06-02T00:15:07.898-0400][gc,phases     ] GC(30)   Post Evacuate Collection Set: 1,3ms
[2021-06-02T00:15:07.898-0400][gc,phases     ] GC(30)   Other: 0,7ms
[2021-06-02T00:15:07.898-0400][gc,heap       ] GC(30) Eden regions: 611->0(611)
[2021-06-02T00:15:07.898-0400][gc,heap       ] GC(30) Survivor regions: 3->3(77)
[2021-06-02T00:15:07.898-0400][gc,heap       ] GC(30) Old regions: 15->15
[2021-06-02T00:15:07.898-0400][gc,heap       ] GC(30) Humongous regions: 129->129
[2021-06-02T00:15:07.898-0400][gc,metaspace  ] GC(30) Metaspace: 37711K->37711K(1083392K)
[2021-06-02T00:15:07.898-0400][gc            ] GC(30) Pause Young (Normal) (G1 Evacuation Pause) 756M->145M(1024M) 4,794ms
[2021-06-02T00:15:07.898-0400][gc,cpu        ] GC(30) User=0,04s Sys=0,00s Real=0,01s
[2021-06-02T02:04:03.234-0400][gc,start      ] GC(31) Pause Young (Normal) (G1 Evacuation Pause)
[2021-06-02T02:04:03.234-0400][gc,task       ] GC(31) Using 15 workers of 15 for evacuation
[2021-06-02T02:04:03.237-0400][gc,phases     ] GC(31)   Pre Evacuate Collection Set: 0,0ms
[2021-06-02T02:04:03.237-0400][gc,phases     ] GC(31)   Evacuate Collection Set: 2,2ms
[2021-06-02T02:04:03.237-0400][gc,phases     ] GC(31)   Post Evacuate Collection Set: 0,8ms
[2021-06-02T02:04:03.237-0400][gc,phases     ] GC(31)   Other: 0,3ms
[2021-06-02T02:04:03.237-0400][gc,heap       ] GC(31) Eden regions: 611->0(611)
[2021-06-02T02:04:03.237-0400][gc,heap       ] GC(31) Survivor regions: 3->3(77)
[2021-06-02T02:04:03.237-0400][gc,heap       ] GC(31) Old regions: 15->16
[2021-06-02T02:04:03.237-0400][gc,heap       ] GC(31) Humongous regions: 129->129
[2021-06-02T02:04:03.237-0400][gc,metaspace  ] GC(31) Metaspace: 37728K->37728K(1083392K)
[2021-06-02T02:04:03.237-0400][gc            ] GC(31) Pause Young (Normal) (G1 Evacuation Pause) 756M->145M(1024M) 3,505ms
[2021-06-02T02:04:03.237-0400][gc,cpu        ] GC(31) User=0,04s Sys=0,00s Real=0,01s
[2021-06-02T03:53:55.254-0400][gc,start      ] GC(32) Pause Young (Normal) (G1 Evacuation Pause)
[2021-06-02T03:53:55.254-0400][gc,task       ] GC(32) Using 15 workers of 15 for evacuation
[2021-06-02T03:53:55.259-0400][gc,phases     ] GC(32)   Pre Evacuate Collection Set: 0,1ms
[2021-06-02T03:53:55.259-0400][gc,phases     ] GC(32)   Evacuate Collection Set: 3,4ms
[2021-06-02T03:53:55.259-0400][gc,phases     ] GC(32)   Post Evacuate Collection Set: 1,2ms
[2021-06-02T03:53:55.259-0400][gc,phases     ] GC(32)   Other: 0,4ms
[2021-06-02T03:53:55.259-0400][gc,heap       ] GC(32) Eden regions: 611->0(610)
[2021-06-02T03:53:55.259-0400][gc,heap       ] GC(32) Survivor regions: 3->4(77)
[2021-06-02T03:53:55.260-0400][gc,heap       ] GC(32) Old regions: 16->16
[2021-06-02T03:53:55.260-0400][gc,heap       ] GC(32) Humongous regions: 129->129
[2021-06-02T03:53:55.260-0400][gc,metaspace  ] GC(32) Metaspace: 37728K->37728K(1083392K)
[2021-06-02T03:53:55.260-0400][gc            ] GC(32) Pause Young (Normal) (G1 Evacuation Pause) 756M->146M(1024M) 5,298ms
[2021-06-02T03:53:55.260-0400][gc,cpu        ] GC(32) User=0,05s Sys=0,00s Real=0,01s
[2021-06-02T05:42:52.423-0400][gc,start      ] GC(33) Pause Young (Normal) (G1 Evacuation Pause)
[2021-06-02T05:42:52.423-0400][gc,task       ] GC(33) Using 15 workers of 15 for evacuation
[2021-06-02T05:42:52.427-0400][gc,phases     ] GC(33)   Pre Evacuate Collection Set: 0,0ms
[2021-06-02T05:42:52.427-0400][gc,phases     ] GC(33)   Evacuate Collection Set: 2,5ms
[2021-06-02T05:42:52.427-0400][gc,phases     ] GC(33)   Post Evacuate Collection Set: 0,9ms
[2021-06-02T05:42:52.427-0400][gc,phases     ] GC(33)   Other: 0,3ms
[2021-06-02T05:42:52.427-0400][gc,heap       ] GC(33) Eden regions: 610->0(610)
[2021-06-02T05:42:52.427-0400][gc,heap       ] GC(33) Survivor regions: 4->4(77)
[2021-06-02T05:42:52.427-0400][gc,heap       ] GC(33) Old regions: 16->16
[2021-06-02T05:42:52.427-0400][gc,heap       ] GC(33) Humongous regions: 129->129
[2021-06-02T05:42:52.427-0400][gc,metaspace  ] GC(33) Metaspace: 37728K->37728K(1083392K)
[2021-06-02T05:42:52.427-0400][gc            ] GC(33) Pause Young (Normal) (G1 Evacuation Pause) 756M->146M(1024M) 3,858ms
[2021-06-02T05:42:52.427-0400][gc,cpu        ] GC(33) User=0,04s Sys=0,00s Real=0,00s
[2021-06-02T07:31:36.707-0400][gc,start      ] GC(34) Pause Young (Normal) (G1 Evacuation Pause)
[2021-06-02T07:31:36.707-0400][gc,task       ] GC(34) Using 15 workers of 15 for evacuation
[2021-06-02T07:31:36.712-0400][gc,phases     ] GC(34)   Pre Evacuate Collection Set: 0,0ms
[2021-06-02T07:31:36.712-0400][gc,phases     ] GC(34)   Evacuate Collection Set: 3,3ms
[2021-06-02T07:31:36.712-0400][gc,phases     ] GC(34)   Post Evacuate Collection Set: 1,2ms
[2021-06-02T07:31:36.712-0400][gc,phases     ] GC(34)   Other: 0,4ms
[2021-06-02T07:31:36.712-0400][gc,heap       ] GC(34) Eden regions: 610->0(610)
[2021-06-02T07:31:36.712-0400][gc,heap       ] GC(34) Survivor regions: 4->4(77)
[2021-06-02T07:31:36.712-0400][gc,heap       ] GC(34) Old regions: 16->16
[2021-06-02T07:31:36.712-0400][gc,heap       ] GC(34) Humongous regions: 129->129
[2021-06-02T07:31:36.712-0400][gc,metaspace  ] GC(34) Metaspace: 37728K->37728K(1083392K)
[2021-06-02T07:31:36.712-0400][gc            ] GC(34) Pause Young (Normal) (G1 Evacuation Pause) 756M->146M(1024M) 5,170ms
[2021-06-02T07:31:36.712-0400][gc,cpu        ] GC(34) User=0,05s Sys=0,00s Real=0,01s
[2021-06-02T09:20:27.217-0400][gc,start      ] GC(35) Pause Young (Normal) (G1 Evacuation Pause)
[2021-06-02T09:20:27.217-0400][gc,task       ] GC(35) Using 15 workers of 15 for evacuation
[2021-06-02T09:20:27.223-0400][gc,phases     ] GC(35)   Pre Evacuate Collection Set: 0,1ms
[2021-06-02T09:20:27.223-0400][gc,phases     ] GC(35)   Evacuate Collection Set: 3,6ms
[2021-06-02T09:20:27.223-0400][gc,phases     ] GC(35)   Post Evacuate Collection Set: 1,2ms
[2021-06-02T09:20:27.223-0400][gc,phases     ] GC(35)   Other: 0,4ms
[2021-06-02T09:20:27.223-0400][gc,heap       ] GC(35) Eden regions: 610->0(610)
[2021-06-02T09:20:27.223-0400][gc,heap       ] GC(35) Survivor regions: 4->4(77)
[2021-06-02T09:20:27.223-0400][gc,heap       ] GC(35) Old regions: 16->16
[2021-06-02T09:20:27.223-0400][gc,heap       ] GC(35) Humongous regions: 129->129
[2021-06-02T09:20:27.223-0400][gc,metaspace  ] GC(35) Metaspace: 37728K->37728K(1083392K)
[2021-06-02T09:20:27.223-0400][gc            ] GC(35) Pause Young (Normal) (G1 Evacuation Pause) 756M->146M(1024M) 5,532ms
[2021-06-02T09:20:27.223-0400][gc,cpu        ] GC(35) User=0,06s Sys=0,00s Real=0,00s
[2021-06-02T10:50:42.894-0400][gc,start      ] GC(36) Pause Young (Normal) (G1 Evacuation Pause)
[2021-06-02T10:50:42.894-0400][gc,task       ] GC(36) Using 15 workers of 15 for evacuation
[2021-06-02T10:50:42.899-0400][gc,phases     ] GC(36)   Pre Evacuate Collection Set: 0,1ms
[2021-06-02T10:50:42.899-0400][gc,phases     ] GC(36)   Evacuate Collection Set: 2,7ms
[2021-06-02T10:50:42.899-0400][gc,phases     ] GC(36)   Post Evacuate Collection Set: 1,9ms
[2021-06-02T10:50:42.899-0400][gc,phases     ] GC(36)   Other: 0,4ms
[2021-06-02T10:50:42.899-0400][gc,heap       ] GC(36) Eden regions: 610->0(611)
[2021-06-02T10:50:42.899-0400][gc,heap       ] GC(36) Survivor regions: 4->3(77)
[2021-06-02T10:50:42.899-0400][gc,heap       ] GC(36) Old regions: 16->16
[2021-06-02T10:50:42.899-0400][gc,heap       ] GC(36) Humongous regions: 129->129
[2021-06-02T10:50:42.899-0400][gc,metaspace  ] GC(36) Metaspace: 37732K->37732K(1083392K)
[2021-06-02T10:50:42.899-0400][gc            ] GC(36) Pause Young (Normal) (G1 Evacuation Pause) 756M->145M(1024M) 5,185ms
[2021-06-02T10:50:42.899-0400][gc,cpu        ] GC(36) User=0,05s Sys=0,00s Real=0,01s
[2021-06-02T12:11:30.347-0400][gc,start      ] GC(37) Pause Young (Normal) (G1 Evacuation Pause)
[2021-06-02T12:11:30.347-0400][gc,task       ] GC(37) Using 15 workers of 15 for evacuation
[2021-06-02T12:11:30.351-0400][gc,phases     ] GC(37)   Pre Evacuate Collection Set: 0,1ms
[2021-06-02T12:11:30.351-0400][gc,phases     ] GC(37)   Evacuate Collection Set: 2,6ms
[2021-06-02T12:11:30.351-0400][gc,phases     ] GC(37)   Post Evacuate Collection Set: 1,2ms
[2021-06-02T12:11:30.352-0400][gc,phases     ] GC(37)   Other: 0,4ms
[2021-06-02T12:11:30.352-0400][gc,heap       ] GC(37) Eden regions: 611->0(611)
[2021-06-02T12:11:30.352-0400][gc,heap       ] GC(37) Survivor regions: 3->3(77)
[2021-06-02T12:11:30.352-0400][gc,heap       ] GC(37) Old regions: 16->16
[2021-06-02T12:11:30.352-0400][gc,heap       ] GC(37) Humongous regions: 129->129
[2021-06-02T12:11:30.352-0400][gc,metaspace  ] GC(37) Metaspace: 37742K->37742K(1083392K)
[2021-06-02T12:11:30.352-0400][gc            ] GC(37) Pause Young (Normal) (G1 Evacuation Pause) 756M->145M(1024M) 4,522ms
[2021-06-02T12:11:30.352-0400][gc,cpu        ] GC(37) User=0,04s Sys=0,00s Real=0,01s
[2021-06-02T13:33:13.498-0400][gc,start      ] GC(38) Pause Young (Normal) (G1 Evacuation Pause)
[2021-06-02T13:33:13.498-0400][gc,task       ] GC(38) Using 15 workers of 15 for evacuation
[2021-06-02T13:33:13.502-0400][gc,phases     ] GC(38)   Pre Evacuate Collection Set: 0,1ms
[2021-06-02T13:33:13.503-0400][gc,phases     ] GC(38)   Evacuate Collection Set: 3,1ms
[2021-06-02T13:33:13.503-0400][gc,phases     ] GC(38)   Post Evacuate Collection Set: 1,2ms
[2021-06-02T13:33:13.503-0400][gc,phases     ] GC(38)   Other: 0,4ms
[2021-06-02T13:33:13.503-0400][gc,heap       ] GC(38) Eden regions: 611->0(610)
[2021-06-02T13:33:13.503-0400][gc,heap       ] GC(38) Survivor regions: 3->4(77)
[2021-06-02T13:33:13.503-0400][gc,heap       ] GC(38) Old regions: 16->16
[2021-06-02T13:33:13.503-0400][gc,heap       ] GC(38) Humongous regions: 129->129
[2021-06-02T13:33:13.503-0400][gc,metaspace  ] GC(38) Metaspace: 37742K->37742K(1083392K)
[2021-06-02T13:33:13.503-0400][gc            ] GC(38) Pause Young (Normal) (G1 Evacuation Pause) 756M->146M(1024M) 4,997ms
[2021-06-02T13:33:13.503-0400][gc,cpu        ] GC(38) User=0,05s Sys=0,00s Real=0,00s
