[2021-05-25T11:18:29.266-0400][gc,heap] Heap region size: 1M
[2021-05-25T11:18:29.284-0400][gc     ] Using G1
[2021-05-25T11:18:29.284-0400][gc,heap,coops] Heap address: 0x00000000c0000000, size: 1024 MB, Compressed Oops mode: 32-bit
[2021-05-25T11:18:29.285-0400][gc,cds       ] Mark closed archive regions in map: [0x00000000ffc00000, 0x00000000ffc6aff8]
[2021-05-25T11:18:29.285-0400][gc,cds       ] Mark open archive regions in map: [0x00000000ff800000, 0x00000000ff846ff8]
[2021-05-25T11:18:30.082-0400][gc,start     ] GC(0) Pause Young (Normal) (G1 Evacuation Pause)
[2021-05-25T11:18:30.084-0400][gc,task      ] GC(0) Using 15 workers of 15 for evacuation
[2021-05-25T11:18:30.091-0400][gc,phases    ] GC(0)   Pre Evacuate Collection Set: 0,0ms
[2021-05-25T11:18:30.091-0400][gc,phases    ] GC(0)   Evacuate Collection Set: 5,9ms
[2021-05-25T11:18:30.091-0400][gc,phases    ] GC(0)   Post Evacuate Collection Set: 0,7ms
[2021-05-25T11:18:30.091-0400][gc,phases    ] GC(0)   Other: 2,2ms
[2021-05-25T11:18:30.091-0400][gc,heap      ] GC(0) Eden regions: 51->0(44)
[2021-05-25T11:18:30.091-0400][gc,heap      ] GC(0) Survivor regions: 0->7(7)
[2021-05-25T11:18:30.091-0400][gc,heap      ] GC(0) Old regions: 2->2
[2021-05-25T11:18:30.091-0400][gc,heap      ] GC(0) Humongous regions: 0->0
[2021-05-25T11:18:30.091-0400][gc,metaspace ] GC(0) Metaspace: 16381K->16381K(1064960K)
[2021-05-25T11:18:30.091-0400][gc           ] GC(0) Pause Young (Normal) (G1 Evacuation Pause) 51M->7M(1024M) 8,961ms
[2021-05-25T11:18:30.091-0400][gc,cpu       ] GC(0) User=0,06s Sys=0,02s Real=0,01s
[2021-05-25T11:18:30.318-0400][gc,start     ] GC(1) Pause Young (Concurrent Start) (Metadata GC Threshold)
[2021-05-25T11:18:30.318-0400][gc,task      ] GC(1) Using 15 workers of 15 for evacuation
[2021-05-25T11:18:30.329-0400][gc,phases    ] GC(1)   Pre Evacuate Collection Set: 0,1ms
[2021-05-25T11:18:30.329-0400][gc,phases    ] GC(1)   Evacuate Collection Set: 10,0ms
[2021-05-25T11:18:30.329-0400][gc,phases    ] GC(1)   Post Evacuate Collection Set: 0,6ms
[2021-05-25T11:18:30.329-0400][gc,phases    ] GC(1)   Other: 0,4ms
[2021-05-25T11:18:30.329-0400][gc,heap      ] GC(1) Eden regions: 19->0(49)
[2021-05-25T11:18:30.329-0400][gc,heap      ] GC(1) Survivor regions: 7->2(7)
[2021-05-25T11:18:30.329-0400][gc,heap      ] GC(1) Old regions: 2->9
[2021-05-25T11:18:30.329-0400][gc,heap      ] GC(1) Humongous regions: 129->129
[2021-05-25T11:18:30.329-0400][gc,metaspace ] GC(1) Metaspace: 20571K->20571K(1067008K)
[2021-05-25T11:18:30.329-0400][gc           ] GC(1) Pause Young (Concurrent Start) (Metadata GC Threshold) 154M->137M(1024M) 11,174ms
[2021-05-25T11:18:30.329-0400][gc,cpu       ] GC(1) User=0,10s Sys=0,01s Real=0,01s
[2021-05-25T11:18:30.329-0400][gc           ] GC(2) Concurrent Cycle
[2021-05-25T11:18:30.329-0400][gc,marking   ] GC(2) Concurrent Clear Claimed Marks
[2021-05-25T11:18:30.329-0400][gc,marking   ] GC(2) Concurrent Clear Claimed Marks 0,036ms
[2021-05-25T11:18:30.329-0400][gc,marking   ] GC(2) Concurrent Scan Root Regions
[2021-05-25T11:18:30.331-0400][gc,marking   ] GC(2) Concurrent Scan Root Regions 1,543ms
[2021-05-25T11:18:30.331-0400][gc,marking   ] GC(2) Concurrent Mark (1,071s)
[2021-05-25T11:18:30.331-0400][gc,marking   ] GC(2) Concurrent Mark From Roots
[2021-05-25T11:18:30.331-0400][gc,task      ] GC(2) Using 4 workers of 4 for marking
[2021-05-25T11:18:30.340-0400][gc,marking   ] GC(2) Concurrent Mark From Roots 9,140ms
[2021-05-25T11:18:30.340-0400][gc,marking   ] GC(2) Concurrent Preclean
[2021-05-25T11:18:30.340-0400][gc,marking   ] GC(2) Concurrent Preclean 0,423ms
[2021-05-25T11:18:30.340-0400][gc,marking   ] GC(2) Concurrent Mark (1,071s, 1,081s) 9,640ms
[2021-05-25T11:18:30.340-0400][gc,start     ] GC(2) Pause Remark
[2021-05-25T11:18:30.342-0400][gc,stringtable] GC(2) Cleaned string and symbol table, strings: 4909 processed, 0 removed, symbols: 49668 processed, 49 removed
[2021-05-25T11:18:30.342-0400][gc            ] GC(2) Pause Remark 138M->138M(1024M) 2,006ms
[2021-05-25T11:18:30.343-0400][gc,cpu        ] GC(2) User=0,01s Sys=0,00s Real=0,01s
[2021-05-25T11:18:30.343-0400][gc,marking    ] GC(2) Concurrent Rebuild Remembered Sets
[2021-05-25T11:18:30.347-0400][gc,marking    ] GC(2) Concurrent Rebuild Remembered Sets 4,127ms
[2021-05-25T11:18:30.347-0400][gc,start      ] GC(2) Pause Cleanup
[2021-05-25T11:18:30.347-0400][gc            ] GC(2) Pause Cleanup 139M->139M(1024M) 0,381ms
[2021-05-25T11:18:30.347-0400][gc,cpu        ] GC(2) User=0,00s Sys=0,00s Real=0,00s
[2021-05-25T11:18:30.347-0400][gc,marking    ] GC(2) Concurrent Cleanup for Next Mark
[2021-05-25T11:18:30.351-0400][gc,marking    ] GC(2) Concurrent Cleanup for Next Mark 3,940ms
[2021-05-25T11:18:30.351-0400][gc            ] GC(2) Concurrent Cycle 22,368ms
[2021-05-25T11:24:51.333-0400][gc,start      ] GC(3) Pause Young (Normal) (G1 Evacuation Pause)
[2021-05-25T11:24:51.333-0400][gc,task       ] GC(3) Using 15 workers of 15 for evacuation
[2021-05-25T11:24:51.338-0400][gc,phases     ] GC(3)   Pre Evacuate Collection Set: 0,0ms
[2021-05-25T11:24:51.338-0400][gc,phases     ] GC(3)   Evacuate Collection Set: 4,1ms
[2021-05-25T11:24:51.338-0400][gc,phases     ] GC(3)   Post Evacuate Collection Set: 0,9ms
[2021-05-25T11:24:51.338-0400][gc,phases     ] GC(3)   Other: 0,3ms
[2021-05-25T11:24:51.338-0400][gc,heap       ] GC(3) Eden regions: 49->0(46)
[2021-05-25T11:24:51.339-0400][gc,heap       ] GC(3) Survivor regions: 2->5(7)
[2021-05-25T11:24:51.339-0400][gc,heap       ] GC(3) Old regions: 9->9
[2021-05-25T11:24:51.339-0400][gc,heap       ] GC(3) Humongous regions: 129->129
[2021-05-25T11:24:51.339-0400][gc,metaspace  ] GC(3) Metaspace: 29582K->29582K(1075200K)
[2021-05-25T11:24:51.339-0400][gc            ] GC(3) Pause Young (Normal) (G1 Evacuation Pause) 186M->140M(1024M) 5,587ms
[2021-05-25T11:24:51.339-0400][gc,cpu        ] GC(3) User=0,06s Sys=0,00s Real=0,00s
[2021-05-25T12:46:45.654-0400][gc,start      ] GC(4) Pause Young (Normal) (G1 Evacuation Pause)
[2021-05-25T12:46:45.654-0400][gc,task       ] GC(4) Using 15 workers of 15 for evacuation
[2021-05-25T12:46:45.660-0400][gc,phases     ] GC(4)   Pre Evacuate Collection Set: 0,0ms
[2021-05-25T12:46:45.660-0400][gc,phases     ] GC(4)   Evacuate Collection Set: 4,1ms
[2021-05-25T12:46:45.660-0400][gc,phases     ] GC(4)   Post Evacuate Collection Set: 0,9ms
[2021-05-25T12:46:45.660-0400][gc,phases     ] GC(4)   Other: 0,7ms
[2021-05-25T12:46:45.660-0400][gc,heap       ] GC(4) Eden regions: 46->0(47)
[2021-05-25T12:46:45.660-0400][gc,heap       ] GC(4) Survivor regions: 5->4(7)
[2021-05-25T12:46:45.660-0400][gc,heap       ] GC(4) Old regions: 9->10
[2021-05-25T12:46:45.660-0400][gc,heap       ] GC(4) Humongous regions: 129->129
[2021-05-25T12:46:45.660-0400][gc,metaspace  ] GC(4) Metaspace: 30047K->30047K(1077248K)
[2021-05-25T12:46:45.660-0400][gc            ] GC(4) Pause Young (Normal) (G1 Evacuation Pause) 186M->140M(1024M) 5,956ms
[2021-05-25T12:46:45.660-0400][gc,cpu        ] GC(4) User=0,06s Sys=0,00s Real=0,00s
[2021-05-25T14:10:19.636-0400][gc,start      ] GC(5) Pause Young (Normal) (G1 Evacuation Pause)
[2021-05-25T14:10:19.636-0400][gc,task       ] GC(5) Using 15 workers of 15 for evacuation
[2021-05-25T14:10:19.641-0400][gc,phases     ] GC(5)   Pre Evacuate Collection Set: 0,0ms
[2021-05-25T14:10:19.641-0400][gc,phases     ] GC(5)   Evacuate Collection Set: 3,2ms
[2021-05-25T14:10:19.641-0400][gc,phases     ] GC(5)   Post Evacuate Collection Set: 1,0ms
[2021-05-25T14:10:19.641-0400][gc,phases     ] GC(5)   Other: 0,4ms
[2021-05-25T14:10:19.641-0400][gc,heap       ] GC(5) Eden regions: 47->0(50)
[2021-05-25T14:10:19.641-0400][gc,heap       ] GC(5) Survivor regions: 4->1(7)
[2021-05-25T14:10:19.641-0400][gc,heap       ] GC(5) Old regions: 10->13
[2021-05-25T14:10:19.641-0400][gc,heap       ] GC(5) Humongous regions: 129->129
[2021-05-25T14:10:19.641-0400][gc,metaspace  ] GC(5) Metaspace: 30145K->30145K(1077248K)
[2021-05-25T14:10:19.641-0400][gc            ] GC(5) Pause Young (Normal) (G1 Evacuation Pause) 187M->141M(1024M) 4,770ms
[2021-05-25T14:10:19.641-0400][gc,cpu        ] GC(5) User=0,05s Sys=0,00s Real=0,00s
[2021-05-25T15:32:51.040-0400][gc,start      ] GC(6) Pause Young (Normal) (G1 Evacuation Pause)
[2021-05-25T15:32:51.040-0400][gc,task       ] GC(6) Using 15 workers of 15 for evacuation
[2021-05-25T15:32:51.042-0400][gc,phases     ] GC(6)   Pre Evacuate Collection Set: 0,0ms
[2021-05-25T15:32:51.042-0400][gc,phases     ] GC(6)   Evacuate Collection Set: 1,4ms
[2021-05-25T15:32:51.042-0400][gc,phases     ] GC(6)   Post Evacuate Collection Set: 0,5ms
[2021-05-25T15:32:51.043-0400][gc,phases     ] GC(6)   Other: 0,3ms
[2021-05-25T15:32:51.043-0400][gc,heap       ] GC(6) Eden regions: 50->0(50)
[2021-05-25T15:32:51.043-0400][gc,heap       ] GC(6) Survivor regions: 1->1(7)
[2021-05-25T15:32:51.043-0400][gc,heap       ] GC(6) Old regions: 13->13
[2021-05-25T15:32:51.043-0400][gc,heap       ] GC(6) Humongous regions: 129->129
[2021-05-25T15:32:51.043-0400][gc,metaspace  ] GC(6) Metaspace: 31236K->31236K(1077248K)
[2021-05-25T15:32:51.043-0400][gc            ] GC(6) Pause Young (Normal) (G1 Evacuation Pause) 191M->141M(1024M) 2,345ms
[2021-05-25T15:32:51.043-0400][gc,cpu        ] GC(6) User=0,02s Sys=0,00s Real=0,01s
[2021-05-25T16:14:31.098-0400][gc,start      ] GC(7) Pause Young (Normal) (G1 Evacuation Pause)
[2021-05-25T16:14:31.098-0400][gc,task       ] GC(7) Using 15 workers of 15 for evacuation
[2021-05-25T16:14:31.101-0400][gc,phases     ] GC(7)   Pre Evacuate Collection Set: 0,1ms
[2021-05-25T16:14:31.102-0400][gc,phases     ] GC(7)   Evacuate Collection Set: 2,2ms
[2021-05-25T16:14:31.102-0400][gc,phases     ] GC(7)   Post Evacuate Collection Set: 1,1ms
[2021-05-25T16:14:31.102-0400][gc,phases     ] GC(7)   Other: 0,3ms
[2021-05-25T16:14:31.102-0400][gc,heap       ] GC(7) Eden regions: 50->0(52)
[2021-05-25T16:14:31.102-0400][gc,heap       ] GC(7) Survivor regions: 1->1(7)
[2021-05-25T16:14:31.102-0400][gc,heap       ] GC(7) Old regions: 13->13
[2021-05-25T16:14:31.102-0400][gc,heap       ] GC(7) Humongous regions: 129->129
[2021-05-25T16:14:31.102-0400][gc,metaspace  ] GC(7) Metaspace: 33678K->33678K(1079296K)
[2021-05-25T16:14:31.102-0400][gc            ] GC(7) Pause Young (Normal) (G1 Evacuation Pause) 191M->141M(1024M) 3,877ms
[2021-05-25T16:14:31.102-0400][gc,cpu        ] GC(7) User=0,02s Sys=0,01s Real=0,01s
[2021-05-25T16:39:11.722-0400][gc,start      ] GC(8) Pause Young (Concurrent Start) (Metadata GC Threshold)
[2021-05-25T16:39:11.722-0400][gc,task       ] GC(8) Using 15 workers of 15 for evacuation
[2021-05-25T16:39:11.727-0400][gc,phases     ] GC(8)   Pre Evacuate Collection Set: 0,2ms
[2021-05-25T16:39:11.727-0400][gc,phases     ] GC(8)   Evacuate Collection Set: 1,9ms
[2021-05-25T16:39:11.727-0400][gc,phases     ] GC(8)   Post Evacuate Collection Set: 2,4ms
[2021-05-25T16:39:11.727-0400][gc,phases     ] GC(8)   Other: 0,4ms
[2021-05-25T16:39:11.727-0400][gc,heap       ] GC(8) Eden regions: 26->0(50)
[2021-05-25T16:39:11.727-0400][gc,heap       ] GC(8) Survivor regions: 1->1(7)
[2021-05-25T16:39:11.727-0400][gc,heap       ] GC(8) Old regions: 13->13
[2021-05-25T16:39:11.727-0400][gc,heap       ] GC(8) Humongous regions: 129->129
[2021-05-25T16:39:11.727-0400][gc,metaspace  ] GC(8) Metaspace: 33865K->33865K(1079296K)
[2021-05-25T16:39:11.728-0400][gc            ] GC(8) Pause Young (Concurrent Start) (Metadata GC Threshold) 167M->141M(1024M) 5,167ms
[2021-05-25T16:39:11.728-0400][gc,cpu        ] GC(8) User=0,05s Sys=0,00s Real=0,00s
[2021-05-25T16:39:11.728-0400][gc            ] GC(9) Concurrent Cycle
[2021-05-25T16:39:11.728-0400][gc,marking    ] GC(9) Concurrent Clear Claimed Marks
[2021-05-25T16:39:11.728-0400][gc,marking    ] GC(9) Concurrent Clear Claimed Marks 0,103ms
[2021-05-25T16:39:11.728-0400][gc,marking    ] GC(9) Concurrent Scan Root Regions
[2021-05-25T16:39:11.729-0400][gc,marking    ] GC(9) Concurrent Scan Root Regions 1,324ms
[2021-05-25T16:39:11.729-0400][gc,marking    ] GC(9) Concurrent Mark (19242,470s)
[2021-05-25T16:39:11.729-0400][gc,marking    ] GC(9) Concurrent Mark From Roots
[2021-05-25T16:39:11.729-0400][gc,task       ] GC(9) Using 4 workers of 4 for marking
[2021-05-25T16:39:11.734-0400][gc,marking    ] GC(9) Concurrent Mark From Roots 5,276ms
[2021-05-25T16:39:11.734-0400][gc,marking    ] GC(9) Concurrent Preclean
[2021-05-25T16:39:11.735-0400][gc,marking    ] GC(9) Concurrent Preclean 0,558ms
[2021-05-25T16:39:11.735-0400][gc,marking    ] GC(9) Concurrent Mark (19242,470s, 19242,476s) 5,914ms
[2021-05-25T16:39:11.735-0400][gc,start      ] GC(9) Pause Remark
[2021-05-25T16:39:11.742-0400][gc,stringtable] GC(9) Cleaned string and symbol table, strings: 9924 processed, 332 removed, symbols: 74646 processed, 21 removed
[2021-05-25T16:39:11.742-0400][gc            ] GC(9) Pause Remark 141M->141M(1024M) 6,901ms
[2021-05-25T16:39:11.742-0400][gc,cpu        ] GC(9) User=0,06s Sys=0,00s Real=0,01s
[2021-05-25T16:39:11.742-0400][gc,marking    ] GC(9) Concurrent Rebuild Remembered Sets
[2021-05-25T16:39:11.748-0400][gc,marking    ] GC(9) Concurrent Rebuild Remembered Sets 6,130ms
[2021-05-25T16:39:11.749-0400][gc,start      ] GC(9) Pause Cleanup
[2021-05-25T16:39:11.749-0400][gc            ] GC(9) Pause Cleanup 142M->142M(1024M) 0,145ms
[2021-05-25T16:39:11.749-0400][gc,cpu        ] GC(9) User=0,00s Sys=0,00s Real=0,00s
[2021-05-25T16:39:11.749-0400][gc,marking    ] GC(9) Concurrent Cleanup for Next Mark
[2021-05-25T16:39:11.751-0400][gc,marking    ] GC(9) Concurrent Cleanup for Next Mark 2,117ms
[2021-05-25T16:39:11.751-0400][gc            ] GC(9) Concurrent Cycle 23,557ms
[2021-05-25T16:45:31.314-0400][gc,start      ] GC(10) Pause Young (Normal) (G1 Evacuation Pause)
[2021-05-25T16:45:31.314-0400][gc,task       ] GC(10) Using 15 workers of 15 for evacuation
[2021-05-25T16:45:31.321-0400][gc,phases     ] GC(10)   Pre Evacuate Collection Set: 0,1ms
[2021-05-25T16:45:31.321-0400][gc,phases     ] GC(10)   Evacuate Collection Set: 4,8ms
[2021-05-25T16:45:31.321-0400][gc,phases     ] GC(10)   Post Evacuate Collection Set: 1,4ms
[2021-05-25T16:45:31.321-0400][gc,phases     ] GC(10)   Other: 0,4ms
[2021-05-25T16:45:31.321-0400][gc,heap       ] GC(10) Eden regions: 50->0(46)
[2021-05-25T16:45:31.321-0400][gc,heap       ] GC(10) Survivor regions: 1->5(7)
[2021-05-25T16:45:31.321-0400][gc,heap       ] GC(10) Old regions: 13->13
[2021-05-25T16:45:31.321-0400][gc,heap       ] GC(10) Humongous regions: 129->129
[2021-05-25T16:45:31.321-0400][gc,metaspace  ] GC(10) Metaspace: 36226K->36226K(1081344K)
[2021-05-25T16:45:31.321-0400][gc            ] GC(10) Pause Young (Normal) (G1 Evacuation Pause) 191M->145M(1024M) 6,820ms
[2021-05-25T16:45:31.321-0400][gc,cpu        ] GC(10) User=0,08s Sys=0,00s Real=0,00s
[2021-05-25T16:57:00.263-0400][gc,start      ] GC(11) Pause Young (Normal) (G1 Evacuation Pause)
[2021-05-25T16:57:00.263-0400][gc,task       ] GC(11) Using 15 workers of 15 for evacuation
[2021-05-25T16:57:00.269-0400][gc,phases     ] GC(11)   Pre Evacuate Collection Set: 0,1ms
[2021-05-25T16:57:00.269-0400][gc,phases     ] GC(11)   Evacuate Collection Set: 4,4ms
[2021-05-25T16:57:00.269-0400][gc,phases     ] GC(11)   Post Evacuate Collection Set: 1,0ms
[2021-05-25T16:57:00.269-0400][gc,phases     ] GC(11)   Other: 0,4ms
[2021-05-25T16:57:00.269-0400][gc,heap       ] GC(11) Eden regions: 46->0(51)
[2021-05-25T16:57:00.269-0400][gc,heap       ] GC(11) Survivor regions: 5->2(7)
[2021-05-25T16:57:00.269-0400][gc,heap       ] GC(11) Old regions: 13->16
[2021-05-25T16:57:00.269-0400][gc,heap       ] GC(11) Humongous regions: 129->129
[2021-05-25T16:57:00.269-0400][gc,metaspace  ] GC(11) Metaspace: 36384K->36384K(1081344K)
[2021-05-25T16:57:00.269-0400][gc            ] GC(11) Pause Young (Normal) (G1 Evacuation Pause) 191M->145M(1024M) 6,082ms
[2021-05-25T16:57:00.269-0400][gc,cpu        ] GC(11) User=0,06s Sys=0,01s Real=0,00s
[2021-05-25T17:10:15.595-0400][gc,start      ] GC(12) Pause Young (Normal) (G1 Evacuation Pause)
[2021-05-25T17:10:15.596-0400][gc,task       ] GC(12) Using 15 workers of 15 for evacuation
[2021-05-25T17:10:15.601-0400][gc,phases     ] GC(12)   Pre Evacuate Collection Set: 0,1ms
[2021-05-25T17:10:15.601-0400][gc,phases     ] GC(12)   Evacuate Collection Set: 4,6ms
[2021-05-25T17:10:15.601-0400][gc,phases     ] GC(12)   Post Evacuate Collection Set: 0,7ms
[2021-05-25T17:10:15.601-0400][gc,phases     ] GC(12)   Other: 0,4ms
[2021-05-25T17:10:15.601-0400][gc,heap       ] GC(12) Eden regions: 51->0(54)
[2021-05-25T17:10:15.601-0400][gc,heap       ] GC(12) Survivor regions: 2->5(7)
[2021-05-25T17:10:15.601-0400][gc,heap       ] GC(12) Old regions: 16->16
[2021-05-25T17:10:15.601-0400][gc,heap       ] GC(12) Humongous regions: 129->129
[2021-05-25T17:10:15.601-0400][gc,metaspace  ] GC(12) Metaspace: 36425K->36425K(1081344K)
[2021-05-25T17:10:15.602-0400][gc            ] GC(12) Pause Young (Normal) (G1 Evacuation Pause) 196M->147M(1024M) 6,075ms
[2021-05-25T17:10:15.602-0400][gc,cpu        ] GC(12) User=0,07s Sys=0,00s Real=0,00s
[2021-05-25T17:24:13.698-0400][gc,start      ] GC(13) Pause Young (Normal) (G1 Evacuation Pause)
[2021-05-25T17:24:13.698-0400][gc,task       ] GC(13) Using 15 workers of 15 for evacuation
[2021-05-25T17:24:13.706-0400][gc,phases     ] GC(13)   Pre Evacuate Collection Set: 0,1ms
[2021-05-25T17:24:13.706-0400][gc,phases     ] GC(13)   Evacuate Collection Set: 7,0ms
[2021-05-25T17:24:13.706-0400][gc,phases     ] GC(13)   Post Evacuate Collection Set: 0,8ms
[2021-05-25T17:24:13.706-0400][gc,phases     ] GC(13)   Other: 0,4ms
[2021-05-25T17:24:13.706-0400][gc,heap       ] GC(13) Eden regions: 54->0(116)
[2021-05-25T17:24:13.707-0400][gc,heap       ] GC(13) Survivor regions: 5->6(8)
[2021-05-25T17:24:13.707-0400][gc,heap       ] GC(13) Old regions: 16->17
[2021-05-25T17:24:13.707-0400][gc,heap       ] GC(13) Humongous regions: 129->129
[2021-05-25T17:24:13.707-0400][gc,metaspace  ] GC(13) Metaspace: 36686K->36686K(1083392K)
[2021-05-25T17:24:13.707-0400][gc            ] GC(13) Pause Young (Normal) (G1 Evacuation Pause) 201M->150M(1024M) 8,447ms
[2021-05-25T17:24:13.707-0400][gc,cpu        ] GC(13) User=0,08s Sys=0,02s Real=0,01s
[2021-05-25T17:51:26.098-0400][gc,start      ] GC(14) Pause Young (Normal) (G1 Evacuation Pause)
[2021-05-25T17:51:26.098-0400][gc,task       ] GC(14) Using 15 workers of 15 for evacuation
[2021-05-25T17:51:26.112-0400][gc,phases     ] GC(14)   Pre Evacuate Collection Set: 0,1ms
[2021-05-25T17:51:26.112-0400][gc,phases     ] GC(14)   Evacuate Collection Set: 12,4ms
[2021-05-25T17:51:26.112-0400][gc,phases     ] GC(14)   Post Evacuate Collection Set: 0,7ms
[2021-05-25T17:51:26.112-0400][gc,phases     ] GC(14)   Other: 0,4ms
[2021-05-25T17:51:26.112-0400][gc,heap       ] GC(14) Eden regions: 116->0(89)
[2021-05-25T17:51:26.112-0400][gc,heap       ] GC(14) Survivor regions: 6->11(16)
[2021-05-25T17:51:26.112-0400][gc,heap       ] GC(14) Old regions: 17->17
[2021-05-25T17:51:26.112-0400][gc,heap       ] GC(14) Humongous regions: 129->129
[2021-05-25T17:51:26.112-0400][gc,metaspace  ] GC(14) Metaspace: 36724K->36724K(1083392K)
[2021-05-25T17:51:26.112-0400][gc            ] GC(14) Pause Young (Normal) (G1 Evacuation Pause) 266M->155M(1024M) 13,683ms
[2021-05-25T17:51:26.112-0400][gc,cpu        ] GC(14) User=0,18s Sys=0,00s Real=0,02s
[2021-05-25T18:06:23.027-0400][gc,start      ] GC(15) Pause Young (Normal) (G1 Evacuation Pause)
[2021-05-25T18:06:23.027-0400][gc,task       ] GC(15) Using 15 workers of 15 for evacuation
[2021-05-25T18:06:23.041-0400][gc,phases     ] GC(15)   Pre Evacuate Collection Set: 0,1ms
[2021-05-25T18:06:23.041-0400][gc,phases     ] GC(15)   Evacuate Collection Set: 13,3ms
[2021-05-25T18:06:23.041-0400][gc,phases     ] GC(15)   Post Evacuate Collection Set: 0,8ms
[2021-05-25T18:06:23.041-0400][gc,phases     ] GC(15)   Other: 0,4ms
[2021-05-25T18:06:23.041-0400][gc,heap       ] GC(15) Eden regions: 89->0(100)
[2021-05-25T18:06:23.041-0400][gc,heap       ] GC(15) Survivor regions: 11->6(13)
[2021-05-25T18:06:23.041-0400][gc,heap       ] GC(15) Old regions: 17->22
[2021-05-25T18:06:23.041-0400][gc,heap       ] GC(15) Humongous regions: 129->129
[2021-05-25T18:06:23.041-0400][gc,metaspace  ] GC(15) Metaspace: 37046K->37046K(1083392K)
[2021-05-25T18:06:23.042-0400][gc            ] GC(15) Pause Young (Normal) (G1 Evacuation Pause) 244M->155M(1024M) 14,691ms
[2021-05-25T18:06:23.042-0400][gc,cpu        ] GC(15) User=0,20s Sys=0,00s Real=0,01s
[2021-05-25T18:21:13.400-0400][gc,start      ] GC(16) Pause Young (Normal) (G1 Evacuation Pause)
[2021-05-25T18:21:13.401-0400][gc,task       ] GC(16) Using 15 workers of 15 for evacuation
[2021-05-25T18:21:13.408-0400][gc,phases     ] GC(16)   Pre Evacuate Collection Set: 0,1ms
[2021-05-25T18:21:13.408-0400][gc,phases     ] GC(16)   Evacuate Collection Set: 5,8ms
[2021-05-25T18:21:13.408-0400][gc,phases     ] GC(16)   Post Evacuate Collection Set: 1,0ms
[2021-05-25T18:21:13.408-0400][gc,phases     ] GC(16)   Other: 0,7ms
[2021-05-25T18:21:13.408-0400][gc,heap       ] GC(16) Eden regions: 100->0(118)
[2021-05-25T18:21:13.408-0400][gc,heap       ] GC(16) Survivor regions: 6->7(14)
[2021-05-25T18:21:13.408-0400][gc,heap       ] GC(16) Old regions: 22->22
[2021-05-25T18:21:13.408-0400][gc,heap       ] GC(16) Humongous regions: 129->129
[2021-05-25T18:21:13.408-0400][gc,metaspace  ] GC(16) Metaspace: 37173K->37173K(1083392K)
[2021-05-25T18:21:13.408-0400][gc            ] GC(16) Pause Young (Normal) (G1 Evacuation Pause) 255M->155M(1024M) 7,649ms
[2021-05-25T18:21:13.408-0400][gc,cpu        ] GC(16) User=0,09s Sys=0,00s Real=0,01s
[2021-05-25T18:38:42.781-0400][gc,start      ] GC(17) Pause Young (Normal) (G1 Evacuation Pause)
[2021-05-25T18:38:42.781-0400][gc,task       ] GC(17) Using 15 workers of 15 for evacuation
[2021-05-25T18:38:42.788-0400][gc,phases     ] GC(17)   Pre Evacuate Collection Set: 0,1ms
[2021-05-25T18:38:42.789-0400][gc,phases     ] GC(17)   Evacuate Collection Set: 5,7ms
[2021-05-25T18:38:42.789-0400][gc,phases     ] GC(17)   Post Evacuate Collection Set: 1,0ms
[2021-05-25T18:38:42.789-0400][gc,phases     ] GC(17)   Other: 0,4ms
[2021-05-25T18:38:42.789-0400][gc,heap       ] GC(17) Eden regions: 118->0(213)
[2021-05-25T18:38:42.789-0400][gc,heap       ] GC(17) Survivor regions: 7->7(16)
[2021-05-25T18:38:42.789-0400][gc,heap       ] GC(17) Old regions: 22->22
[2021-05-25T18:38:42.789-0400][gc,heap       ] GC(17) Humongous regions: 129->129
[2021-05-25T18:38:42.789-0400][gc,metaspace  ] GC(17) Metaspace: 37334K->37334K(1083392K)
[2021-05-25T18:38:42.789-0400][gc            ] GC(17) Pause Young (Normal) (G1 Evacuation Pause) 273M->155M(1024M) 7,312ms
[2021-05-25T18:38:42.789-0400][gc,cpu        ] GC(17) User=0,08s Sys=0,00s Real=0,01s
[2021-05-25T19:09:42.798-0400][gc,start      ] GC(18) Pause Young (Normal) (G1 Evacuation Pause)
[2021-05-25T19:09:42.798-0400][gc,task       ] GC(18) Using 15 workers of 15 for evacuation
[2021-05-25T19:09:42.806-0400][gc,phases     ] GC(18)   Pre Evacuate Collection Set: 0,1ms
[2021-05-25T19:09:42.806-0400][gc,phases     ] GC(18)   Evacuate Collection Set: 6,1ms
[2021-05-25T19:09:42.806-0400][gc,phases     ] GC(18)   Post Evacuate Collection Set: 1,1ms
[2021-05-25T19:09:42.806-0400][gc,phases     ] GC(18)   Other: 0,5ms
[2021-05-25T19:09:42.806-0400][gc,heap       ] GC(18) Eden regions: 211->0(256)
[2021-05-25T19:09:42.806-0400][gc,heap       ] GC(18) Survivor regions: 7->7(28)
[2021-05-25T19:09:42.806-0400][gc,heap       ] GC(18) Old regions: 22->22
[2021-05-25T19:09:42.806-0400][gc,heap       ] GC(18) Humongous regions: 129->129
[2021-05-25T19:09:42.806-0400][gc,metaspace  ] GC(18) Metaspace: 37472K->37472K(1083392K)
[2021-05-25T19:09:42.806-0400][gc            ] GC(18) Pause Young (Normal) (G1 Evacuation Pause) 366M->156M(1024M) 7,974ms
[2021-05-25T19:09:42.806-0400][gc,cpu        ] GC(18) User=0,09s Sys=0,00s Real=0,01s
[2021-05-25T19:47:15.825-0400][gc,start      ] GC(19) Pause Young (Normal) (G1 Evacuation Pause)
[2021-05-25T19:47:15.825-0400][gc,task       ] GC(19) Using 15 workers of 15 for evacuation
[2021-05-25T19:47:15.834-0400][gc,phases     ] GC(19)   Pre Evacuate Collection Set: 0,1ms
[2021-05-25T19:47:15.834-0400][gc,phases     ] GC(19)   Evacuate Collection Set: 7,4ms
[2021-05-25T19:47:15.834-0400][gc,phases     ] GC(19)   Post Evacuate Collection Set: 1,1ms
[2021-05-25T19:47:15.834-0400][gc,phases     ] GC(19)   Other: 0,5ms
[2021-05-25T19:47:15.834-0400][gc,heap       ] GC(19) Eden regions: 255->0(408)
[2021-05-25T19:47:15.834-0400][gc,heap       ] GC(19) Survivor regions: 7->7(33)
[2021-05-25T19:47:15.834-0400][gc,heap       ] GC(19) Old regions: 22->22
[2021-05-25T19:47:15.834-0400][gc,heap       ] GC(19) Humongous regions: 129->129
[2021-05-25T19:47:15.834-0400][gc,metaspace  ] GC(19) Metaspace: 37515K->37515K(1083392K)
[2021-05-25T19:47:15.834-0400][gc            ] GC(19) Pause Young (Normal) (G1 Evacuation Pause) 411M->155M(1024M) 9,409ms
[2021-05-25T19:47:15.834-0400][gc,cpu        ] GC(19) User=0,10s Sys=0,00s Real=0,01s
[2021-05-25T20:47:14.843-0400][gc,start      ] GC(20) Pause Young (Normal) (G1 Evacuation Pause)
[2021-05-25T20:47:14.843-0400][gc,task       ] GC(20) Using 15 workers of 15 for evacuation
[2021-05-25T20:47:14.852-0400][gc,phases     ] GC(20)   Pre Evacuate Collection Set: 0,0ms
[2021-05-25T20:47:14.852-0400][gc,phases     ] GC(20)   Evacuate Collection Set: 7,2ms
[2021-05-25T20:47:14.852-0400][gc,phases     ] GC(20)   Post Evacuate Collection Set: 1,3ms
[2021-05-25T20:47:14.852-0400][gc,phases     ] GC(20)   Other: 0,5ms
[2021-05-25T20:47:14.852-0400][gc,heap       ] GC(20) Eden regions: 406->0(455)
[2021-05-25T20:47:14.852-0400][gc,heap       ] GC(20) Survivor regions: 7->7(52)
[2021-05-25T20:47:14.852-0400][gc,heap       ] GC(20) Old regions: 22->22
[2021-05-25T20:47:14.852-0400][gc,heap       ] GC(20) Humongous regions: 129->129
[2021-05-25T20:47:14.852-0400][gc,metaspace  ] GC(20) Metaspace: 37534K->37534K(1083392K)
[2021-05-25T20:47:14.852-0400][gc            ] GC(20) Pause Young (Normal) (G1 Evacuation Pause) 561M->156M(1024M) 9,252ms
[2021-05-25T20:47:14.852-0400][gc,cpu        ] GC(20) User=0,10s Sys=0,00s Real=0,01s
[2021-05-25T21:54:26.097-0400][gc,start      ] GC(21) Pause Young (Normal) (G1 Evacuation Pause)
[2021-05-25T21:54:26.098-0400][gc,task       ] GC(21) Using 15 workers of 15 for evacuation
[2021-05-25T21:54:26.106-0400][gc,phases     ] GC(21)   Pre Evacuate Collection Set: 0,1ms
[2021-05-25T21:54:26.106-0400][gc,phases     ] GC(21)   Evacuate Collection Set: 6,5ms
[2021-05-25T21:54:26.106-0400][gc,phases     ] GC(21)   Post Evacuate Collection Set: 1,4ms
[2021-05-25T21:54:26.106-0400][gc,phases     ] GC(21)   Other: 0,5ms
[2021-05-25T21:54:26.106-0400][gc,heap       ] GC(21) Eden regions: 454->0(476)
[2021-05-25T21:54:26.106-0400][gc,heap       ] GC(21) Survivor regions: 7->7(58)
[2021-05-25T21:54:26.106-0400][gc,heap       ] GC(21) Old regions: 22->22
[2021-05-25T21:54:26.106-0400][gc,heap       ] GC(21) Humongous regions: 129->129
[2021-05-25T21:54:26.106-0400][gc,metaspace  ] GC(21) Metaspace: 37543K->37543K(1083392K)
[2021-05-25T21:54:26.106-0400][gc            ] GC(21) Pause Young (Normal) (G1 Evacuation Pause) 610M->156M(1024M) 8,586ms
[2021-05-25T21:54:26.106-0400][gc,cpu        ] GC(21) User=0,10s Sys=0,01s Real=0,01s
[2021-05-25T23:04:43.504-0400][gc,start      ] GC(22) Pause Young (Normal) (G1 Evacuation Pause)
[2021-05-25T23:04:43.505-0400][gc,task       ] GC(22) Using 15 workers of 15 for evacuation
[2021-05-25T23:04:43.512-0400][gc,phases     ] GC(22)   Pre Evacuate Collection Set: 0,1ms
[2021-05-25T23:04:43.512-0400][gc,phases     ] GC(22)   Evacuate Collection Set: 5,5ms
[2021-05-25T23:04:43.512-0400][gc,phases     ] GC(22)   Post Evacuate Collection Set: 1,5ms
[2021-05-25T23:04:43.512-0400][gc,phases     ] GC(22)   Other: 0,4ms
[2021-05-25T23:04:43.512-0400][gc,heap       ] GC(22) Eden regions: 476->0(553)
[2021-05-25T23:04:43.512-0400][gc,heap       ] GC(22) Survivor regions: 7->7(61)
[2021-05-25T23:04:43.512-0400][gc,heap       ] GC(22) Old regions: 22->22
[2021-05-25T23:04:43.512-0400][gc,heap       ] GC(22) Humongous regions: 129->129
[2021-05-25T23:04:43.512-0400][gc,metaspace  ] GC(22) Metaspace: 37571K->37571K(1083392K)
[2021-05-25T23:04:43.512-0400][gc            ] GC(22) Pause Young (Normal) (G1 Evacuation Pause) 632M->155M(1024M) 7,651ms
[2021-05-25T23:04:43.512-0400][gc,cpu        ] GC(22) User=0,09s Sys=0,00s Real=0,01s
[2021-05-26T00:26:36.008-0400][gc,start      ] GC(23) Pause Young (Normal) (G1 Evacuation Pause)
[2021-05-26T00:26:36.008-0400][gc,task       ] GC(23) Using 15 workers of 15 for evacuation
[2021-05-26T00:26:36.016-0400][gc,phases     ] GC(23)   Pre Evacuate Collection Set: 0,0ms
[2021-05-26T00:26:36.016-0400][gc,phases     ] GC(23)   Evacuate Collection Set: 5,6ms
[2021-05-26T00:26:36.016-0400][gc,phases     ] GC(23)   Post Evacuate Collection Set: 1,6ms
[2021-05-26T00:26:36.016-0400][gc,phases     ] GC(23)   Other: 0,5ms
[2021-05-26T00:26:36.016-0400][gc,heap       ] GC(23) Eden regions: 552->0(607)
[2021-05-26T00:26:36.016-0400][gc,heap       ] GC(23) Survivor regions: 7->7(70)
[2021-05-26T00:26:36.016-0400][gc,heap       ] GC(23) Old regions: 22->22
[2021-05-26T00:26:36.016-0400][gc,heap       ] GC(23) Humongous regions: 129->129
[2021-05-26T00:26:36.016-0400][gc,metaspace  ] GC(23) Metaspace: 37611K->37611K(1083392K)
[2021-05-26T00:26:36.016-0400][gc            ] GC(23) Pause Young (Normal) (G1 Evacuation Pause) 707M->155M(1024M) 7,921ms
[2021-05-26T00:26:36.016-0400][gc,cpu        ] GC(23) User=0,09s Sys=0,00s Real=0,01s
[2021-05-26T01:56:14.458-0400][gc,start      ] GC(24) Pause Young (Normal) (G1 Evacuation Pause)
[2021-05-26T01:56:14.459-0400][gc,task       ] GC(24) Using 15 workers of 15 for evacuation
[2021-05-26T01:56:14.468-0400][gc,phases     ] GC(24)   Pre Evacuate Collection Set: 0,0ms
[2021-05-26T01:56:14.468-0400][gc,phases     ] GC(24)   Evacuate Collection Set: 7,7ms
[2021-05-26T01:56:14.468-0400][gc,phases     ] GC(24)   Post Evacuate Collection Set: 1,5ms
[2021-05-26T01:56:14.468-0400][gc,phases     ] GC(24)   Other: 0,7ms
[2021-05-26T01:56:14.468-0400][gc,heap       ] GC(24) Eden regions: 607->0(607)
[2021-05-26T01:56:14.468-0400][gc,heap       ] GC(24) Survivor regions: 7->7(77)
[2021-05-26T01:56:14.468-0400][gc,heap       ] GC(24) Old regions: 22->22
[2021-05-26T01:56:14.468-0400][gc,heap       ] GC(24) Humongous regions: 129->129
[2021-05-26T01:56:14.468-0400][gc,metaspace  ] GC(24) Metaspace: 37635K->37635K(1083392K)
[2021-05-26T01:56:14.468-0400][gc            ] GC(24) Pause Young (Normal) (G1 Evacuation Pause) 762M->156M(1024M) 10,164ms
[2021-05-26T01:56:14.468-0400][gc,cpu        ] GC(24) User=0,11s Sys=0,00s Real=0,01s
[2021-05-26T03:26:14.547-0400][gc,start      ] GC(25) Pause Young (Normal) (G1 Evacuation Pause)
[2021-05-26T03:26:14.547-0400][gc,task       ] GC(25) Using 15 workers of 15 for evacuation
[2021-05-26T03:26:14.555-0400][gc,phases     ] GC(25)   Pre Evacuate Collection Set: 0,0ms
[2021-05-26T03:26:14.555-0400][gc,phases     ] GC(25)   Evacuate Collection Set: 6,5ms
[2021-05-26T03:26:14.555-0400][gc,phases     ] GC(25)   Post Evacuate Collection Set: 1,5ms
[2021-05-26T03:26:14.555-0400][gc,phases     ] GC(25)   Other: 0,4ms
[2021-05-26T03:26:14.555-0400][gc,heap       ] GC(25) Eden regions: 607->0(606)
[2021-05-26T03:26:14.555-0400][gc,heap       ] GC(25) Survivor regions: 7->8(77)
[2021-05-26T03:26:14.555-0400][gc,heap       ] GC(25) Old regions: 22->22
[2021-05-26T03:26:14.555-0400][gc,heap       ] GC(25) Humongous regions: 129->129
[2021-05-26T03:26:14.555-0400][gc,metaspace  ] GC(25) Metaspace: 37668K->37668K(1083392K)
[2021-05-26T03:26:14.555-0400][gc            ] GC(25) Pause Young (Normal) (G1 Evacuation Pause) 763M->156M(1024M) 8,804ms
[2021-05-26T03:26:14.555-0400][gc,cpu        ] GC(25) User=0,10s Sys=0,01s Real=0,01s
[2021-05-26T04:55:59.515-0400][gc,start      ] GC(26) Pause Young (Normal) (G1 Evacuation Pause)
[2021-05-26T04:55:59.516-0400][gc,task       ] GC(26) Using 15 workers of 15 for evacuation
[2021-05-26T04:55:59.524-0400][gc,phases     ] GC(26)   Pre Evacuate Collection Set: 0,1ms
[2021-05-26T04:55:59.524-0400][gc,phases     ] GC(26)   Evacuate Collection Set: 6,7ms
[2021-05-26T04:55:59.524-0400][gc,phases     ] GC(26)   Post Evacuate Collection Set: 1,4ms
[2021-05-26T04:55:59.524-0400][gc,phases     ] GC(26)   Other: 0,4ms
[2021-05-26T04:55:59.524-0400][gc,heap       ] GC(26) Eden regions: 606->0(607)
[2021-05-26T04:55:59.524-0400][gc,heap       ] GC(26) Survivor regions: 8->7(77)
[2021-05-26T04:55:59.524-0400][gc,heap       ] GC(26) Old regions: 22->22
[2021-05-26T04:55:59.524-0400][gc,heap       ] GC(26) Humongous regions: 129->129
[2021-05-26T04:55:59.524-0400][gc,metaspace  ] GC(26) Metaspace: 37676K->37676K(1083392K)
[2021-05-26T04:55:59.524-0400][gc            ] GC(26) Pause Young (Normal) (G1 Evacuation Pause) 762M->155M(1024M) 8,824ms
[2021-05-26T04:55:59.524-0400][gc,cpu        ] GC(26) User=0,10s Sys=0,00s Real=0,01s
[2021-05-26T06:26:04.310-0400][gc,start      ] GC(27) Pause Young (Normal) (G1 Evacuation Pause)
[2021-05-26T06:26:04.310-0400][gc,task       ] GC(27) Using 15 workers of 15 for evacuation
[2021-05-26T06:26:04.318-0400][gc,phases     ] GC(27)   Pre Evacuate Collection Set: 0,1ms
[2021-05-26T06:26:04.318-0400][gc,phases     ] GC(27)   Evacuate Collection Set: 5,9ms
[2021-05-26T06:26:04.318-0400][gc,phases     ] GC(27)   Post Evacuate Collection Set: 1,5ms
[2021-05-26T06:26:04.318-0400][gc,phases     ] GC(27)   Other: 0,5ms
[2021-05-26T06:26:04.318-0400][gc,heap       ] GC(27) Eden regions: 607->0(607)
[2021-05-26T06:26:04.318-0400][gc,heap       ] GC(27) Survivor regions: 7->7(77)
[2021-05-26T06:26:04.318-0400][gc,heap       ] GC(27) Old regions: 22->22
[2021-05-26T06:26:04.318-0400][gc,heap       ] GC(27) Humongous regions: 129->129
[2021-05-26T06:26:04.318-0400][gc,metaspace  ] GC(27) Metaspace: 37681K->37681K(1083392K)
[2021-05-26T06:26:04.318-0400][gc            ] GC(27) Pause Young (Normal) (G1 Evacuation Pause) 762M->156M(1024M) 8,078ms
[2021-05-26T06:26:04.318-0400][gc,cpu        ] GC(27) User=0,10s Sys=0,00s Real=0,00s
[2021-05-26T07:55:53.164-0400][gc,start      ] GC(28) Pause Young (Normal) (G1 Evacuation Pause)
[2021-05-26T07:55:53.164-0400][gc,task       ] GC(28) Using 15 workers of 15 for evacuation
[2021-05-26T07:55:53.173-0400][gc,phases     ] GC(28)   Pre Evacuate Collection Set: 0,0ms
[2021-05-26T07:55:53.173-0400][gc,phases     ] GC(28)   Evacuate Collection Set: 6,9ms
[2021-05-26T07:55:53.173-0400][gc,phases     ] GC(28)   Post Evacuate Collection Set: 1,4ms
[2021-05-26T07:55:53.173-0400][gc,phases     ] GC(28)   Other: 0,4ms
[2021-05-26T07:55:53.173-0400][gc,heap       ] GC(28) Eden regions: 607->0(607)
[2021-05-26T07:55:53.173-0400][gc,heap       ] GC(28) Survivor regions: 7->7(77)
[2021-05-26T07:55:53.173-0400][gc,heap       ] GC(28) Old regions: 22->22
[2021-05-26T07:55:53.173-0400][gc,heap       ] GC(28) Humongous regions: 129->129
[2021-05-26T07:55:53.173-0400][gc,metaspace  ] GC(28) Metaspace: 37753K->37753K(1083392K)
[2021-05-26T07:55:53.173-0400][gc            ] GC(28) Pause Young (Normal) (G1 Evacuation Pause) 763M->156M(1024M) 8,926ms
[2021-05-26T07:55:53.173-0400][gc,cpu        ] GC(28) User=0,10s Sys=0,00s Real=0,01s
[2021-05-26T09:26:00.263-0400][gc,start      ] GC(29) Pause Young (Normal) (G1 Evacuation Pause)
[2021-05-26T09:26:00.263-0400][gc,task       ] GC(29) Using 15 workers of 15 for evacuation
[2021-05-26T09:26:00.272-0400][gc,phases     ] GC(29)   Pre Evacuate Collection Set: 0,1ms
[2021-05-26T09:26:00.272-0400][gc,phases     ] GC(29)   Evacuate Collection Set: 6,6ms
[2021-05-26T09:26:00.272-0400][gc,phases     ] GC(29)   Post Evacuate Collection Set: 1,5ms
[2021-05-26T09:26:00.272-0400][gc,phases     ] GC(29)   Other: 0,5ms
[2021-05-26T09:26:00.272-0400][gc,heap       ] GC(29) Eden regions: 607->0(609)
[2021-05-26T09:26:00.272-0400][gc,heap       ] GC(29) Survivor regions: 7->5(77)
[2021-05-26T09:26:00.272-0400][gc,heap       ] GC(29) Old regions: 22->25
[2021-05-26T09:26:00.272-0400][gc,heap       ] GC(29) Humongous regions: 129->129
[2021-05-26T09:26:00.272-0400][gc,metaspace  ] GC(29) Metaspace: 37782K->37782K(1083392K)
[2021-05-26T09:26:00.272-0400][gc            ] GC(29) Pause Young (Normal) (G1 Evacuation Pause) 763M->156M(1024M) 8,880ms
[2021-05-26T09:26:00.272-0400][gc,cpu        ] GC(29) User=0,11s Sys=0,00s Real=0,01s
[2021-05-26T10:56:06.098-0400][gc,start      ] GC(30) Pause Young (Normal) (G1 Evacuation Pause)
[2021-05-26T10:56:06.098-0400][gc,task       ] GC(30) Using 15 workers of 15 for evacuation
[2021-05-26T10:56:06.103-0400][gc,phases     ] GC(30)   Pre Evacuate Collection Set: 0,1ms
[2021-05-26T10:56:06.103-0400][gc,phases     ] GC(30)   Evacuate Collection Set: 3,2ms
[2021-05-26T10:56:06.103-0400][gc,phases     ] GC(30)   Post Evacuate Collection Set: 1,2ms
[2021-05-26T10:56:06.103-0400][gc,phases     ] GC(30)   Other: 0,5ms
[2021-05-26T10:56:06.103-0400][gc,heap       ] GC(30) Eden regions: 609->0(610)
[2021-05-26T10:56:06.103-0400][gc,heap       ] GC(30) Survivor regions: 5->4(77)
[2021-05-26T10:56:06.103-0400][gc,heap       ] GC(30) Old regions: 25->26
[2021-05-26T10:56:06.103-0400][gc,heap       ] GC(30) Humongous regions: 129->129
[2021-05-26T10:56:06.103-0400][gc,metaspace  ] GC(30) Metaspace: 37788K->37788K(1083392K)
[2021-05-26T10:56:06.103-0400][gc            ] GC(30) Pause Young (Normal) (G1 Evacuation Pause) 765M->155M(1024M) 5,204ms
[2021-05-26T10:56:06.103-0400][gc,cpu        ] GC(30) User=0,05s Sys=0,00s Real=0,01s
[2021-05-26T12:26:57.566-0400][gc,start      ] GC(31) Pause Young (Normal) (G1 Evacuation Pause)
[2021-05-26T12:26:57.566-0400][gc,task       ] GC(31) Using 15 workers of 15 for evacuation
[2021-05-26T12:26:57.572-0400][gc,phases     ] GC(31)   Pre Evacuate Collection Set: 0,1ms
[2021-05-26T12:26:57.572-0400][gc,phases     ] GC(31)   Evacuate Collection Set: 4,2ms
[2021-05-26T12:26:57.572-0400][gc,phases     ] GC(31)   Post Evacuate Collection Set: 1,2ms
[2021-05-26T12:26:57.572-0400][gc,phases     ] GC(31)   Other: 0,5ms
[2021-05-26T12:26:57.572-0400][gc,heap       ] GC(31) Eden regions: 610->0(610)
[2021-05-26T12:26:57.572-0400][gc,heap       ] GC(31) Survivor regions: 4->4(77)
[2021-05-26T12:26:57.572-0400][gc,heap       ] GC(31) Old regions: 26->26
[2021-05-26T12:26:57.572-0400][gc,heap       ] GC(31) Humongous regions: 129->129
[2021-05-26T12:26:57.572-0400][gc,metaspace  ] GC(31) Metaspace: 37789K->37789K(1083392K)
[2021-05-26T12:26:57.572-0400][gc            ] GC(31) Pause Young (Normal) (G1 Evacuation Pause) 765M->156M(1024M) 6,074ms
[2021-05-26T12:26:57.573-0400][gc,cpu        ] GC(31) User=0,07s Sys=0,00s Real=0,01s
[2021-05-26T13:57:15.877-0400][gc,start      ] GC(32) Pause Young (Normal) (G1 Evacuation Pause)
[2021-05-26T13:57:15.877-0400][gc,task       ] GC(32) Using 15 workers of 15 for evacuation
[2021-05-26T13:57:15.881-0400][gc,phases     ] GC(32)   Pre Evacuate Collection Set: 0,0ms
[2021-05-26T13:57:15.881-0400][gc,phases     ] GC(32)   Evacuate Collection Set: 2,4ms
[2021-05-26T13:57:15.881-0400][gc,phases     ] GC(32)   Post Evacuate Collection Set: 1,0ms
[2021-05-26T13:57:15.881-0400][gc,phases     ] GC(32)   Other: 0,4ms
[2021-05-26T13:57:15.881-0400][gc,heap       ] GC(32) Eden regions: 610->0(611)
[2021-05-26T13:57:15.881-0400][gc,heap       ] GC(32) Survivor regions: 4->3(77)
[2021-05-26T13:57:15.881-0400][gc,heap       ] GC(32) Old regions: 26->26
[2021-05-26T13:57:15.881-0400][gc,heap       ] GC(32) Humongous regions: 129->129
[2021-05-26T13:57:15.881-0400][gc,metaspace  ] GC(32) Metaspace: 37800K->37800K(1083392K)
[2021-05-26T13:57:15.881-0400][gc            ] GC(32) Pause Young (Normal) (G1 Evacuation Pause) 766M->155M(1024M) 3,969ms
[2021-05-26T13:57:15.881-0400][gc,cpu        ] GC(32) User=0,04s Sys=0,00s Real=0,00s
[2021-05-26T15:24:00.516-0400][gc,start      ] GC(33) Pause Young (Normal) (G1 Evacuation Pause)
[2021-05-26T15:24:00.516-0400][gc,task       ] GC(33) Using 15 workers of 15 for evacuation
[2021-05-26T15:24:00.521-0400][gc,phases     ] GC(33)   Pre Evacuate Collection Set: 0,1ms
[2021-05-26T15:24:00.521-0400][gc,phases     ] GC(33)   Evacuate Collection Set: 3,2ms
[2021-05-26T15:24:00.521-0400][gc,phases     ] GC(33)   Post Evacuate Collection Set: 1,2ms
[2021-05-26T15:24:00.521-0400][gc,phases     ] GC(33)   Other: 0,4ms
[2021-05-26T15:24:00.521-0400][gc,heap       ] GC(33) Eden regions: 611->0(610)
[2021-05-26T15:24:00.521-0400][gc,heap       ] GC(33) Survivor regions: 3->4(77)
[2021-05-26T15:24:00.521-0400][gc,heap       ] GC(33) Old regions: 26->26
[2021-05-26T15:24:00.521-0400][gc,heap       ] GC(33) Humongous regions: 129->129
[2021-05-26T15:24:00.521-0400][gc,metaspace  ] GC(33) Metaspace: 37839K->37839K(1083392K)
[2021-05-26T15:24:00.521-0400][gc            ] GC(33) Pause Young (Normal) (G1 Evacuation Pause) 766M->156M(1024M) 5,112ms
[2021-05-26T15:24:00.521-0400][gc,cpu        ] GC(33) User=0,05s Sys=0,00s Real=0,00s
[2021-05-26T16:22:58.791-0400][gc,start      ] GC(34) Pause Young (Normal) (G1 Evacuation Pause)
[2021-05-26T16:22:58.791-0400][gc,task       ] GC(34) Using 15 workers of 15 for evacuation
[2021-05-26T16:22:58.797-0400][gc,phases     ] GC(34)   Pre Evacuate Collection Set: 0,1ms
[2021-05-26T16:22:58.797-0400][gc,phases     ] GC(34)   Evacuate Collection Set: 3,8ms
[2021-05-26T16:22:58.797-0400][gc,phases     ] GC(34)   Post Evacuate Collection Set: 1,4ms
[2021-05-26T16:22:58.797-0400][gc,phases     ] GC(34)   Other: 0,5ms
[2021-05-26T16:22:58.797-0400][gc,heap       ] GC(34) Eden regions: 610->0(610)
[2021-05-26T16:22:58.797-0400][gc,heap       ] GC(34) Survivor regions: 4->4(77)
[2021-05-26T16:22:58.797-0400][gc,heap       ] GC(34) Old regions: 26->26
[2021-05-26T16:22:58.797-0400][gc,heap       ] GC(34) Humongous regions: 129->129
[2021-05-26T16:22:58.797-0400][gc,metaspace  ] GC(34) Metaspace: 37840K->37840K(1083392K)
[2021-05-26T16:22:58.797-0400][gc            ] GC(34) Pause Young (Normal) (G1 Evacuation Pause) 766M->156M(1024M) 5,943ms
[2021-05-26T16:22:58.797-0400][gc,cpu        ] GC(34) User=0,07s Sys=0,00s Real=0,00s
[2021-05-26T17:22:06.554-0400][gc,start      ] GC(35) Pause Young (Normal) (G1 Evacuation Pause)
[2021-05-26T17:22:06.555-0400][gc,task       ] GC(35) Using 15 workers of 15 for evacuation
[2021-05-26T17:22:06.557-0400][gc,phases     ] GC(35)   Pre Evacuate Collection Set: 0,0ms
[2021-05-26T17:22:06.557-0400][gc,phases     ] GC(35)   Evacuate Collection Set: 1,8ms
[2021-05-26T17:22:06.557-0400][gc,phases     ] GC(35)   Post Evacuate Collection Set: 0,7ms
[2021-05-26T17:22:06.557-0400][gc,phases     ] GC(35)   Other: 0,3ms
[2021-05-26T17:22:06.557-0400][gc,heap       ] GC(35) Eden regions: 610->0(610)
[2021-05-26T17:22:06.557-0400][gc,heap       ] GC(35) Survivor regions: 4->4(77)
[2021-05-26T17:22:06.557-0400][gc,heap       ] GC(35) Old regions: 26->26
[2021-05-26T17:22:06.557-0400][gc,heap       ] GC(35) Humongous regions: 129->129
[2021-05-26T17:22:06.557-0400][gc,metaspace  ] GC(35) Metaspace: 37840K->37840K(1083392K)
[2021-05-26T17:22:06.557-0400][gc            ] GC(35) Pause Young (Normal) (G1 Evacuation Pause) 766M->156M(1024M) 2,948ms
[2021-05-26T17:22:06.557-0400][gc,cpu        ] GC(35) User=0,02s Sys=0,01s Real=0,00s
[2021-05-26T18:30:54.491-0400][gc,start      ] GC(36) Pause Young (Normal) (G1 Evacuation Pause)
[2021-05-26T18:30:54.492-0400][gc,task       ] GC(36) Using 15 workers of 15 for evacuation
[2021-05-26T18:30:54.497-0400][gc,phases     ] GC(36)   Pre Evacuate Collection Set: 0,1ms
[2021-05-26T18:30:54.498-0400][gc,phases     ] GC(36)   Evacuate Collection Set: 4,3ms
[2021-05-26T18:30:54.498-0400][gc,phases     ] GC(36)   Post Evacuate Collection Set: 1,3ms
[2021-05-26T18:30:54.498-0400][gc,phases     ] GC(36)   Other: 0,4ms
[2021-05-26T18:30:54.498-0400][gc,heap       ] GC(36) Eden regions: 610->0(609)
[2021-05-26T18:30:54.498-0400][gc,heap       ] GC(36) Survivor regions: 4->5(77)
[2021-05-26T18:30:54.498-0400][gc,heap       ] GC(36) Old regions: 26->26
[2021-05-26T18:30:54.498-0400][gc,heap       ] GC(36) Humongous regions: 129->129
[2021-05-26T18:30:54.498-0400][gc,metaspace  ] GC(36) Metaspace: 37875K->37875K(1083392K)
[2021-05-26T18:30:54.498-0400][gc            ] GC(36) Pause Young (Normal) (G1 Evacuation Pause) 766M->157M(1024M) 6,254ms
[2021-05-26T18:30:54.498-0400][gc,cpu        ] GC(36) User=0,07s Sys=0,00s Real=0,00s
[2021-05-26T19:43:20.384-0400][gc,start      ] GC(37) Pause Young (Normal) (G1 Evacuation Pause)
[2021-05-26T19:43:20.384-0400][gc,task       ] GC(37) Using 15 workers of 15 for evacuation
[2021-05-26T19:43:20.388-0400][gc,phases     ] GC(37)   Pre Evacuate Collection Set: 0,1ms
[2021-05-26T19:43:20.388-0400][gc,phases     ] GC(37)   Evacuate Collection Set: 3,2ms
[2021-05-26T19:43:20.388-0400][gc,phases     ] GC(37)   Post Evacuate Collection Set: 1,2ms
[2021-05-26T19:43:20.389-0400][gc,phases     ] GC(37)   Other: 0,4ms
[2021-05-26T19:43:20.389-0400][gc,heap       ] GC(37) Eden regions: 609->0(610)
[2021-05-26T19:43:20.389-0400][gc,heap       ] GC(37) Survivor regions: 5->4(77)
[2021-05-26T19:43:20.389-0400][gc,heap       ] GC(37) Old regions: 26->26
[2021-05-26T19:43:20.389-0400][gc,heap       ] GC(37) Humongous regions: 129->129
[2021-05-26T19:43:20.389-0400][gc,metaspace  ] GC(37) Metaspace: 37877K->37877K(1083392K)
[2021-05-26T19:43:20.389-0400][gc            ] GC(37) Pause Young (Normal) (G1 Evacuation Pause) 766M->156M(1024M) 5,076ms
[2021-05-26T19:43:20.389-0400][gc,cpu        ] GC(37) User=0,05s Sys=0,00s Real=0,00s
[2021-05-26T20:56:00.263-0400][gc,start      ] GC(38) Pause Young (Normal) (G1 Evacuation Pause)
[2021-05-26T20:56:00.263-0400][gc,task       ] GC(38) Using 15 workers of 15 for evacuation
[2021-05-26T20:56:00.268-0400][gc,phases     ] GC(38)   Pre Evacuate Collection Set: 0,1ms
[2021-05-26T20:56:00.268-0400][gc,phases     ] GC(38)   Evacuate Collection Set: 2,9ms
[2021-05-26T20:56:00.268-0400][gc,phases     ] GC(38)   Post Evacuate Collection Set: 1,3ms
[2021-05-26T20:56:00.268-0400][gc,phases     ] GC(38)   Other: 0,5ms
[2021-05-26T20:56:00.268-0400][gc,heap       ] GC(38) Eden regions: 610->0(610)
[2021-05-26T20:56:00.268-0400][gc,heap       ] GC(38) Survivor regions: 4->4(77)
[2021-05-26T20:56:00.268-0400][gc,heap       ] GC(38) Old regions: 26->26
[2021-05-26T20:56:00.268-0400][gc,heap       ] GC(38) Humongous regions: 129->129
[2021-05-26T20:56:00.268-0400][gc,metaspace  ] GC(38) Metaspace: 37877K->37877K(1083392K)
[2021-05-26T20:56:00.268-0400][gc            ] GC(38) Pause Young (Normal) (G1 Evacuation Pause) 766M->156M(1024M) 4,914ms
[2021-05-26T20:56:00.268-0400][gc,cpu        ] GC(38) User=0,04s Sys=0,00s Real=0,00s
[2021-05-26T22:08:36.706-0400][gc,start      ] GC(39) Pause Young (Normal) (G1 Evacuation Pause)
[2021-05-26T22:08:36.707-0400][gc,task       ] GC(39) Using 15 workers of 15 for evacuation
[2021-05-26T22:08:36.711-0400][gc,phases     ] GC(39)   Pre Evacuate Collection Set: 0,1ms
[2021-05-26T22:08:36.711-0400][gc,phases     ] GC(39)   Evacuate Collection Set: 2,8ms
[2021-05-26T22:08:36.711-0400][gc,phases     ] GC(39)   Post Evacuate Collection Set: 1,2ms
[2021-05-26T22:08:36.711-0400][gc,phases     ] GC(39)   Other: 0,4ms
[2021-05-26T22:08:36.711-0400][gc,heap       ] GC(39) Eden regions: 610->0(610)
[2021-05-26T22:08:36.711-0400][gc,heap       ] GC(39) Survivor regions: 4->4(77)
[2021-05-26T22:08:36.711-0400][gc,heap       ] GC(39) Old regions: 26->26
[2021-05-26T22:08:36.711-0400][gc,heap       ] GC(39) Humongous regions: 129->129
[2021-05-26T22:08:36.711-0400][gc,metaspace  ] GC(39) Metaspace: 37877K->37877K(1083392K)
[2021-05-26T22:08:36.711-0400][gc            ] GC(39) Pause Young (Normal) (G1 Evacuation Pause) 766M->156M(1024M) 4,732ms
[2021-05-26T22:08:36.711-0400][gc,cpu        ] GC(39) User=0,04s Sys=0,00s Real=0,01s
[2021-05-26T23:21:13.518-0400][gc,start      ] GC(40) Pause Young (Normal) (G1 Evacuation Pause)
[2021-05-26T23:21:13.518-0400][gc,task       ] GC(40) Using 15 workers of 15 for evacuation
[2021-05-26T23:21:13.523-0400][gc,phases     ] GC(40)   Pre Evacuate Collection Set: 0,1ms
[2021-05-26T23:21:13.523-0400][gc,phases     ] GC(40)   Evacuate Collection Set: 3,5ms
[2021-05-26T23:21:13.523-0400][gc,phases     ] GC(40)   Post Evacuate Collection Set: 1,3ms
[2021-05-26T23:21:13.523-0400][gc,phases     ] GC(40)   Other: 0,4ms
[2021-05-26T23:21:13.523-0400][gc,heap       ] GC(40) Eden regions: 610->0(610)
[2021-05-26T23:21:13.523-0400][gc,heap       ] GC(40) Survivor regions: 4->4(77)
[2021-05-26T23:21:13.523-0400][gc,heap       ] GC(40) Old regions: 26->26
[2021-05-26T23:21:13.523-0400][gc,heap       ] GC(40) Humongous regions: 129->129
[2021-05-26T23:21:13.523-0400][gc,metaspace  ] GC(40) Metaspace: 37877K->37877K(1083392K)
[2021-05-26T23:21:13.523-0400][gc            ] GC(40) Pause Young (Normal) (G1 Evacuation Pause) 766M->156M(1024M) 5,423ms
[2021-05-26T23:21:13.523-0400][gc,cpu        ] GC(40) User=0,05s Sys=0,00s Real=0,01s
[2021-05-27T00:33:49.885-0400][gc,start      ] GC(41) Pause Young (Normal) (G1 Evacuation Pause)
[2021-05-27T00:33:49.885-0400][gc,task       ] GC(41) Using 15 workers of 15 for evacuation
[2021-05-27T00:33:49.889-0400][gc,phases     ] GC(41)   Pre Evacuate Collection Set: 0,1ms
[2021-05-27T00:33:49.889-0400][gc,phases     ] GC(41)   Evacuate Collection Set: 2,8ms
[2021-05-27T00:33:49.889-0400][gc,phases     ] GC(41)   Post Evacuate Collection Set: 1,2ms
[2021-05-27T00:33:49.889-0400][gc,phases     ] GC(41)   Other: 0,5ms
[2021-05-27T00:33:49.889-0400][gc,heap       ] GC(41) Eden regions: 610->0(610)
[2021-05-27T00:33:49.889-0400][gc,heap       ] GC(41) Survivor regions: 4->4(77)
[2021-05-27T00:33:49.889-0400][gc,heap       ] GC(41) Old regions: 26->26
[2021-05-27T00:33:49.889-0400][gc,heap       ] GC(41) Humongous regions: 129->129
[2021-05-27T00:33:49.889-0400][gc,metaspace  ] GC(41) Metaspace: 37880K->37880K(1083392K)
[2021-05-27T00:33:49.890-0400][gc            ] GC(41) Pause Young (Normal) (G1 Evacuation Pause) 766M->156M(1024M) 4,771ms
[2021-05-27T00:33:49.890-0400][gc,cpu        ] GC(41) User=0,05s Sys=0,00s Real=0,00s
[2021-05-27T01:46:11.153-0400][gc,start      ] GC(42) Pause Young (Normal) (G1 Evacuation Pause)
[2021-05-27T01:46:11.153-0400][gc,task       ] GC(42) Using 15 workers of 15 for evacuation
[2021-05-27T01:46:11.157-0400][gc,phases     ] GC(42)   Pre Evacuate Collection Set: 0,1ms
[2021-05-27T01:46:11.157-0400][gc,phases     ] GC(42)   Evacuate Collection Set: 2,7ms
[2021-05-27T01:46:11.157-0400][gc,phases     ] GC(42)   Post Evacuate Collection Set: 1,2ms
[2021-05-27T01:46:11.157-0400][gc,phases     ] GC(42)   Other: 0,4ms
[2021-05-27T01:46:11.157-0400][gc,heap       ] GC(42) Eden regions: 610->0(610)
[2021-05-27T01:46:11.157-0400][gc,heap       ] GC(42) Survivor regions: 4->4(77)
[2021-05-27T01:46:11.157-0400][gc,heap       ] GC(42) Old regions: 26->26
[2021-05-27T01:46:11.157-0400][gc,heap       ] GC(42) Humongous regions: 129->129
[2021-05-27T01:46:11.157-0400][gc,metaspace  ] GC(42) Metaspace: 37880K->37880K(1083392K)
[2021-05-27T01:46:11.157-0400][gc            ] GC(42) Pause Young (Normal) (G1 Evacuation Pause) 766M->156M(1024M) 4,603ms
[2021-05-27T01:46:11.157-0400][gc,cpu        ] GC(42) User=0,05s Sys=0,00s Real=0,00s
[2021-05-27T02:58:51.098-0400][gc,start      ] GC(43) Pause Young (Normal) (G1 Evacuation Pause)
[2021-05-27T02:58:51.098-0400][gc,task       ] GC(43) Using 15 workers of 15 for evacuation
[2021-05-27T02:58:51.104-0400][gc,phases     ] GC(43)   Pre Evacuate Collection Set: 0,0ms
[2021-05-27T02:58:51.104-0400][gc,phases     ] GC(43)   Evacuate Collection Set: 3,9ms
[2021-05-27T02:58:51.104-0400][gc,phases     ] GC(43)   Post Evacuate Collection Set: 1,2ms
[2021-05-27T02:58:51.104-0400][gc,phases     ] GC(43)   Other: 0,7ms
[2021-05-27T02:58:51.104-0400][gc,heap       ] GC(43) Eden regions: 610->0(610)
[2021-05-27T02:58:51.104-0400][gc,heap       ] GC(43) Survivor regions: 4->4(77)
[2021-05-27T02:58:51.104-0400][gc,heap       ] GC(43) Old regions: 26->26
[2021-05-27T02:58:51.104-0400][gc,heap       ] GC(43) Humongous regions: 129->129
[2021-05-27T02:58:51.104-0400][gc,metaspace  ] GC(43) Metaspace: 37880K->37880K(1083392K)
[2021-05-27T02:58:51.104-0400][gc            ] GC(43) Pause Young (Normal) (G1 Evacuation Pause) 766M->156M(1024M) 5,994ms
[2021-05-27T02:58:51.104-0400][gc,cpu        ] GC(43) User=0,06s Sys=0,00s Real=0,01s
[2021-05-27T04:11:30.292-0400][gc,start      ] GC(44) Pause Young (Normal) (G1 Evacuation Pause)
[2021-05-27T04:11:30.293-0400][gc,task       ] GC(44) Using 15 workers of 15 for evacuation
[2021-05-27T04:11:30.297-0400][gc,phases     ] GC(44)   Pre Evacuate Collection Set: 0,1ms
[2021-05-27T04:11:30.297-0400][gc,phases     ] GC(44)   Evacuate Collection Set: 2,9ms
[2021-05-27T04:11:30.297-0400][gc,phases     ] GC(44)   Post Evacuate Collection Set: 1,2ms
[2021-05-27T04:11:30.297-0400][gc,phases     ] GC(44)   Other: 0,5ms
[2021-05-27T04:11:30.297-0400][gc,heap       ] GC(44) Eden regions: 610->0(610)
[2021-05-27T04:11:30.297-0400][gc,heap       ] GC(44) Survivor regions: 4->4(77)
[2021-05-27T04:11:30.297-0400][gc,heap       ] GC(44) Old regions: 26->26
[2021-05-27T04:11:30.297-0400][gc,heap       ] GC(44) Humongous regions: 129->129
[2021-05-27T04:11:30.297-0400][gc,metaspace  ] GC(44) Metaspace: 37880K->37880K(1083392K)
[2021-05-27T04:11:30.297-0400][gc            ] GC(44) Pause Young (Normal) (G1 Evacuation Pause) 766M->156M(1024M) 4,855ms
[2021-05-27T04:11:30.297-0400][gc,cpu        ] GC(44) User=0,05s Sys=0,00s Real=0,00s
[2021-05-27T05:24:22.522-0400][gc,start      ] GC(45) Pause Young (Normal) (G1 Evacuation Pause)
[2021-05-27T05:24:22.522-0400][gc,task       ] GC(45) Using 15 workers of 15 for evacuation
[2021-05-27T05:24:22.527-0400][gc,phases     ] GC(45)   Pre Evacuate Collection Set: 0,0ms
[2021-05-27T05:24:22.527-0400][gc,phases     ] GC(45)   Evacuate Collection Set: 3,2ms
[2021-05-27T05:24:22.527-0400][gc,phases     ] GC(45)   Post Evacuate Collection Set: 1,2ms
[2021-05-27T05:24:22.527-0400][gc,phases     ] GC(45)   Other: 0,4ms
[2021-05-27T05:24:22.527-0400][gc,heap       ] GC(45) Eden regions: 610->0(610)
[2021-05-27T05:24:22.527-0400][gc,heap       ] GC(45) Survivor regions: 4->4(77)
[2021-05-27T05:24:22.527-0400][gc,heap       ] GC(45) Old regions: 26->26
[2021-05-27T05:24:22.527-0400][gc,heap       ] GC(45) Humongous regions: 129->129
[2021-05-27T05:24:22.527-0400][gc,metaspace  ] GC(45) Metaspace: 37880K->37880K(1083392K)
[2021-05-27T05:24:22.527-0400][gc            ] GC(45) Pause Young (Normal) (G1 Evacuation Pause) 766M->156M(1024M) 4,996ms
[2021-05-27T05:24:22.527-0400][gc,cpu        ] GC(45) User=0,04s Sys=0,02s Real=0,00s
[2021-05-27T06:37:07.899-0400][gc,start      ] GC(46) Pause Young (Normal) (G1 Evacuation Pause)
[2021-05-27T06:37:07.899-0400][gc,task       ] GC(46) Using 15 workers of 15 for evacuation
[2021-05-27T06:37:07.904-0400][gc,phases     ] GC(46)   Pre Evacuate Collection Set: 0,1ms
[2021-05-27T06:37:07.904-0400][gc,phases     ] GC(46)   Evacuate Collection Set: 2,8ms
[2021-05-27T06:37:07.904-0400][gc,phases     ] GC(46)   Post Evacuate Collection Set: 1,2ms
[2021-05-27T06:37:07.904-0400][gc,phases     ] GC(46)   Other: 0,4ms
[2021-05-27T06:37:07.904-0400][gc,heap       ] GC(46) Eden regions: 610->0(610)
[2021-05-27T06:37:07.904-0400][gc,heap       ] GC(46) Survivor regions: 4->4(77)
[2021-05-27T06:37:07.904-0400][gc,heap       ] GC(46) Old regions: 26->26
[2021-05-27T06:37:07.904-0400][gc,heap       ] GC(46) Humongous regions: 129->129
[2021-05-27T06:37:07.904-0400][gc,metaspace  ] GC(46) Metaspace: 37885K->37885K(1083392K)
[2021-05-27T06:37:07.904-0400][gc            ] GC(46) Pause Young (Normal) (G1 Evacuation Pause) 766M->156M(1024M) 4,651ms
[2021-05-27T06:37:07.904-0400][gc,cpu        ] GC(46) User=0,05s Sys=0,00s Real=0,01s
[2021-05-27T07:49:28.798-0400][gc,start      ] GC(47) Pause Young (Normal) (G1 Evacuation Pause)
[2021-05-27T07:49:28.798-0400][gc,task       ] GC(47) Using 15 workers of 15 for evacuation
[2021-05-27T07:49:28.803-0400][gc,phases     ] GC(47)   Pre Evacuate Collection Set: 0,0ms
[2021-05-27T07:49:28.804-0400][gc,phases     ] GC(47)   Evacuate Collection Set: 3,7ms
[2021-05-27T07:49:28.804-0400][gc,phases     ] GC(47)   Post Evacuate Collection Set: 1,2ms
[2021-05-27T07:49:28.804-0400][gc,phases     ] GC(47)   Other: 0,4ms
[2021-05-27T07:49:28.804-0400][gc,heap       ] GC(47) Eden regions: 610->0(610)
[2021-05-27T07:49:28.804-0400][gc,heap       ] GC(47) Survivor regions: 4->4(77)
[2021-05-27T07:49:28.804-0400][gc,heap       ] GC(47) Old regions: 26->26
[2021-05-27T07:49:28.804-0400][gc,heap       ] GC(47) Humongous regions: 129->129
[2021-05-27T07:49:28.804-0400][gc,metaspace  ] GC(47) Metaspace: 37885K->37885K(1083392K)
[2021-05-27T07:49:28.804-0400][gc            ] GC(47) Pause Young (Normal) (G1 Evacuation Pause) 766M->156M(1024M) 5,609ms
[2021-05-27T07:49:28.804-0400][gc,cpu        ] GC(47) User=0,06s Sys=0,00s Real=0,01s
[2021-05-27T09:02:00.263-0400][gc,start      ] GC(48) Pause Young (Normal) (G1 Evacuation Pause)
[2021-05-27T09:02:00.263-0400][gc,task       ] GC(48) Using 15 workers of 15 for evacuation
[2021-05-27T09:02:00.268-0400][gc,phases     ] GC(48)   Pre Evacuate Collection Set: 0,1ms
[2021-05-27T09:02:00.268-0400][gc,phases     ] GC(48)   Evacuate Collection Set: 2,8ms
[2021-05-27T09:02:00.268-0400][gc,phases     ] GC(48)   Post Evacuate Collection Set: 1,3ms
[2021-05-27T09:02:00.268-0400][gc,phases     ] GC(48)   Other: 0,7ms
[2021-05-27T09:02:00.268-0400][gc,heap       ] GC(48) Eden regions: 610->0(610)
[2021-05-27T09:02:00.268-0400][gc,heap       ] GC(48) Survivor regions: 4->4(77)
[2021-05-27T09:02:00.268-0400][gc,heap       ] GC(48) Old regions: 26->26
[2021-05-27T09:02:00.268-0400][gc,heap       ] GC(48) Humongous regions: 129->129
[2021-05-27T09:02:00.268-0400][gc,metaspace  ] GC(48) Metaspace: 37886K->37886K(1083392K)
[2021-05-27T09:02:00.268-0400][gc            ] GC(48) Pause Young (Normal) (G1 Evacuation Pause) 766M->156M(1024M) 4,947ms
[2021-05-27T09:02:00.268-0400][gc,cpu        ] GC(48) User=0,05s Sys=0,00s Real=0,00s
[2021-05-27T10:15:06.098-0400][gc,start      ] GC(49) Pause Young (Normal) (G1 Evacuation Pause)
[2021-05-27T10:15:06.098-0400][gc,task       ] GC(49) Using 15 workers of 15 for evacuation
[2021-05-27T10:15:06.103-0400][gc,phases     ] GC(49)   Pre Evacuate Collection Set: 0,1ms
[2021-05-27T10:15:06.103-0400][gc,phases     ] GC(49)   Evacuate Collection Set: 3,0ms
[2021-05-27T10:15:06.103-0400][gc,phases     ] GC(49)   Post Evacuate Collection Set: 1,3ms
[2021-05-27T10:15:06.103-0400][gc,phases     ] GC(49)   Other: 0,5ms
[2021-05-27T10:15:06.103-0400][gc,heap       ] GC(49) Eden regions: 610->0(610)
[2021-05-27T10:15:06.103-0400][gc,heap       ] GC(49) Survivor regions: 4->4(77)
[2021-05-27T10:15:06.103-0400][gc,heap       ] GC(49) Old regions: 26->26
[2021-05-27T10:15:06.103-0400][gc,heap       ] GC(49) Humongous regions: 129->129
[2021-05-27T10:15:06.103-0400][gc,metaspace  ] GC(49) Metaspace: 37886K->37886K(1083392K)
[2021-05-27T10:15:06.103-0400][gc            ] GC(49) Pause Young (Normal) (G1 Evacuation Pause) 766M->156M(1024M) 4,912ms
[2021-05-27T10:15:06.103-0400][gc,cpu        ] GC(49) User=0,03s Sys=0,02s Real=0,01s
[2021-05-27T11:28:01.098-0400][gc,start      ] GC(50) Pause Young (Normal) (G1 Evacuation Pause)
[2021-05-27T11:28:01.098-0400][gc,task       ] GC(50) Using 15 workers of 15 for evacuation
[2021-05-27T11:28:01.104-0400][gc,phases     ] GC(50)   Pre Evacuate Collection Set: 0,1ms
[2021-05-27T11:28:01.104-0400][gc,phases     ] GC(50)   Evacuate Collection Set: 4,4ms
[2021-05-27T11:28:01.104-0400][gc,phases     ] GC(50)   Post Evacuate Collection Set: 1,3ms
[2021-05-27T11:28:01.104-0400][gc,phases     ] GC(50)   Other: 0,6ms
[2021-05-27T11:28:01.104-0400][gc,heap       ] GC(50) Eden regions: 610->0(610)
[2021-05-27T11:28:01.104-0400][gc,heap       ] GC(50) Survivor regions: 4->4(77)
[2021-05-27T11:28:01.104-0400][gc,heap       ] GC(50) Old regions: 26->26
[2021-05-27T11:28:01.104-0400][gc,heap       ] GC(50) Humongous regions: 129->129
[2021-05-27T11:28:01.104-0400][gc,metaspace  ] GC(50) Metaspace: 37886K->37886K(1083392K)
[2021-05-27T11:28:01.104-0400][gc            ] GC(50) Pause Young (Normal) (G1 Evacuation Pause) 766M->156M(1024M) 6,550ms
[2021-05-27T11:28:01.104-0400][gc,cpu        ] GC(50) User=0,05s Sys=0,00s Real=0,01s
[2021-05-27T12:40:21.550-0400][gc,start      ] GC(51) Pause Young (Normal) (G1 Evacuation Pause)
[2021-05-27T12:40:21.551-0400][gc,task       ] GC(51) Using 15 workers of 15 for evacuation
[2021-05-27T12:40:21.555-0400][gc,phases     ] GC(51)   Pre Evacuate Collection Set: 0,1ms
[2021-05-27T12:40:21.555-0400][gc,phases     ] GC(51)   Evacuate Collection Set: 3,3ms
[2021-05-27T12:40:21.556-0400][gc,phases     ] GC(51)   Post Evacuate Collection Set: 1,2ms
[2021-05-27T12:40:21.556-0400][gc,phases     ] GC(51)   Other: 0,5ms
[2021-05-27T12:40:21.556-0400][gc,heap       ] GC(51) Eden regions: 610->0(610)
[2021-05-27T12:40:21.556-0400][gc,heap       ] GC(51) Survivor regions: 4->4(77)
[2021-05-27T12:40:21.556-0400][gc,heap       ] GC(51) Old regions: 26->26
[2021-05-27T12:40:21.556-0400][gc,heap       ] GC(51) Humongous regions: 129->129
[2021-05-27T12:40:21.556-0400][gc,metaspace  ] GC(51) Metaspace: 37886K->37886K(1083392K)
[2021-05-27T12:40:21.556-0400][gc            ] GC(51) Pause Young (Normal) (G1 Evacuation Pause) 766M->157M(1024M) 5,264ms
[2021-05-27T12:40:21.556-0400][gc,cpu        ] GC(51) User=0,05s Sys=0,00s Real=0,00s
[2021-05-27T13:53:11.691-0400][gc,start      ] GC(52) Pause Young (Normal) (G1 Evacuation Pause)
[2021-05-27T13:53:11.692-0400][gc,task       ] GC(52) Using 15 workers of 15 for evacuation
[2021-05-27T13:53:11.697-0400][gc,phases     ] GC(52)   Pre Evacuate Collection Set: 0,1ms
[2021-05-27T13:53:11.697-0400][gc,phases     ] GC(52)   Evacuate Collection Set: 3,4ms
[2021-05-27T13:53:11.697-0400][gc,phases     ] GC(52)   Post Evacuate Collection Set: 1,2ms
[2021-05-27T13:53:11.697-0400][gc,phases     ] GC(52)   Other: 0,4ms
[2021-05-27T13:53:11.697-0400][gc,heap       ] GC(52) Eden regions: 610->0(610)
[2021-05-27T13:53:11.697-0400][gc,heap       ] GC(52) Survivor regions: 4->4(77)
[2021-05-27T13:53:11.697-0400][gc,heap       ] GC(52) Old regions: 26->26
[2021-05-27T13:53:11.697-0400][gc,heap       ] GC(52) Humongous regions: 129->129
[2021-05-27T13:53:11.697-0400][gc,metaspace  ] GC(52) Metaspace: 37886K->37886K(1083392K)
[2021-05-27T13:53:11.697-0400][gc            ] GC(52) Pause Young (Normal) (G1 Evacuation Pause) 767M->156M(1024M) 5,334ms
[2021-05-27T13:53:11.697-0400][gc,cpu        ] GC(52) User=0,06s Sys=0,00s Real=0,00s
[2021-05-27T15:06:13.161-0400][gc,start      ] GC(53) Pause Young (Normal) (G1 Evacuation Pause)
[2021-05-27T15:06:13.161-0400][gc,task       ] GC(53) Using 15 workers of 15 for evacuation
[2021-05-27T15:06:13.166-0400][gc,phases     ] GC(53)   Pre Evacuate Collection Set: 0,1ms
[2021-05-27T15:06:13.166-0400][gc,phases     ] GC(53)   Evacuate Collection Set: 3,2ms
[2021-05-27T15:06:13.166-0400][gc,phases     ] GC(53)   Post Evacuate Collection Set: 1,3ms
[2021-05-27T15:06:13.166-0400][gc,phases     ] GC(53)   Other: 0,5ms
[2021-05-27T15:06:13.166-0400][gc,heap       ] GC(53) Eden regions: 610->0(610)
[2021-05-27T15:06:13.166-0400][gc,heap       ] GC(53) Survivor regions: 4->4(77)
[2021-05-27T15:06:13.166-0400][gc,heap       ] GC(53) Old regions: 26->26
[2021-05-27T15:06:13.166-0400][gc,heap       ] GC(53) Humongous regions: 129->129
[2021-05-27T15:06:13.166-0400][gc,metaspace  ] GC(53) Metaspace: 37891K->37891K(1083392K)
[2021-05-27T15:06:13.166-0400][gc            ] GC(53) Pause Young (Normal) (G1 Evacuation Pause) 766M->156M(1024M) 5,217ms
[2021-05-27T15:06:13.166-0400][gc,cpu        ] GC(53) User=0,05s Sys=0,00s Real=0,01s
[2021-05-27T16:19:16.098-0400][gc,start      ] GC(54) Pause Young (Normal) (G1 Evacuation Pause)
[2021-05-27T16:19:16.098-0400][gc,task       ] GC(54) Using 15 workers of 15 for evacuation
[2021-05-27T16:19:16.102-0400][gc,phases     ] GC(54)   Pre Evacuate Collection Set: 0,1ms
[2021-05-27T16:19:16.103-0400][gc,phases     ] GC(54)   Evacuate Collection Set: 2,9ms
[2021-05-27T16:19:16.103-0400][gc,phases     ] GC(54)   Post Evacuate Collection Set: 1,3ms
[2021-05-27T16:19:16.103-0400][gc,phases     ] GC(54)   Other: 0,4ms
[2021-05-27T16:19:16.103-0400][gc,heap       ] GC(54) Eden regions: 610->0(610)
[2021-05-27T16:19:16.103-0400][gc,heap       ] GC(54) Survivor regions: 4->4(77)
[2021-05-27T16:19:16.103-0400][gc,heap       ] GC(54) Old regions: 26->26
[2021-05-27T16:19:16.103-0400][gc,heap       ] GC(54) Humongous regions: 129->129
[2021-05-27T16:19:16.103-0400][gc,metaspace  ] GC(54) Metaspace: 37891K->37891K(1083392K)
[2021-05-27T16:19:16.103-0400][gc            ] GC(54) Pause Young (Normal) (G1 Evacuation Pause) 766M->156M(1024M) 4,840ms
[2021-05-27T16:19:16.103-0400][gc,cpu        ] GC(54) User=0,03s Sys=0,02s Real=0,01s
[2021-05-27T17:32:26.098-0400][gc,start      ] GC(55) Pause Young (Normal) (G1 Evacuation Pause)
[2021-05-27T17:32:26.098-0400][gc,task       ] GC(55) Using 15 workers of 15 for evacuation
[2021-05-27T17:32:26.102-0400][gc,phases     ] GC(55)   Pre Evacuate Collection Set: 0,0ms
[2021-05-27T17:32:26.102-0400][gc,phases     ] GC(55)   Evacuate Collection Set: 2,8ms
[2021-05-27T17:32:26.102-0400][gc,phases     ] GC(55)   Post Evacuate Collection Set: 1,3ms
[2021-05-27T17:32:26.103-0400][gc,phases     ] GC(55)   Other: 0,4ms
[2021-05-27T17:32:26.103-0400][gc,heap       ] GC(55) Eden regions: 610->0(610)
[2021-05-27T17:32:26.103-0400][gc,heap       ] GC(55) Survivor regions: 4->4(77)
[2021-05-27T17:32:26.103-0400][gc,heap       ] GC(55) Old regions: 26->26
[2021-05-27T17:32:26.103-0400][gc,heap       ] GC(55) Humongous regions: 129->129
[2021-05-27T17:32:26.103-0400][gc,metaspace  ] GC(55) Metaspace: 37891K->37891K(1083392K)
[2021-05-27T17:32:26.103-0400][gc            ] GC(55) Pause Young (Normal) (G1 Evacuation Pause) 766M->156M(1024M) 4,720ms
[2021-05-27T17:32:26.103-0400][gc,cpu        ] GC(55) User=0,03s Sys=0,02s Real=0,01s
[2021-05-27T18:44:44.361-0400][gc,start      ] GC(56) Pause Young (Normal) (G1 Evacuation Pause)
[2021-05-27T18:44:44.362-0400][gc,task       ] GC(56) Using 15 workers of 15 for evacuation
[2021-05-27T18:44:44.367-0400][gc,phases     ] GC(56)   Pre Evacuate Collection Set: 0,1ms
[2021-05-27T18:44:44.367-0400][gc,phases     ] GC(56)   Evacuate Collection Set: 3,8ms
[2021-05-27T18:44:44.367-0400][gc,phases     ] GC(56)   Post Evacuate Collection Set: 1,2ms
[2021-05-27T18:44:44.367-0400][gc,phases     ] GC(56)   Other: 0,6ms
[2021-05-27T18:44:44.367-0400][gc,heap       ] GC(56) Eden regions: 610->0(610)
[2021-05-27T18:44:44.367-0400][gc,heap       ] GC(56) Survivor regions: 4->4(77)
[2021-05-27T18:44:44.367-0400][gc,heap       ] GC(56) Old regions: 26->26
[2021-05-27T18:44:44.367-0400][gc,heap       ] GC(56) Humongous regions: 129->129
[2021-05-27T18:44:44.367-0400][gc,metaspace  ] GC(56) Metaspace: 37891K->37891K(1083392K)
[2021-05-27T18:44:44.367-0400][gc            ] GC(56) Pause Young (Normal) (G1 Evacuation Pause) 766M->157M(1024M) 5,844ms
[2021-05-27T18:44:44.367-0400][gc,cpu        ] GC(56) User=0,06s Sys=0,00s Real=0,01s
[2021-05-27T19:57:23.661-0400][gc,start      ] GC(57) Pause Young (Normal) (G1 Evacuation Pause)
[2021-05-27T19:57:23.661-0400][gc,task       ] GC(57) Using 15 workers of 15 for evacuation
[2021-05-27T19:57:23.666-0400][gc,phases     ] GC(57)   Pre Evacuate Collection Set: 0,0ms
[2021-05-27T19:57:23.666-0400][gc,phases     ] GC(57)   Evacuate Collection Set: 3,0ms
[2021-05-27T19:57:23.666-0400][gc,phases     ] GC(57)   Post Evacuate Collection Set: 1,2ms
[2021-05-27T19:57:23.666-0400][gc,phases     ] GC(57)   Other: 0,4ms
[2021-05-27T19:57:23.666-0400][gc,heap       ] GC(57) Eden regions: 610->0(610)
[2021-05-27T19:57:23.666-0400][gc,heap       ] GC(57) Survivor regions: 4->4(77)
[2021-05-27T19:57:23.666-0400][gc,heap       ] GC(57) Old regions: 26->26
[2021-05-27T19:57:23.666-0400][gc,heap       ] GC(57) Humongous regions: 129->129
[2021-05-27T19:57:23.666-0400][gc,metaspace  ] GC(57) Metaspace: 37891K->37891K(1083392K)
[2021-05-27T19:57:23.666-0400][gc            ] GC(57) Pause Young (Normal) (G1 Evacuation Pause) 767M->157M(1024M) 4,802ms
[2021-05-27T19:57:23.666-0400][gc,cpu        ] GC(57) User=0,05s Sys=0,00s Real=0,01s
[2021-05-27T21:10:00.267-0400][gc,start      ] GC(58) Pause Young (Normal) (G1 Evacuation Pause)
[2021-05-27T21:10:00.267-0400][gc,task       ] GC(58) Using 15 workers of 15 for evacuation
[2021-05-27T21:10:00.272-0400][gc,phases     ] GC(58)   Pre Evacuate Collection Set: 0,1ms
[2021-05-27T21:10:00.272-0400][gc,phases     ] GC(58)   Evacuate Collection Set: 3,0ms
[2021-05-27T21:10:00.272-0400][gc,phases     ] GC(58)   Post Evacuate Collection Set: 1,2ms
[2021-05-27T21:10:00.272-0400][gc,phases     ] GC(58)   Other: 0,4ms
[2021-05-27T21:10:00.272-0400][gc,heap       ] GC(58) Eden regions: 610->0(610)
[2021-05-27T21:10:00.272-0400][gc,heap       ] GC(58) Survivor regions: 4->4(77)
[2021-05-27T21:10:00.272-0400][gc,heap       ] GC(58) Old regions: 26->26
[2021-05-27T21:10:00.272-0400][gc,heap       ] GC(58) Humongous regions: 129->129
[2021-05-27T21:10:00.272-0400][gc,metaspace  ] GC(58) Metaspace: 37891K->37891K(1083392K)
[2021-05-27T21:10:00.272-0400][gc            ] GC(58) Pause Young (Normal) (G1 Evacuation Pause) 767M->156M(1024M) 4,880ms
[2021-05-27T21:10:00.272-0400][gc,cpu        ] GC(58) User=0,05s Sys=0,00s Real=0,01s
[2021-05-27T22:22:45.756-0400][gc,start      ] GC(59) Pause Young (Normal) (G1 Evacuation Pause)
[2021-05-27T22:22:45.756-0400][gc,task       ] GC(59) Using 15 workers of 15 for evacuation
[2021-05-27T22:22:45.760-0400][gc,phases     ] GC(59)   Pre Evacuate Collection Set: 0,1ms
[2021-05-27T22:22:45.760-0400][gc,phases     ] GC(59)   Evacuate Collection Set: 2,5ms
[2021-05-27T22:22:45.760-0400][gc,phases     ] GC(59)   Post Evacuate Collection Set: 1,2ms
[2021-05-27T22:22:45.760-0400][gc,phases     ] GC(59)   Other: 0,5ms
[2021-05-27T22:22:45.760-0400][gc,heap       ] GC(59) Eden regions: 610->0(611)
[2021-05-27T22:22:45.760-0400][gc,heap       ] GC(59) Survivor regions: 4->3(77)
[2021-05-27T22:22:45.760-0400][gc,heap       ] GC(59) Old regions: 26->26
[2021-05-27T22:22:45.760-0400][gc,heap       ] GC(59) Humongous regions: 129->129
[2021-05-27T22:22:45.760-0400][gc,metaspace  ] GC(59) Metaspace: 37891K->37891K(1083392K)
[2021-05-27T22:22:45.760-0400][gc            ] GC(59) Pause Young (Normal) (G1 Evacuation Pause) 766M->156M(1024M) 4,472ms
[2021-05-27T22:22:45.760-0400][gc,cpu        ] GC(59) User=0,04s Sys=0,00s Real=0,00s
[2021-05-27T23:35:40.385-0400][gc,start      ] GC(60) Pause Young (Normal) (G1 Evacuation Pause)
[2021-05-27T23:35:40.385-0400][gc,task       ] GC(60) Using 15 workers of 15 for evacuation
[2021-05-27T23:35:40.389-0400][gc,phases     ] GC(60)   Pre Evacuate Collection Set: 0,1ms
[2021-05-27T23:35:40.389-0400][gc,phases     ] GC(60)   Evacuate Collection Set: 2,5ms
[2021-05-27T23:35:40.389-0400][gc,phases     ] GC(60)   Post Evacuate Collection Set: 1,2ms
[2021-05-27T23:35:40.389-0400][gc,phases     ] GC(60)   Other: 0,4ms
[2021-05-27T23:35:40.389-0400][gc,heap       ] GC(60) Eden regions: 611->0(611)
[2021-05-27T23:35:40.389-0400][gc,heap       ] GC(60) Survivor regions: 3->3(77)
[2021-05-27T23:35:40.390-0400][gc,heap       ] GC(60) Old regions: 26->26
[2021-05-27T23:35:40.390-0400][gc,heap       ] GC(60) Humongous regions: 129->129
[2021-05-27T23:35:40.390-0400][gc,metaspace  ] GC(60) Metaspace: 37891K->37891K(1083392K)
[2021-05-27T23:35:40.390-0400][gc            ] GC(60) Pause Young (Normal) (G1 Evacuation Pause) 767M->156M(1024M) 4,510ms
[2021-05-27T23:35:40.390-0400][gc,cpu        ] GC(60) User=0,04s Sys=0,00s Real=0,01s
[2021-05-28T00:48:00.266-0400][gc,start      ] GC(61) Pause Young (Normal) (G1 Evacuation Pause)
[2021-05-28T00:48:00.266-0400][gc,task       ] GC(61) Using 15 workers of 15 for evacuation
[2021-05-28T00:48:00.271-0400][gc,phases     ] GC(61)   Pre Evacuate Collection Set: 0,1ms
[2021-05-28T00:48:00.271-0400][gc,phases     ] GC(61)   Evacuate Collection Set: 3,3ms
[2021-05-28T00:48:00.271-0400][gc,phases     ] GC(61)   Post Evacuate Collection Set: 1,1ms
[2021-05-28T00:48:00.271-0400][gc,phases     ] GC(61)   Other: 0,4ms
[2021-05-28T00:48:00.271-0400][gc,heap       ] GC(61) Eden regions: 611->0(610)
[2021-05-28T00:48:00.271-0400][gc,heap       ] GC(61) Survivor regions: 3->4(77)
[2021-05-28T00:48:00.271-0400][gc,heap       ] GC(61) Old regions: 26->26
[2021-05-28T00:48:00.271-0400][gc,heap       ] GC(61) Humongous regions: 129->129
[2021-05-28T00:48:00.271-0400][gc,metaspace  ] GC(61) Metaspace: 37894K->37894K(1083392K)
[2021-05-28T00:48:00.271-0400][gc            ] GC(61) Pause Young (Normal) (G1 Evacuation Pause) 767M->156M(1024M) 4,959ms
[2021-05-28T00:48:00.271-0400][gc,cpu        ] GC(61) User=0,05s Sys=0,00s Real=0,01s
[2021-05-28T02:00:40.543-0400][gc,start      ] GC(62) Pause Young (Normal) (G1 Evacuation Pause)
[2021-05-28T02:00:40.543-0400][gc,task       ] GC(62) Using 15 workers of 15 for evacuation
[2021-05-28T02:00:40.547-0400][gc,phases     ] GC(62)   Pre Evacuate Collection Set: 0,1ms
[2021-05-28T02:00:40.547-0400][gc,phases     ] GC(62)   Evacuate Collection Set: 2,9ms
[2021-05-28T02:00:40.547-0400][gc,phases     ] GC(62)   Post Evacuate Collection Set: 1,3ms
[2021-05-28T02:00:40.547-0400][gc,phases     ] GC(62)   Other: 0,5ms
[2021-05-28T02:00:40.547-0400][gc,heap       ] GC(62) Eden regions: 610->0(610)
[2021-05-28T02:00:40.547-0400][gc,heap       ] GC(62) Survivor regions: 4->4(77)
[2021-05-28T02:00:40.547-0400][gc,heap       ] GC(62) Old regions: 26->26
[2021-05-28T02:00:40.547-0400][gc,heap       ] GC(62) Humongous regions: 129->129
[2021-05-28T02:00:40.547-0400][gc,metaspace  ] GC(62) Metaspace: 37894K->37894K(1083392K)
[2021-05-28T02:00:40.548-0400][gc            ] GC(62) Pause Young (Normal) (G1 Evacuation Pause) 766M->156M(1024M) 4,900ms
[2021-05-28T02:00:40.548-0400][gc,cpu        ] GC(62) User=0,05s Sys=0,00s Real=0,00s
[2021-05-28T03:13:24.677-0400][gc,start      ] GC(63) Pause Young (Normal) (G1 Evacuation Pause)
[2021-05-28T03:13:24.677-0400][gc,task       ] GC(63) Using 15 workers of 15 for evacuation
[2021-05-28T03:13:24.681-0400][gc,phases     ] GC(63)   Pre Evacuate Collection Set: 0,1ms
[2021-05-28T03:13:24.681-0400][gc,phases     ] GC(63)   Evacuate Collection Set: 2,5ms
[2021-05-28T03:13:24.681-0400][gc,phases     ] GC(63)   Post Evacuate Collection Set: 1,2ms
[2021-05-28T03:13:24.681-0400][gc,phases     ] GC(63)   Other: 0,4ms
[2021-05-28T03:13:24.681-0400][gc,heap       ] GC(63) Eden regions: 610->0(611)
[2021-05-28T03:13:24.681-0400][gc,heap       ] GC(63) Survivor regions: 4->3(77)
[2021-05-28T03:13:24.681-0400][gc,heap       ] GC(63) Old regions: 26->26
[2021-05-28T03:13:24.681-0400][gc,heap       ] GC(63) Humongous regions: 129->129
[2021-05-28T03:13:24.681-0400][gc,metaspace  ] GC(63) Metaspace: 37896K->37896K(1083392K)
[2021-05-28T03:13:24.681-0400][gc            ] GC(63) Pause Young (Normal) (G1 Evacuation Pause) 766M->156M(1024M) 4,378ms
[2021-05-28T03:13:24.681-0400][gc,cpu        ] GC(63) User=0,04s Sys=0,00s Real=0,00s
[2021-05-28T04:26:25.693-0400][gc,start      ] GC(64) Pause Young (Normal) (G1 Evacuation Pause)
[2021-05-28T04:26:25.693-0400][gc,task       ] GC(64) Using 15 workers of 15 for evacuation
[2021-05-28T04:26:25.697-0400][gc,phases     ] GC(64)   Pre Evacuate Collection Set: 0,1ms
[2021-05-28T04:26:25.697-0400][gc,phases     ] GC(64)   Evacuate Collection Set: 2,5ms
[2021-05-28T04:26:25.697-0400][gc,phases     ] GC(64)   Post Evacuate Collection Set: 1,3ms
[2021-05-28T04:26:25.698-0400][gc,phases     ] GC(64)   Other: 0,4ms
[2021-05-28T04:26:25.698-0400][gc,heap       ] GC(64) Eden regions: 611->0(611)
[2021-05-28T04:26:25.698-0400][gc,heap       ] GC(64) Survivor regions: 3->3(77)
[2021-05-28T04:26:25.698-0400][gc,heap       ] GC(64) Old regions: 26->26
[2021-05-28T04:26:25.698-0400][gc,heap       ] GC(64) Humongous regions: 129->129
[2021-05-28T04:26:25.698-0400][gc,metaspace  ] GC(64) Metaspace: 37896K->37896K(1083392K)
[2021-05-28T04:26:25.698-0400][gc            ] GC(64) Pause Young (Normal) (G1 Evacuation Pause) 767M->156M(1024M) 4,423ms
[2021-05-28T04:26:25.698-0400][gc,cpu        ] GC(64) User=0,03s Sys=0,00s Real=0,00s
[2021-05-28T05:39:23.135-0400][gc,start      ] GC(65) Pause Young (Normal) (G1 Evacuation Pause)
[2021-05-28T05:39:23.136-0400][gc,task       ] GC(65) Using 15 workers of 15 for evacuation
[2021-05-28T05:39:23.141-0400][gc,phases     ] GC(65)   Pre Evacuate Collection Set: 0,1ms
[2021-05-28T05:39:23.141-0400][gc,phases     ] GC(65)   Evacuate Collection Set: 4,0ms
[2021-05-28T05:39:23.141-0400][gc,phases     ] GC(65)   Post Evacuate Collection Set: 1,2ms
[2021-05-28T05:39:23.141-0400][gc,phases     ] GC(65)   Other: 0,4ms
[2021-05-28T05:39:23.141-0400][gc,heap       ] GC(65) Eden regions: 611->0(610)
[2021-05-28T05:39:23.141-0400][gc,heap       ] GC(65) Survivor regions: 3->4(77)
[2021-05-28T05:39:23.141-0400][gc,heap       ] GC(65) Old regions: 26->26
[2021-05-28T05:39:23.141-0400][gc,heap       ] GC(65) Humongous regions: 129->129
[2021-05-28T05:39:23.141-0400][gc,metaspace  ] GC(65) Metaspace: 37896K->37896K(1083392K)
[2021-05-28T05:39:23.141-0400][gc            ] GC(65) Pause Young (Normal) (G1 Evacuation Pause) 767M->157M(1024M) 5,880ms
[2021-05-28T05:39:23.141-0400][gc,cpu        ] GC(65) User=0,06s Sys=0,00s Real=0,00s
[2021-05-28T06:51:38.967-0400][gc,start      ] GC(66) Pause Young (Normal) (G1 Evacuation Pause)
[2021-05-28T06:51:38.967-0400][gc,task       ] GC(66) Using 15 workers of 15 for evacuation
[2021-05-28T06:51:38.972-0400][gc,phases     ] GC(66)   Pre Evacuate Collection Set: 0,1ms
[2021-05-28T06:51:38.972-0400][gc,phases     ] GC(66)   Evacuate Collection Set: 3,2ms
[2021-05-28T06:51:38.972-0400][gc,phases     ] GC(66)   Post Evacuate Collection Set: 1,3ms
[2021-05-28T06:51:38.972-0400][gc,phases     ] GC(66)   Other: 0,5ms
[2021-05-28T06:51:38.972-0400][gc,heap       ] GC(66) Eden regions: 610->0(610)
[2021-05-28T06:51:38.972-0400][gc,heap       ] GC(66) Survivor regions: 4->4(77)
[2021-05-28T06:51:38.972-0400][gc,heap       ] GC(66) Old regions: 26->26
[2021-05-28T06:51:38.972-0400][gc,heap       ] GC(66) Humongous regions: 129->129
[2021-05-28T06:51:38.972-0400][gc,metaspace  ] GC(66) Metaspace: 37898K->37898K(1083392K)
[2021-05-28T06:51:38.972-0400][gc            ] GC(66) Pause Young (Normal) (G1 Evacuation Pause) 767M->156M(1024M) 5,137ms
[2021-05-28T06:51:38.972-0400][gc,cpu        ] GC(66) User=0,05s Sys=0,00s Real=0,01s
[2021-05-28T08:04:26.098-0400][gc,start      ] GC(67) Pause Young (Normal) (G1 Evacuation Pause)
[2021-05-28T08:04:26.098-0400][gc,task       ] GC(67) Using 15 workers of 15 for evacuation
[2021-05-28T08:04:26.103-0400][gc,phases     ] GC(67)   Pre Evacuate Collection Set: 0,0ms
[2021-05-28T08:04:26.103-0400][gc,phases     ] GC(67)   Evacuate Collection Set: 2,6ms
[2021-05-28T08:04:26.103-0400][gc,phases     ] GC(67)   Post Evacuate Collection Set: 1,1ms
[2021-05-28T08:04:26.103-0400][gc,phases     ] GC(67)   Other: 0,9ms
[2021-05-28T08:04:26.103-0400][gc,heap       ] GC(67) Eden regions: 610->0(610)
[2021-05-28T08:04:26.103-0400][gc,heap       ] GC(67) Survivor regions: 4->4(77)
[2021-05-28T08:04:26.103-0400][gc,heap       ] GC(67) Old regions: 26->26
[2021-05-28T08:04:26.103-0400][gc,heap       ] GC(67) Humongous regions: 129->129
[2021-05-28T08:04:26.103-0400][gc,metaspace  ] GC(67) Metaspace: 37898K->37898K(1083392K)
[2021-05-28T08:04:26.103-0400][gc            ] GC(67) Pause Young (Normal) (G1 Evacuation Pause) 766M->156M(1024M) 4,753ms
[2021-05-28T08:04:26.103-0400][gc,cpu        ] GC(67) User=0,02s Sys=0,01s Real=0,01s
[2021-05-28T09:17:03.743-0400][gc,start      ] GC(68) Pause Young (Normal) (G1 Evacuation Pause)
[2021-05-28T09:17:03.743-0400][gc,task       ] GC(68) Using 15 workers of 15 for evacuation
[2021-05-28T09:17:03.747-0400][gc,phases     ] GC(68)   Pre Evacuate Collection Set: 0,0ms
[2021-05-28T09:17:03.747-0400][gc,phases     ] GC(68)   Evacuate Collection Set: 2,3ms
[2021-05-28T09:17:03.747-0400][gc,phases     ] GC(68)   Post Evacuate Collection Set: 1,2ms
[2021-05-28T09:17:03.747-0400][gc,phases     ] GC(68)   Other: 0,4ms
[2021-05-28T09:17:03.747-0400][gc,heap       ] GC(68) Eden regions: 610->0(611)
[2021-05-28T09:17:03.747-0400][gc,heap       ] GC(68) Survivor regions: 4->3(77)
[2021-05-28T09:17:03.747-0400][gc,heap       ] GC(68) Old regions: 26->26
[2021-05-28T09:17:03.747-0400][gc,heap       ] GC(68) Humongous regions: 129->129
[2021-05-28T09:17:03.747-0400][gc,metaspace  ] GC(68) Metaspace: 37898K->37898K(1083392K)
[2021-05-28T09:17:03.747-0400][gc            ] GC(68) Pause Young (Normal) (G1 Evacuation Pause) 766M->156M(1024M) 4,204ms
[2021-05-28T09:17:03.747-0400][gc,cpu        ] GC(68) User=0,04s Sys=0,00s Real=0,00s
[2021-05-28T10:30:00.163-0400][gc,start      ] GC(69) Pause Young (Normal) (G1 Evacuation Pause)
[2021-05-28T10:30:00.163-0400][gc,task       ] GC(69) Using 15 workers of 15 for evacuation
[2021-05-28T10:30:00.168-0400][gc,phases     ] GC(69)   Pre Evacuate Collection Set: 0,1ms
[2021-05-28T10:30:00.168-0400][gc,phases     ] GC(69)   Evacuate Collection Set: 3,3ms
[2021-05-28T10:30:00.168-0400][gc,phases     ] GC(69)   Post Evacuate Collection Set: 1,2ms
[2021-05-28T10:30:00.168-0400][gc,phases     ] GC(69)   Other: 0,5ms
[2021-05-28T10:30:00.168-0400][gc,heap       ] GC(69) Eden regions: 611->0(610)
[2021-05-28T10:30:00.168-0400][gc,heap       ] GC(69) Survivor regions: 3->4(77)
[2021-05-28T10:30:00.168-0400][gc,heap       ] GC(69) Old regions: 26->26
[2021-05-28T10:30:00.168-0400][gc,heap       ] GC(69) Humongous regions: 129->129
[2021-05-28T10:30:00.168-0400][gc,metaspace  ] GC(69) Metaspace: 37898K->37898K(1083392K)
[2021-05-28T10:30:00.168-0400][gc            ] GC(69) Pause Young (Normal) (G1 Evacuation Pause) 767M->157M(1024M) 5,211ms
[2021-05-28T10:30:00.168-0400][gc,cpu        ] GC(69) User=0,05s Sys=0,00s Real=0,00s
[2021-05-28T11:42:20.501-0400][gc,start      ] GC(70) Pause Young (Normal) (G1 Evacuation Pause)
[2021-05-28T11:42:20.501-0400][gc,task       ] GC(70) Using 15 workers of 15 for evacuation
[2021-05-28T11:42:20.506-0400][gc,phases     ] GC(70)   Pre Evacuate Collection Set: 0,0ms
[2021-05-28T11:42:20.506-0400][gc,phases     ] GC(70)   Evacuate Collection Set: 2,8ms
[2021-05-28T11:42:20.506-0400][gc,phases     ] GC(70)   Post Evacuate Collection Set: 1,2ms
[2021-05-28T11:42:20.506-0400][gc,phases     ] GC(70)   Other: 0,5ms
[2021-05-28T11:42:20.506-0400][gc,heap       ] GC(70) Eden regions: 610->0(610)
[2021-05-28T11:42:20.506-0400][gc,heap       ] GC(70) Survivor regions: 4->4(77)
[2021-05-28T11:42:20.506-0400][gc,heap       ] GC(70) Old regions: 26->26
[2021-05-28T11:42:20.506-0400][gc,heap       ] GC(70) Humongous regions: 129->129
[2021-05-28T11:42:20.506-0400][gc,metaspace  ] GC(70) Metaspace: 37899K->37899K(1083392K)
[2021-05-28T11:42:20.506-0400][gc            ] GC(70) Pause Young (Normal) (G1 Evacuation Pause) 767M->156M(1024M) 4,687ms
[2021-05-28T11:42:20.506-0400][gc,cpu        ] GC(70) User=0,02s Sys=0,01s Real=0,01s
[2021-05-28T12:54:55.402-0400][gc,start      ] GC(71) Pause Young (Normal) (G1 Evacuation Pause)
[2021-05-28T12:54:55.402-0400][gc,task       ] GC(71) Using 15 workers of 15 for evacuation
[2021-05-28T12:54:55.406-0400][gc,phases     ] GC(71)   Pre Evacuate Collection Set: 0,1ms
[2021-05-28T12:54:55.406-0400][gc,phases     ] GC(71)   Evacuate Collection Set: 2,5ms
[2021-05-28T12:54:55.406-0400][gc,phases     ] GC(71)   Post Evacuate Collection Set: 1,3ms
[2021-05-28T12:54:55.406-0400][gc,phases     ] GC(71)   Other: 0,4ms
[2021-05-28T12:54:55.406-0400][gc,heap       ] GC(71) Eden regions: 610->0(611)
[2021-05-28T12:54:55.406-0400][gc,heap       ] GC(71) Survivor regions: 4->3(77)
[2021-05-28T12:54:55.406-0400][gc,heap       ] GC(71) Old regions: 26->26
[2021-05-28T12:54:55.406-0400][gc,heap       ] GC(71) Humongous regions: 129->129
[2021-05-28T12:54:55.406-0400][gc,metaspace  ] GC(71) Metaspace: 37900K->37900K(1083392K)
[2021-05-28T12:54:55.406-0400][gc            ] GC(71) Pause Young (Normal) (G1 Evacuation Pause) 766M->156M(1024M) 4,470ms
[2021-05-28T12:54:55.406-0400][gc,cpu        ] GC(71) User=0,03s Sys=0,02s Real=0,00s
[2021-05-28T13:29:56.137-0400][gc,heap,exit  ] Heap
[2021-05-28T13:29:56.137-0400][gc,heap,exit  ]  garbage-first heap   total 1048576K, used 467389K [0x00000000c0000000, 0x0000000100000000)
[2021-05-28T13:29:56.137-0400][gc,heap,exit  ]   region size 1024K, 305 young (312320K), 3 survivors (3072K)
[2021-05-28T13:29:56.137-0400][gc,heap,exit  ]  Metaspace       used 38164K, capacity 40738K, committed 41040K, reserved 1083392K
[2021-05-28T13:29:56.137-0400][gc,heap,exit  ]   class space    used 5332K, capacity 6508K, committed 6560K, reserved 1048576K
