[2021-05-28T13:38:51.858-0400][gc,heap] Heap region size: 1M
[2021-05-28T13:38:51.873-0400][gc     ] Using G1
[2021-05-28T13:38:51.873-0400][gc,heap,coops] Heap address: 0x00000000c0000000, size: 1024 MB, Compressed Oops mode: 32-bit
[2021-05-28T13:38:51.873-0400][gc,cds       ] Mark closed archive regions in map: [0x00000000ffc00000, 0x00000000ffc6aff8]
[2021-05-28T13:38:51.873-0400][gc,cds       ] Mark open archive regions in map: [0x00000000ff800000, 0x00000000ff846ff8]
[2021-05-28T13:38:52.748-0400][gc,start     ] GC(0) Pause Young (Normal) (G1 Evacuation Pause)
[2021-05-28T13:38:52.750-0400][gc,task      ] GC(0) Using 15 workers of 15 for evacuation
[2021-05-28T13:38:52.766-0400][gc,phases    ] GC(0)   Pre Evacuate Collection Set: 0,0ms
[2021-05-28T13:38:52.766-0400][gc,phases    ] GC(0)   Evacuate Collection Set: 15,0ms
[2021-05-28T13:38:52.766-0400][gc,phases    ] GC(0)   Post Evacuate Collection Set: 0,7ms
[2021-05-28T13:38:52.766-0400][gc,phases    ] GC(0)   Other: 2,6ms
[2021-05-28T13:38:52.766-0400][gc,heap      ] GC(0) Eden regions: 51->0(44)
[2021-05-28T13:38:52.766-0400][gc,heap      ] GC(0) Survivor regions: 0->7(7)
[2021-05-28T13:38:52.766-0400][gc,heap      ] GC(0) Old regions: 2->2
[2021-05-28T13:38:52.766-0400][gc,heap      ] GC(0) Humongous regions: 0->0
[2021-05-28T13:38:52.766-0400][gc,metaspace ] GC(0) Metaspace: 16667K->16667K(1064960K)
[2021-05-28T13:38:52.766-0400][gc           ] GC(0) Pause Young (Normal) (G1 Evacuation Pause) 51M->7M(1024M) 18,294ms
[2021-05-28T13:38:52.766-0400][gc,cpu       ] GC(0) User=0,22s Sys=0,01s Real=0,02s
[2021-05-28T13:38:52.983-0400][gc,start     ] GC(1) Pause Young (Concurrent Start) (Metadata GC Threshold)
[2021-05-28T13:38:52.983-0400][gc,task      ] GC(1) Using 15 workers of 15 for evacuation
[2021-05-28T13:38:52.991-0400][gc,phases    ] GC(1)   Pre Evacuate Collection Set: 0,1ms
[2021-05-28T13:38:52.991-0400][gc,phases    ] GC(1)   Evacuate Collection Set: 6,5ms
[2021-05-28T13:38:52.991-0400][gc,phases    ] GC(1)   Post Evacuate Collection Set: 0,5ms
[2021-05-28T13:38:52.991-0400][gc,phases    ] GC(1)   Other: 0,4ms
[2021-05-28T13:38:52.991-0400][gc,heap      ] GC(1) Eden regions: 17->0(49)
[2021-05-28T13:38:52.991-0400][gc,heap      ] GC(1) Survivor regions: 7->2(7)
[2021-05-28T13:38:52.991-0400][gc,heap      ] GC(1) Old regions: 2->9
[2021-05-28T13:38:52.991-0400][gc,heap      ] GC(1) Humongous regions: 129->129
[2021-05-28T13:38:52.991-0400][gc,metaspace ] GC(1) Metaspace: 20565K->20565K(1067008K)
[2021-05-28T13:38:52.991-0400][gc           ] GC(1) Pause Young (Concurrent Start) (Metadata GC Threshold) 153M->137M(1024M) 7,677ms
[2021-05-28T13:38:52.991-0400][gc,cpu       ] GC(1) User=0,07s Sys=0,00s Real=0,01s
[2021-05-28T13:38:52.991-0400][gc           ] GC(2) Concurrent Cycle
[2021-05-28T13:38:52.991-0400][gc,marking   ] GC(2) Concurrent Clear Claimed Marks
[2021-05-28T13:38:52.991-0400][gc,marking   ] GC(2) Concurrent Clear Claimed Marks 0,016ms
[2021-05-28T13:38:52.991-0400][gc,marking   ] GC(2) Concurrent Scan Root Regions
[2021-05-28T13:38:52.992-0400][gc,marking   ] GC(2) Concurrent Scan Root Regions 1,190ms
[2021-05-28T13:38:52.992-0400][gc,marking   ] GC(2) Concurrent Mark (1,144s)
[2021-05-28T13:38:52.992-0400][gc,marking   ] GC(2) Concurrent Mark From Roots
[2021-05-28T13:38:52.992-0400][gc,task      ] GC(2) Using 4 workers of 4 for marking
[2021-05-28T13:38:53.001-0400][gc,marking   ] GC(2) Concurrent Mark From Roots 9,002ms
[2021-05-28T13:38:53.001-0400][gc,marking   ] GC(2) Concurrent Preclean
[2021-05-28T13:38:53.001-0400][gc,marking   ] GC(2) Concurrent Preclean 0,162ms
[2021-05-28T13:38:53.001-0400][gc,marking   ] GC(2) Concurrent Mark (1,144s, 1,153s) 9,195ms
[2021-05-28T13:38:53.001-0400][gc,start     ] GC(2) Pause Remark
[2021-05-28T13:38:53.003-0400][gc,stringtable] GC(2) Cleaned string and symbol table, strings: 4927 processed, 0 removed, symbols: 49766 processed, 49 removed
[2021-05-28T13:38:53.003-0400][gc            ] GC(2) Pause Remark 139M->139M(1024M) 1,994ms
[2021-05-28T13:38:53.003-0400][gc,cpu        ] GC(2) User=0,01s Sys=0,00s Real=0,01s
[2021-05-28T13:38:53.003-0400][gc,marking    ] GC(2) Concurrent Rebuild Remembered Sets
[2021-05-28T13:38:53.008-0400][gc,marking    ] GC(2) Concurrent Rebuild Remembered Sets 4,411ms
[2021-05-28T13:38:53.008-0400][gc,start      ] GC(2) Pause Cleanup
[2021-05-28T13:38:53.008-0400][gc            ] GC(2) Pause Cleanup 139M->139M(1024M) 0,355ms
[2021-05-28T13:38:53.008-0400][gc,cpu        ] GC(2) User=0,01s Sys=0,00s Real=0,00s
[2021-05-28T13:38:53.008-0400][gc,marking    ] GC(2) Concurrent Cleanup for Next Mark
[2021-05-28T13:38:53.013-0400][gc,marking    ] GC(2) Concurrent Cleanup for Next Mark 4,210ms
[2021-05-28T13:38:53.013-0400][gc            ] GC(2) Concurrent Cycle 21,856ms
[2021-05-28T13:43:21.481-0400][gc,start      ] GC(3) Pause Young (Concurrent Start) (G1 Evacuation Pause)
[2021-05-28T13:43:21.481-0400][gc,task       ] GC(3) Using 15 workers of 15 for evacuation
[2021-05-28T13:43:21.491-0400][gc,phases     ] GC(3)   Pre Evacuate Collection Set: 0,2ms
[2021-05-28T13:43:21.491-0400][gc,phases     ] GC(3)   Evacuate Collection Set: 8,9ms
[2021-05-28T13:43:21.491-0400][gc,phases     ] GC(3)   Post Evacuate Collection Set: 1,0ms
[2021-05-28T13:43:21.492-0400][gc,phases     ] GC(3)   Other: 0,7ms
[2021-05-28T13:43:21.492-0400][gc,heap       ] GC(3) Eden regions: 49->0(46)
[2021-05-28T13:43:21.492-0400][gc,heap       ] GC(3) Survivor regions: 2->5(7)
[2021-05-28T13:43:21.492-0400][gc,heap       ] GC(3) Old regions: 9->9
[2021-05-28T13:43:21.492-0400][gc,heap       ] GC(3) Humongous regions: 129->129
[2021-05-28T13:43:21.492-0400][gc,metaspace  ] GC(3) Metaspace: 29723K->29723K(1075200K)
[2021-05-28T13:43:21.492-0400][gc            ] GC(3) Pause Young (Concurrent Start) (G1 Evacuation Pause) 186M->140M(1024M) 10,958ms
[2021-05-28T13:43:21.492-0400][gc,cpu        ] GC(3) User=0,08s Sys=0,01s Real=0,02s
[2021-05-28T13:43:21.492-0400][gc            ] GC(4) Concurrent Cycle
[2021-05-28T13:43:21.492-0400][gc,marking    ] GC(4) Concurrent Clear Claimed Marks
[2021-05-28T13:43:21.492-0400][gc,marking    ] GC(4) Concurrent Clear Claimed Marks 0,096ms
[2021-05-28T13:43:21.492-0400][gc,marking    ] GC(4) Concurrent Scan Root Regions
[2021-05-28T13:43:21.495-0400][gc,marking    ] GC(4) Concurrent Scan Root Regions 3,358ms
[2021-05-28T13:43:21.495-0400][gc,marking    ] GC(4) Concurrent Mark (269,647s)
[2021-05-28T13:43:21.495-0400][gc,marking    ] GC(4) Concurrent Mark From Roots
[2021-05-28T13:43:21.495-0400][gc,task       ] GC(4) Using 4 workers of 4 for marking
[2021-05-28T13:43:21.505-0400][gc,marking    ] GC(4) Concurrent Mark From Roots 9,235ms
[2021-05-28T13:43:21.505-0400][gc,marking    ] GC(4) Concurrent Preclean
[2021-05-28T13:43:21.505-0400][gc,marking    ] GC(4) Concurrent Preclean 0,460ms
[2021-05-28T13:43:21.505-0400][gc,marking    ] GC(4) Concurrent Mark (269,647s, 269,657s) 9,785ms
[2021-05-28T13:43:21.505-0400][gc,start      ] GC(4) Pause Remark
[2021-05-28T13:43:21.508-0400][gc,stringtable] GC(4) Cleaned string and symbol table, strings: 9189 processed, 9 removed, symbols: 70262 processed, 16 removed
[2021-05-28T13:43:21.508-0400][gc            ] GC(4) Pause Remark 140M->140M(1024M) 2,478ms
[2021-05-28T13:43:21.508-0400][gc,cpu        ] GC(4) User=0,03s Sys=0,00s Real=0,00s
[2021-05-28T13:43:21.508-0400][gc,marking    ] GC(4) Concurrent Rebuild Remembered Sets
[2021-05-28T13:43:21.511-0400][gc,marking    ] GC(4) Concurrent Rebuild Remembered Sets 3,328ms
[2021-05-28T13:43:21.512-0400][gc,start      ] GC(4) Pause Cleanup
[2021-05-28T13:43:21.512-0400][gc            ] GC(4) Pause Cleanup 140M->140M(1024M) 0,406ms
[2021-05-28T13:43:21.512-0400][gc,cpu        ] GC(4) User=0,00s Sys=0,00s Real=0,00s
[2021-05-28T13:43:21.512-0400][gc,marking    ] GC(4) Concurrent Cleanup for Next Mark
[2021-05-28T13:43:21.517-0400][gc,marking    ] GC(4) Concurrent Cleanup for Next Mark 4,840ms
[2021-05-28T13:43:21.517-0400][gc            ] GC(4) Concurrent Cycle 25,284ms
[2021-05-28T15:03:33.834-0400][gc,start      ] GC(5) Pause Young (Normal) (G1 Evacuation Pause)
[2021-05-28T15:03:33.834-0400][gc,task       ] GC(5) Using 15 workers of 15 for evacuation
[2021-05-28T15:03:33.840-0400][gc,phases     ] GC(5)   Pre Evacuate Collection Set: 0,1ms
[2021-05-28T15:03:33.840-0400][gc,phases     ] GC(5)   Evacuate Collection Set: 4,1ms
[2021-05-28T15:03:33.840-0400][gc,phases     ] GC(5)   Post Evacuate Collection Set: 0,8ms
[2021-05-28T15:03:33.840-0400][gc,phases     ] GC(5)   Other: 0,4ms
[2021-05-28T15:03:33.840-0400][gc,heap       ] GC(5) Eden regions: 46->0(50)
[2021-05-28T15:03:33.840-0400][gc,heap       ] GC(5) Survivor regions: 5->1(7)
[2021-05-28T15:03:33.840-0400][gc,heap       ] GC(5) Old regions: 9->13
[2021-05-28T15:03:33.840-0400][gc,heap       ] GC(5) Humongous regions: 129->129
[2021-05-28T15:03:33.840-0400][gc,metaspace  ] GC(5) Metaspace: 30169K->30169K(1077248K)
[2021-05-28T15:03:33.840-0400][gc            ] GC(5) Pause Young (Normal) (G1 Evacuation Pause) 186M->141M(1024M) 5,560ms
[2021-05-28T15:03:33.840-0400][gc,cpu        ] GC(5) User=0,05s Sys=0,01s Real=0,00s
[2021-05-28T16:18:29.738-0400][gc,start      ] GC(6) Pause Young (Normal) (G1 Evacuation Pause)
[2021-05-28T16:18:29.738-0400][gc,task       ] GC(6) Using 15 workers of 15 for evacuation
[2021-05-28T16:18:29.744-0400][gc,phases     ] GC(6)   Pre Evacuate Collection Set: 0,0ms
[2021-05-28T16:18:29.744-0400][gc,phases     ] GC(6)   Evacuate Collection Set: 3,3ms
[2021-05-28T16:18:29.744-0400][gc,phases     ] GC(6)   Post Evacuate Collection Set: 2,4ms
[2021-05-28T16:18:29.744-0400][gc,phases     ] GC(6)   Other: 0,2ms
[2021-05-28T16:18:29.744-0400][gc,heap       ] GC(6) Eden regions: 50->0(50)
[2021-05-28T16:18:29.744-0400][gc,heap       ] GC(6) Survivor regions: 1->1(7)
[2021-05-28T16:18:29.744-0400][gc,heap       ] GC(6) Old regions: 13->13
[2021-05-28T16:18:29.744-0400][gc,heap       ] GC(6) Humongous regions: 129->129
[2021-05-28T16:18:29.744-0400][gc,metaspace  ] GC(6) Metaspace: 32093K->32093K(1077248K)
[2021-05-28T16:18:29.745-0400][gc            ] GC(6) Pause Young (Normal) (G1 Evacuation Pause) 191M->141M(1024M) 6,092ms
[2021-05-28T16:18:29.745-0400][gc,cpu        ] GC(6) User=0,06s Sys=0,01s Real=0,01s
[2021-05-28T17:04:22.925-0400][gc,start      ] GC(7) Pause Young (Normal) (G1 Evacuation Pause)
[2021-05-28T17:04:22.925-0400][gc,task       ] GC(7) Using 15 workers of 15 for evacuation
[2021-05-28T17:04:22.928-0400][gc,phases     ] GC(7)   Pre Evacuate Collection Set: 0,1ms
[2021-05-28T17:04:22.928-0400][gc,phases     ] GC(7)   Evacuate Collection Set: 1,6ms
[2021-05-28T17:04:22.928-0400][gc,phases     ] GC(7)   Post Evacuate Collection Set: 1,0ms
[2021-05-28T17:04:22.928-0400][gc,phases     ] GC(7)   Other: 0,5ms
[2021-05-28T17:04:22.928-0400][gc,heap       ] GC(7) Eden regions: 50->0(50)
[2021-05-28T17:04:22.928-0400][gc,heap       ] GC(7) Survivor regions: 1->1(7)
[2021-05-28T17:04:22.928-0400][gc,heap       ] GC(7) Old regions: 13->13
[2021-05-28T17:04:22.928-0400][gc,heap       ] GC(7) Humongous regions: 129->129
[2021-05-28T17:04:22.928-0400][gc,metaspace  ] GC(7) Metaspace: 33512K->33512K(1079296K)
[2021-05-28T17:04:22.928-0400][gc            ] GC(7) Pause Young (Normal) (G1 Evacuation Pause) 191M->141M(1024M) 3,411ms
[2021-05-28T17:04:22.928-0400][gc,cpu        ] GC(7) User=0,03s Sys=0,00s Real=0,00s
[2021-05-28T17:56:23.708-0400][gc,start      ] GC(8) Pause Young (Normal) (G1 Evacuation Pause)
[2021-05-28T17:56:23.708-0400][gc,task       ] GC(8) Using 15 workers of 15 for evacuation
[2021-05-28T17:56:23.711-0400][gc,phases     ] GC(8)   Pre Evacuate Collection Set: 0,1ms
[2021-05-28T17:56:23.711-0400][gc,phases     ] GC(8)   Evacuate Collection Set: 1,7ms
[2021-05-28T17:56:23.711-0400][gc,phases     ] GC(8)   Post Evacuate Collection Set: 1,0ms
[2021-05-28T17:56:23.711-0400][gc,phases     ] GC(8)   Other: 0,6ms
[2021-05-28T17:56:23.711-0400][gc,heap       ] GC(8) Eden regions: 50->0(51)
[2021-05-28T17:56:23.711-0400][gc,heap       ] GC(8) Survivor regions: 1->1(7)
[2021-05-28T17:56:23.711-0400][gc,heap       ] GC(8) Old regions: 13->13
[2021-05-28T17:56:23.711-0400][gc,heap       ] GC(8) Humongous regions: 129->129
[2021-05-28T17:56:23.711-0400][gc,metaspace  ] GC(8) Metaspace: 33558K->33558K(1079296K)
[2021-05-28T17:56:23.711-0400][gc            ] GC(8) Pause Young (Normal) (G1 Evacuation Pause) 191M->141M(1024M) 3,495ms
[2021-05-28T17:56:23.711-0400][gc,cpu        ] GC(8) User=0,03s Sys=0,00s Real=0,01s
[2021-05-28T18:49:22.925-0400][gc,start      ] GC(9) Pause Young (Normal) (G1 Evacuation Pause)
[2021-05-28T18:49:22.925-0400][gc,task       ] GC(9) Using 15 workers of 15 for evacuation
[2021-05-28T18:49:22.929-0400][gc,phases     ] GC(9)   Pre Evacuate Collection Set: 0,1ms
[2021-05-28T18:49:22.929-0400][gc,phases     ] GC(9)   Evacuate Collection Set: 2,5ms
[2021-05-28T18:49:22.929-0400][gc,phases     ] GC(9)   Post Evacuate Collection Set: 1,1ms
[2021-05-28T18:49:22.929-0400][gc,phases     ] GC(9)   Other: 0,9ms
[2021-05-28T18:49:22.929-0400][gc,heap       ] GC(9) Eden regions: 51->0(55)
[2021-05-28T18:49:22.929-0400][gc,heap       ] GC(9) Survivor regions: 1->1(7)
[2021-05-28T18:49:22.929-0400][gc,heap       ] GC(9) Old regions: 13->13
[2021-05-28T18:49:22.929-0400][gc,heap       ] GC(9) Humongous regions: 129->129
[2021-05-28T18:49:22.929-0400][gc,metaspace  ] GC(9) Metaspace: 33601K->33601K(1079296K)
[2021-05-28T18:49:22.929-0400][gc            ] GC(9) Pause Young (Normal) (G1 Evacuation Pause) 192M->141M(1024M) 4,617ms
[2021-05-28T18:49:22.929-0400][gc,cpu        ] GC(9) User=0,02s Sys=0,02s Real=0,00s
[2021-05-28T19:46:41.033-0400][gc,start      ] GC(10) Pause Young (Normal) (G1 Evacuation Pause)
[2021-05-28T19:46:41.033-0400][gc,task       ] GC(10) Using 15 workers of 15 for evacuation
[2021-05-28T19:46:41.036-0400][gc,phases     ] GC(10)   Pre Evacuate Collection Set: 0,0ms
[2021-05-28T19:46:41.036-0400][gc,phases     ] GC(10)   Evacuate Collection Set: 2,1ms
[2021-05-28T19:46:41.036-0400][gc,phases     ] GC(10)   Post Evacuate Collection Set: 0,8ms
[2021-05-28T19:46:41.036-0400][gc,phases     ] GC(10)   Other: 0,5ms
[2021-05-28T19:46:41.036-0400][gc,heap       ] GC(10) Eden regions: 55->0(59)
[2021-05-28T19:46:41.036-0400][gc,heap       ] GC(10) Survivor regions: 1->1(7)
[2021-05-28T19:46:41.036-0400][gc,heap       ] GC(10) Old regions: 13->13
[2021-05-28T19:46:41.036-0400][gc,heap       ] GC(10) Humongous regions: 129->129
[2021-05-28T19:46:41.036-0400][gc,metaspace  ] GC(10) Metaspace: 33615K->33615K(1079296K)
[2021-05-28T19:46:41.036-0400][gc            ] GC(10) Pause Young (Normal) (G1 Evacuation Pause) 196M->141M(1024M) 3,601ms
[2021-05-28T19:46:41.036-0400][gc,cpu        ] GC(10) User=0,04s Sys=0,00s Real=0,00s
[2021-05-28T20:48:22.315-0400][gc,start      ] GC(11) Pause Young (Normal) (G1 Evacuation Pause)
[2021-05-28T20:48:22.315-0400][gc,task       ] GC(11) Using 15 workers of 15 for evacuation
[2021-05-28T20:48:22.319-0400][gc,phases     ] GC(11)   Pre Evacuate Collection Set: 0,1ms
[2021-05-28T20:48:22.319-0400][gc,phases     ] GC(11)   Evacuate Collection Set: 2,6ms
[2021-05-28T20:48:22.319-0400][gc,phases     ] GC(11)   Post Evacuate Collection Set: 1,0ms
[2021-05-28T20:48:22.319-0400][gc,phases     ] GC(11)   Other: 0,6ms
[2021-05-28T20:48:22.319-0400][gc,heap       ] GC(11) Eden regions: 59->0(64)
[2021-05-28T20:48:22.319-0400][gc,heap       ] GC(11) Survivor regions: 1->1(8)
[2021-05-28T20:48:22.319-0400][gc,heap       ] GC(11) Old regions: 13->13
[2021-05-28T20:48:22.319-0400][gc,heap       ] GC(11) Humongous regions: 129->129
[2021-05-28T20:48:22.319-0400][gc,metaspace  ] GC(11) Metaspace: 33662K->33662K(1079296K)
[2021-05-28T20:48:22.319-0400][gc            ] GC(11) Pause Young (Normal) (G1 Evacuation Pause) 200M->141M(1024M) 4,511ms
[2021-05-28T20:48:22.319-0400][gc,cpu        ] GC(11) User=0,04s Sys=0,00s Real=0,00s
[2021-05-28T21:55:09.775-0400][gc,start      ] GC(12) Pause Young (Normal) (G1 Evacuation Pause)
[2021-05-28T21:55:09.776-0400][gc,task       ] GC(12) Using 15 workers of 15 for evacuation
[2021-05-28T21:55:09.779-0400][gc,phases     ] GC(12)   Pre Evacuate Collection Set: 0,1ms
[2021-05-28T21:55:09.779-0400][gc,phases     ] GC(12)   Evacuate Collection Set: 2,1ms
[2021-05-28T21:55:09.779-0400][gc,phases     ] GC(12)   Post Evacuate Collection Set: 1,0ms
[2021-05-28T21:55:09.779-0400][gc,phases     ] GC(12)   Other: 0,6ms
[2021-05-28T21:55:09.779-0400][gc,heap       ] GC(12) Eden regions: 64->0(71)
[2021-05-28T21:55:09.779-0400][gc,heap       ] GC(12) Survivor regions: 1->1(9)
[2021-05-28T21:55:09.779-0400][gc,heap       ] GC(12) Old regions: 13->13
[2021-05-28T21:55:09.779-0400][gc,heap       ] GC(12) Humongous regions: 129->129
[2021-05-28T21:55:09.779-0400][gc,metaspace  ] GC(12) Metaspace: 33696K->33696K(1079296K)
[2021-05-28T21:55:09.779-0400][gc            ] GC(12) Pause Young (Normal) (G1 Evacuation Pause) 205M->141M(1024M) 3,993ms
[2021-05-28T21:55:09.780-0400][gc,cpu        ] GC(12) User=0,03s Sys=0,00s Real=0,00s
[2021-05-28T23:09:28.195-0400][gc,start      ] GC(13) Pause Young (Normal) (G1 Evacuation Pause)
[2021-05-28T23:09:28.196-0400][gc,task       ] GC(13) Using 15 workers of 15 for evacuation
[2021-05-28T23:09:28.199-0400][gc,phases     ] GC(13)   Pre Evacuate Collection Set: 0,1ms
[2021-05-28T23:09:28.199-0400][gc,phases     ] GC(13)   Evacuate Collection Set: 2,5ms
[2021-05-28T23:09:28.199-0400][gc,phases     ] GC(13)   Post Evacuate Collection Set: 1,0ms
[2021-05-28T23:09:28.199-0400][gc,phases     ] GC(13)   Other: 0,4ms
[2021-05-28T23:09:28.199-0400][gc,heap       ] GC(13) Eden regions: 71->0(79)
[2021-05-28T23:09:28.199-0400][gc,heap       ] GC(13) Survivor regions: 1->1(9)
[2021-05-28T23:09:28.199-0400][gc,heap       ] GC(13) Old regions: 13->13
[2021-05-28T23:09:28.199-0400][gc,heap       ] GC(13) Humongous regions: 129->129
[2021-05-28T23:09:28.199-0400][gc,metaspace  ] GC(13) Metaspace: 33725K->33725K(1079296K)
[2021-05-28T23:09:28.200-0400][gc            ] GC(13) Pause Young (Normal) (G1 Evacuation Pause) 212M->141M(1024M) 4,065ms
[2021-05-28T23:09:28.200-0400][gc,cpu        ] GC(13) User=0,03s Sys=0,00s Real=0,00s
[2021-05-29T00:32:39.776-0400][gc,start      ] GC(14) Pause Young (Normal) (G1 Evacuation Pause)
[2021-05-29T00:32:39.776-0400][gc,task       ] GC(14) Using 15 workers of 15 for evacuation
[2021-05-29T00:32:39.779-0400][gc,phases     ] GC(14)   Pre Evacuate Collection Set: 0,1ms
[2021-05-29T00:32:39.780-0400][gc,phases     ] GC(14)   Evacuate Collection Set: 2,5ms
[2021-05-29T00:32:39.780-0400][gc,phases     ] GC(14)   Post Evacuate Collection Set: 1,0ms
[2021-05-29T00:32:39.780-0400][gc,phases     ] GC(14)   Other: 0,4ms
[2021-05-29T00:32:39.780-0400][gc,heap       ] GC(14) Eden regions: 79->0(89)
[2021-05-29T00:32:39.780-0400][gc,heap       ] GC(14) Survivor regions: 1->1(10)
[2021-05-29T00:32:39.780-0400][gc,heap       ] GC(14) Old regions: 13->13
[2021-05-29T00:32:39.780-0400][gc,heap       ] GC(14) Humongous regions: 129->129
[2021-05-29T00:32:39.780-0400][gc,metaspace  ] GC(14) Metaspace: 33733K->33733K(1079296K)
[2021-05-29T00:32:39.780-0400][gc            ] GC(14) Pause Young (Normal) (G1 Evacuation Pause) 220M->141M(1024M) 4,124ms
[2021-05-29T00:32:39.780-0400][gc,cpu        ] GC(14) User=0,04s Sys=0,00s Real=0,00s
[2021-05-29T02:06:14.775-0400][gc,start      ] GC(15) Pause Young (Normal) (G1 Evacuation Pause)
[2021-05-29T02:06:14.775-0400][gc,task       ] GC(15) Using 15 workers of 15 for evacuation
[2021-05-29T02:06:14.780-0400][gc,phases     ] GC(15)   Pre Evacuate Collection Set: 0,1ms
[2021-05-29T02:06:14.780-0400][gc,phases     ] GC(15)   Evacuate Collection Set: 2,7ms
[2021-05-29T02:06:14.780-0400][gc,phases     ] GC(15)   Post Evacuate Collection Set: 1,1ms
[2021-05-29T02:06:14.780-0400][gc,phases     ] GC(15)   Other: 0,4ms
[2021-05-29T02:06:14.780-0400][gc,heap       ] GC(15) Eden regions: 89->0(100)
[2021-05-29T02:06:14.780-0400][gc,heap       ] GC(15) Survivor regions: 1->1(12)
[2021-05-29T02:06:14.780-0400][gc,heap       ] GC(15) Old regions: 13->13
[2021-05-29T02:06:14.780-0400][gc,heap       ] GC(15) Humongous regions: 129->129
[2021-05-29T02:06:14.780-0400][gc,metaspace  ] GC(15) Metaspace: 33741K->33741K(1079296K)
[2021-05-29T02:06:14.780-0400][gc            ] GC(15) Pause Young (Normal) (G1 Evacuation Pause) 230M->141M(1024M) 4,397ms
[2021-05-29T02:06:14.780-0400][gc,cpu        ] GC(15) User=0,04s Sys=0,00s Real=0,00s
[2021-05-29T03:51:49.775-0400][gc,start      ] GC(16) Pause Young (Normal) (G1 Evacuation Pause)
[2021-05-29T03:51:49.776-0400][gc,task       ] GC(16) Using 15 workers of 15 for evacuation
[2021-05-29T03:51:49.780-0400][gc,phases     ] GC(16)   Pre Evacuate Collection Set: 0,1ms
[2021-05-29T03:51:49.780-0400][gc,phases     ] GC(16)   Evacuate Collection Set: 2,7ms
[2021-05-29T03:51:49.780-0400][gc,phases     ] GC(16)   Post Evacuate Collection Set: 1,1ms
[2021-05-29T03:51:49.780-0400][gc,phases     ] GC(16)   Other: 0,6ms
[2021-05-29T03:51:49.780-0400][gc,heap       ] GC(16) Eden regions: 100->0(112)
[2021-05-29T03:51:49.780-0400][gc,heap       ] GC(16) Survivor regions: 1->1(13)
[2021-05-29T03:51:49.780-0400][gc,heap       ] GC(16) Old regions: 13->13
[2021-05-29T03:51:49.780-0400][gc,heap       ] GC(16) Humongous regions: 129->129
[2021-05-29T03:51:49.780-0400][gc,metaspace  ] GC(16) Metaspace: 33767K->33767K(1079296K)
[2021-05-29T03:51:49.780-0400][gc            ] GC(16) Pause Young (Normal) (G1 Evacuation Pause) 241M->141M(1024M) 4,644ms
[2021-05-29T03:51:49.780-0400][gc,cpu        ] GC(16) User=0,05s Sys=0,00s Real=0,00s
[2021-05-29T05:50:12.508-0400][gc,start      ] GC(17) Pause Young (Normal) (G1 Evacuation Pause)
[2021-05-29T05:50:12.508-0400][gc,task       ] GC(17) Using 15 workers of 15 for evacuation
[2021-05-29T05:50:12.512-0400][gc,phases     ] GC(17)   Pre Evacuate Collection Set: 0,1ms
[2021-05-29T05:50:12.512-0400][gc,phases     ] GC(17)   Evacuate Collection Set: 2,7ms
[2021-05-29T05:50:12.512-0400][gc,phases     ] GC(17)   Post Evacuate Collection Set: 1,1ms
[2021-05-29T05:50:12.513-0400][gc,phases     ] GC(17)   Other: 0,4ms
[2021-05-29T05:50:12.513-0400][gc,heap       ] GC(17) Eden regions: 112->0(125)
[2021-05-29T05:50:12.513-0400][gc,heap       ] GC(17) Survivor regions: 1->1(15)
[2021-05-29T05:50:12.513-0400][gc,heap       ] GC(17) Old regions: 13->13
[2021-05-29T05:50:12.513-0400][gc,heap       ] GC(17) Humongous regions: 129->129
[2021-05-29T05:50:12.513-0400][gc,metaspace  ] GC(17) Metaspace: 33793K->33793K(1079296K)
[2021-05-29T05:50:12.513-0400][gc            ] GC(17) Pause Young (Normal) (G1 Evacuation Pause) 253M->141M(1024M) 4,339ms
[2021-05-29T05:50:12.513-0400][gc,cpu        ] GC(17) User=0,04s Sys=0,00s Real=0,01s
[2021-05-29T08:02:22.924-0400][gc,start      ] GC(18) Pause Young (Normal) (G1 Evacuation Pause)
[2021-05-29T08:02:22.925-0400][gc,task       ] GC(18) Using 15 workers of 15 for evacuation
[2021-05-29T08:02:22.929-0400][gc,phases     ] GC(18)   Pre Evacuate Collection Set: 0,1ms
[2021-05-29T08:02:22.929-0400][gc,phases     ] GC(18)   Evacuate Collection Set: 3,1ms
[2021-05-29T08:02:22.929-0400][gc,phases     ] GC(18)   Post Evacuate Collection Set: 1,2ms
[2021-05-29T08:02:22.929-0400][gc,phases     ] GC(18)   Other: 0,3ms
[2021-05-29T08:02:22.929-0400][gc,heap       ] GC(18) Eden regions: 125->0(139)
[2021-05-29T08:02:22.929-0400][gc,heap       ] GC(18) Survivor regions: 1->1(16)
[2021-05-29T08:02:22.929-0400][gc,heap       ] GC(18) Old regions: 13->13
[2021-05-29T08:02:22.929-0400][gc,heap       ] GC(18) Humongous regions: 129->129
[2021-05-29T08:02:22.929-0400][gc,metaspace  ] GC(18) Metaspace: 33796K->33796K(1079296K)
[2021-05-29T08:02:22.929-0400][gc            ] GC(18) Pause Young (Normal) (G1 Evacuation Pause) 266M->141M(1024M) 4,849ms
[2021-05-29T08:02:22.929-0400][gc,cpu        ] GC(18) User=0,05s Sys=0,00s Real=0,00s
[2021-05-29T10:29:19.735-0400][gc,start      ] GC(19) Pause Young (Normal) (G1 Evacuation Pause)
[2021-05-29T10:29:19.735-0400][gc,task       ] GC(19) Using 15 workers of 15 for evacuation
[2021-05-29T10:29:19.740-0400][gc,phases     ] GC(19)   Pre Evacuate Collection Set: 0,1ms
[2021-05-29T10:29:19.740-0400][gc,phases     ] GC(19)   Evacuate Collection Set: 3,1ms
[2021-05-29T10:29:19.740-0400][gc,phases     ] GC(19)   Post Evacuate Collection Set: 1,2ms
[2021-05-29T10:29:19.740-0400][gc,phases     ] GC(19)   Other: 0,4ms
[2021-05-29T10:29:19.740-0400][gc,heap       ] GC(19) Eden regions: 139->0(154)
[2021-05-29T10:29:19.740-0400][gc,heap       ] GC(19) Survivor regions: 1->1(18)
[2021-05-29T10:29:19.740-0400][gc,heap       ] GC(19) Old regions: 13->13
[2021-05-29T10:29:19.740-0400][gc,heap       ] GC(19) Humongous regions: 129->129
[2021-05-29T10:29:19.740-0400][gc,metaspace  ] GC(19) Metaspace: 33845K->33845K(1079296K)
[2021-05-29T10:29:19.740-0400][gc            ] GC(19) Pause Young (Normal) (G1 Evacuation Pause) 280M->141M(1024M) 4,891ms
[2021-05-29T10:29:19.740-0400][gc,cpu        ] GC(19) User=0,04s Sys=0,00s Real=0,00s
[2021-05-29T13:12:24.776-0400][gc,start      ] GC(20) Pause Young (Normal) (G1 Evacuation Pause)
[2021-05-29T13:12:24.776-0400][gc,task       ] GC(20) Using 15 workers of 15 for evacuation
[2021-05-29T13:12:24.780-0400][gc,phases     ] GC(20)   Pre Evacuate Collection Set: 0,1ms
[2021-05-29T13:12:24.780-0400][gc,phases     ] GC(20)   Evacuate Collection Set: 2,6ms
[2021-05-29T13:12:24.780-0400][gc,phases     ] GC(20)   Post Evacuate Collection Set: 1,1ms
[2021-05-29T13:12:24.780-0400][gc,phases     ] GC(20)   Other: 0,4ms
[2021-05-29T13:12:24.780-0400][gc,heap       ] GC(20) Eden regions: 154->0(169)
[2021-05-29T13:12:24.780-0400][gc,heap       ] GC(20) Survivor regions: 1->1(20)
[2021-05-29T13:12:24.780-0400][gc,heap       ] GC(20) Old regions: 13->14
[2021-05-29T13:12:24.780-0400][gc,heap       ] GC(20) Humongous regions: 129->129
[2021-05-29T13:12:24.780-0400][gc,metaspace  ] GC(20) Metaspace: 33869K->33869K(1079296K)
[2021-05-29T13:12:24.780-0400][gc            ] GC(20) Pause Young (Normal) (G1 Evacuation Pause) 295M->141M(1024M) 4,335ms
[2021-05-29T13:12:24.780-0400][gc,cpu        ] GC(20) User=0,04s Sys=0,00s Real=0,00s
[2021-05-29T16:11:08.799-0400][gc,start      ] GC(21) Pause Young (Normal) (G1 Evacuation Pause)
[2021-05-29T16:11:08.800-0400][gc,task       ] GC(21) Using 15 workers of 15 for evacuation
[2021-05-29T16:11:08.804-0400][gc,phases     ] GC(21)   Pre Evacuate Collection Set: 0,1ms
[2021-05-29T16:11:08.804-0400][gc,phases     ] GC(21)   Evacuate Collection Set: 2,8ms
[2021-05-29T16:11:08.804-0400][gc,phases     ] GC(21)   Post Evacuate Collection Set: 1,1ms
[2021-05-29T16:11:08.804-0400][gc,phases     ] GC(21)   Other: 0,6ms
[2021-05-29T16:11:08.804-0400][gc,heap       ] GC(21) Eden regions: 169->0(185)
[2021-05-29T16:11:08.804-0400][gc,heap       ] GC(21) Survivor regions: 1->1(22)
[2021-05-29T16:11:08.804-0400][gc,heap       ] GC(21) Old regions: 14->14
[2021-05-29T16:11:08.804-0400][gc,heap       ] GC(21) Humongous regions: 129->129
[2021-05-29T16:11:08.804-0400][gc,metaspace  ] GC(21) Metaspace: 33892K->33892K(1079296K)
[2021-05-29T16:11:08.804-0400][gc            ] GC(21) Pause Young (Normal) (G1 Evacuation Pause) 310M->141M(1024M) 4,742ms
[2021-05-29T16:11:08.804-0400][gc,cpu        ] GC(21) User=0,04s Sys=0,00s Real=0,01s
[2021-05-29T19:27:09.776-0400][gc,start      ] GC(22) Pause Young (Normal) (G1 Evacuation Pause)
[2021-05-29T19:27:09.776-0400][gc,task       ] GC(22) Using 15 workers of 15 for evacuation
[2021-05-29T19:27:09.779-0400][gc,phases     ] GC(22)   Pre Evacuate Collection Set: 0,0ms
[2021-05-29T19:27:09.779-0400][gc,phases     ] GC(22)   Evacuate Collection Set: 2,2ms
[2021-05-29T19:27:09.779-0400][gc,phases     ] GC(22)   Post Evacuate Collection Set: 0,7ms
[2021-05-29T19:27:09.780-0400][gc,phases     ] GC(22)   Other: 0,8ms
[2021-05-29T19:27:09.780-0400][gc,heap       ] GC(22) Eden regions: 185->0(207)
[2021-05-29T19:27:09.780-0400][gc,heap       ] GC(22) Survivor regions: 1->1(24)
[2021-05-29T19:27:09.780-0400][gc,heap       ] GC(22) Old regions: 14->14
[2021-05-29T19:27:09.780-0400][gc,heap       ] GC(22) Humongous regions: 129->129
[2021-05-29T19:27:09.780-0400][gc,metaspace  ] GC(22) Metaspace: 33895K->33895K(1079296K)
[2021-05-29T19:27:09.780-0400][gc            ] GC(22) Pause Young (Normal) (G1 Evacuation Pause) 326M->141M(1024M) 3,824ms
[2021-05-29T19:27:09.780-0400][gc,cpu        ] GC(22) User=0,03s Sys=0,00s Real=0,00s
[2021-05-29T23:06:34.776-0400][gc,start      ] GC(23) Pause Young (Normal) (G1 Evacuation Pause)
[2021-05-29T23:06:34.776-0400][gc,task       ] GC(23) Using 15 workers of 15 for evacuation
[2021-05-29T23:06:34.778-0400][gc,phases     ] GC(23)   Pre Evacuate Collection Set: 0,1ms
[2021-05-29T23:06:34.778-0400][gc,phases     ] GC(23)   Evacuate Collection Set: 0,7ms
[2021-05-29T23:06:34.778-0400][gc,phases     ] GC(23)   Post Evacuate Collection Set: 0,8ms
[2021-05-29T23:06:34.778-0400][gc,phases     ] GC(23)   Other: 0,6ms
[2021-05-29T23:06:34.778-0400][gc,heap       ] GC(23) Eden regions: 207->0(368)
[2021-05-29T23:06:34.778-0400][gc,heap       ] GC(23) Survivor regions: 1->1(26)
[2021-05-29T23:06:34.778-0400][gc,heap       ] GC(23) Old regions: 14->14
[2021-05-29T23:06:34.778-0400][gc,heap       ] GC(23) Humongous regions: 129->129
[2021-05-29T23:06:34.778-0400][gc,metaspace  ] GC(23) Metaspace: 33910K->33910K(1079296K)
[2021-05-29T23:06:34.778-0400][gc            ] GC(23) Pause Young (Normal) (G1 Evacuation Pause) 348M->141M(1024M) 2,262ms
[2021-05-29T23:06:34.778-0400][gc,cpu        ] GC(23) User=0,01s Sys=0,01s Real=0,00s
[2021-05-30T05:37:29.775-0400][gc,start      ] GC(24) Pause Young (Normal) (G1 Evacuation Pause)
[2021-05-30T05:37:29.775-0400][gc,task       ] GC(24) Using 15 workers of 15 for evacuation
[2021-05-30T05:37:29.777-0400][gc,phases     ] GC(24)   Pre Evacuate Collection Set: 0,0ms
[2021-05-30T05:37:29.777-0400][gc,phases     ] GC(24)   Evacuate Collection Set: 0,8ms
[2021-05-30T05:37:29.777-0400][gc,phases     ] GC(24)   Post Evacuate Collection Set: 1,0ms
[2021-05-30T05:37:29.778-0400][gc,phases     ] GC(24)   Other: 0,4ms
[2021-05-30T05:37:29.778-0400][gc,heap       ] GC(24) Eden regions: 368->0(504)
[2021-05-30T05:37:29.778-0400][gc,heap       ] GC(24) Survivor regions: 1->1(47)
[2021-05-30T05:37:29.778-0400][gc,heap       ] GC(24) Old regions: 14->14
[2021-05-30T05:37:29.778-0400][gc,heap       ] GC(24) Humongous regions: 129->129
[2021-05-30T05:37:29.778-0400][gc,metaspace  ] GC(24) Metaspace: 33915K->33915K(1079296K)
[2021-05-30T05:37:29.778-0400][gc            ] GC(24) Pause Young (Normal) (G1 Evacuation Pause) 509M->141M(1024M) 2,408ms
[2021-05-30T05:37:29.778-0400][gc,cpu        ] GC(24) User=0,01s Sys=0,00s Real=0,00s
[2021-05-30T14:33:44.258-0400][gc,start      ] GC(25) Pause Young (Normal) (G1 Evacuation Pause)
[2021-05-30T14:33:44.258-0400][gc,task       ] GC(25) Using 15 workers of 15 for evacuation
[2021-05-30T14:33:44.260-0400][gc,phases     ] GC(25)   Pre Evacuate Collection Set: 0,1ms
[2021-05-30T14:33:44.260-0400][gc,phases     ] GC(25)   Evacuate Collection Set: 0,7ms
[2021-05-30T14:33:44.260-0400][gc,phases     ] GC(25)   Post Evacuate Collection Set: 1,2ms
[2021-05-30T14:33:44.260-0400][gc,phases     ] GC(25)   Other: 0,4ms
[2021-05-30T14:33:44.260-0400][gc,heap       ] GC(25) Eden regions: 504->0(613)
[2021-05-30T14:33:44.260-0400][gc,heap       ] GC(25) Survivor regions: 1->1(64)
[2021-05-30T14:33:44.260-0400][gc,heap       ] GC(25) Old regions: 14->14
[2021-05-30T14:33:44.260-0400][gc,heap       ] GC(25) Humongous regions: 129->129
[2021-05-30T14:33:44.260-0400][gc,metaspace  ] GC(25) Metaspace: 33964K->33964K(1079296K)
[2021-05-30T14:33:44.260-0400][gc            ] GC(25) Pause Young (Normal) (G1 Evacuation Pause) 645M->141M(1024M) 2,611ms
[2021-05-30T14:33:44.260-0400][gc,cpu        ] GC(25) User=0,00s Sys=0,01s Real=0,00s
[2021-05-31T01:28:19.326-0400][gc,start      ] GC(26) Pause Young (Normal) (G1 Evacuation Pause)
[2021-05-31T01:28:19.326-0400][gc,task       ] GC(26) Using 15 workers of 15 for evacuation
[2021-05-31T01:28:19.328-0400][gc,phases     ] GC(26)   Pre Evacuate Collection Set: 0,0ms
[2021-05-31T01:28:19.328-0400][gc,phases     ] GC(26)   Evacuate Collection Set: 0,9ms
[2021-05-31T01:28:19.329-0400][gc,phases     ] GC(26)   Post Evacuate Collection Set: 1,1ms
[2021-05-31T01:28:19.329-0400][gc,phases     ] GC(26)   Other: 0,5ms
[2021-05-31T01:28:19.329-0400][gc,heap       ] GC(26) Eden regions: 613->0(613)
[2021-05-31T01:28:19.329-0400][gc,heap       ] GC(26) Survivor regions: 1->1(77)
[2021-05-31T01:28:19.329-0400][gc,heap       ] GC(26) Old regions: 14->14
[2021-05-31T01:28:19.329-0400][gc,heap       ] GC(26) Humongous regions: 129->129
[2021-05-31T01:28:19.329-0400][gc,metaspace  ] GC(26) Metaspace: 33964K->33964K(1079296K)
[2021-05-31T01:28:19.329-0400][gc            ] GC(26) Pause Young (Normal) (G1 Evacuation Pause) 754M->141M(1024M) 2,675ms
[2021-05-31T01:28:19.329-0400][gc,cpu        ] GC(26) User=0,01s Sys=0,01s Real=0,00s
[2021-05-31T08:53:31.318-0400][gc,start      ] GC(27) Pause Young (Normal) (G1 Evacuation Pause)
[2021-05-31T08:53:31.318-0400][gc,task       ] GC(27) Using 15 workers of 15 for evacuation
[2021-05-31T08:53:31.324-0400][gc,phases     ] GC(27)   Pre Evacuate Collection Set: 0,0ms
[2021-05-31T08:53:31.324-0400][gc,phases     ] GC(27)   Evacuate Collection Set: 4,5ms
[2021-05-31T08:53:31.324-0400][gc,phases     ] GC(27)   Post Evacuate Collection Set: 1,1ms
[2021-05-31T08:53:31.324-0400][gc,phases     ] GC(27)   Other: 0,3ms
[2021-05-31T08:53:31.324-0400][gc,heap       ] GC(27) Eden regions: 613->0(609)
[2021-05-31T08:53:31.324-0400][gc,heap       ] GC(27) Survivor regions: 1->5(77)
[2021-05-31T08:53:31.324-0400][gc,heap       ] GC(27) Old regions: 14->14
[2021-05-31T08:53:31.324-0400][gc,heap       ] GC(27) Humongous regions: 129->129
[2021-05-31T08:53:31.324-0400][gc,metaspace  ] GC(27) Metaspace: 37415K->37415K(1083392K)
[2021-05-31T08:53:31.324-0400][gc            ] GC(27) Pause Young (Normal) (G1 Evacuation Pause) 754M->146M(1024M) 6,137ms
[2021-05-31T08:53:31.324-0400][gc,cpu        ] GC(27) User=0,07s Sys=0,00s Real=0,01s
