[2021-05-31T16:59:25.339-0400][gc,heap] Heap region size: 1M
[2021-05-31T16:59:25.350-0400][gc     ] Using G1
[2021-05-31T16:59:25.350-0400][gc,heap,coops] Heap address: 0x00000000e0000000, size: 512 MB, Compressed Oops mode: 32-bit
[2021-05-31T16:59:25.350-0400][gc,cds       ] Mark closed archive regions in map: [0x00000000ffc00000, 0x00000000ffc6aff8]
[2021-05-31T16:59:25.350-0400][gc,cds       ] Mark open archive regions in map: [0x00000000ff800000, 0x00000000ff846ff8]
[2021-05-31T17:03:37.262-0400][gc,start     ] GC(0) Pause Young (Normal) (G1 Evacuation Pause)
[2021-05-31T17:03:37.263-0400][gc,task      ] GC(0) Using 12 workers of 15 for evacuation
[2021-05-31T17:03:37.273-0400][gc,phases    ] GC(0)   Pre Evacuate Collection Set: 0,0ms
[2021-05-31T17:03:37.273-0400][gc,phases    ] GC(0)   Evacuate Collection Set: 9,3ms
[2021-05-31T17:03:37.273-0400][gc,phases    ] GC(0)   Post Evacuate Collection Set: 0,5ms
[2021-05-31T17:03:37.273-0400][gc,phases    ] GC(0)   Other: 2,1ms
[2021-05-31T17:03:37.273-0400][gc,heap      ] GC(0) Eden regions: 25->0(21)
[2021-05-31T17:03:37.273-0400][gc,heap      ] GC(0) Survivor regions: 0->4(4)
[2021-05-31T17:03:37.273-0400][gc,heap      ] GC(0) Old regions: 2->4
[2021-05-31T17:03:37.273-0400][gc,heap      ] GC(0) Humongous regions: 0->0
[2021-05-31T17:03:37.273-0400][gc,metaspace ] GC(0) Metaspace: 7909K->7909K(1056768K)
[2021-05-31T17:03:37.274-0400][gc           ] GC(0) Pause Young (Normal) (G1 Evacuation Pause) 25M->6M(512M) 12,007ms
[2021-05-31T17:03:37.274-0400][gc,cpu       ] GC(0) User=0,09s Sys=0,02s Real=0,01s
[2021-05-31T21:30:58.402-0400][gc,start     ] GC(1) Pause Young (Normal) (G1 Evacuation Pause)
[2021-05-31T21:30:58.402-0400][gc,task      ] GC(1) Using 12 workers of 15 for evacuation
[2021-05-31T21:30:58.410-0400][gc,phases    ] GC(1)   Pre Evacuate Collection Set: 0,0ms
[2021-05-31T21:30:58.410-0400][gc,phases    ] GC(1)   Evacuate Collection Set: 7,6ms
[2021-05-31T21:30:58.411-0400][gc,phases    ] GC(1)   Post Evacuate Collection Set: 0,4ms
[2021-05-31T21:30:58.411-0400][gc,phases    ] GC(1)   Other: 0,3ms
[2021-05-31T21:30:58.411-0400][gc,heap      ] GC(1) Eden regions: 21->0(24)
[2021-05-31T21:30:58.411-0400][gc,heap      ] GC(1) Survivor regions: 4->1(4)
[2021-05-31T21:30:58.411-0400][gc,heap      ] GC(1) Old regions: 4->8
[2021-05-31T21:30:58.411-0400][gc,heap      ] GC(1) Humongous regions: 0->0
[2021-05-31T21:30:58.411-0400][gc,metaspace ] GC(1) Metaspace: 8032K->8032K(1056768K)
[2021-05-31T21:30:58.411-0400][gc           ] GC(1) Pause Young (Normal) (G1 Evacuation Pause) 27M->6M(512M) 8,549ms
[2021-05-31T21:30:58.411-0400][gc,cpu       ] GC(1) User=0,09s Sys=0,01s Real=0,01s
[2021-06-01T02:49:04.682-0400][gc,start     ] GC(2) Pause Young (Normal) (G1 Evacuation Pause)
[2021-06-01T02:49:04.682-0400][gc,task      ] GC(2) Using 12 workers of 15 for evacuation
[2021-06-01T02:49:04.683-0400][gc,phases    ] GC(2)   Pre Evacuate Collection Set: 0,0ms
[2021-06-01T02:49:04.683-0400][gc,phases    ] GC(2)   Evacuate Collection Set: 0,3ms
[2021-06-01T02:49:04.683-0400][gc,phases    ] GC(2)   Post Evacuate Collection Set: 0,2ms
[2021-06-01T02:49:04.683-0400][gc,phases    ] GC(2)   Other: 0,2ms
[2021-06-01T02:49:04.683-0400][gc,heap      ] GC(2) Eden regions: 24->0(24)
[2021-06-01T02:49:04.683-0400][gc,heap      ] GC(2) Survivor regions: 1->1(4)
[2021-06-01T02:49:04.683-0400][gc,heap      ] GC(2) Old regions: 8->8
[2021-06-01T02:49:04.683-0400][gc,heap      ] GC(2) Humongous regions: 0->0
[2021-06-01T02:49:04.683-0400][gc,metaspace ] GC(2) Metaspace: 8048K->8048K(1056768K)
[2021-06-01T02:49:04.683-0400][gc           ] GC(2) Pause Young (Normal) (G1 Evacuation Pause) 30M->6M(512M) 0,881ms
[2021-06-01T02:49:04.683-0400][gc,cpu       ] GC(2) User=0,00s Sys=0,00s Real=0,00s
[2021-06-01T08:11:58.068-0400][gc,start     ] GC(3) Pause Young (Normal) (G1 Evacuation Pause)
[2021-06-01T08:11:58.068-0400][gc,task      ] GC(3) Using 12 workers of 15 for evacuation
[2021-06-01T08:11:58.069-0400][gc,phases    ] GC(3)   Pre Evacuate Collection Set: 0,0ms
[2021-06-01T08:11:58.069-0400][gc,phases    ] GC(3)   Evacuate Collection Set: 0,7ms
[2021-06-01T08:11:58.069-0400][gc,phases    ] GC(3)   Post Evacuate Collection Set: 0,3ms
[2021-06-01T08:11:58.070-0400][gc,phases    ] GC(3)   Other: 0,2ms
[2021-06-01T08:11:58.070-0400][gc,heap      ] GC(3) Eden regions: 24->0(24)
[2021-06-01T08:11:58.070-0400][gc,heap      ] GC(3) Survivor regions: 1->1(4)
[2021-06-01T08:11:58.070-0400][gc,heap      ] GC(3) Old regions: 8->8
[2021-06-01T08:11:58.070-0400][gc,heap      ] GC(3) Humongous regions: 0->0
[2021-06-01T08:11:58.070-0400][gc,metaspace ] GC(3) Metaspace: 8048K->8048K(1056768K)
[2021-06-01T08:11:58.070-0400][gc           ] GC(3) Pause Young (Normal) (G1 Evacuation Pause) 30M->6M(512M) 1,585ms
[2021-06-01T08:11:58.070-0400][gc,cpu       ] GC(3) User=0,00s Sys=0,01s Real=0,00s
[2021-06-01T13:39:56.233-0400][gc,start     ] GC(4) Pause Young (Normal) (G1 Evacuation Pause)
[2021-06-01T13:39:56.233-0400][gc,task      ] GC(4) Using 12 workers of 15 for evacuation
[2021-06-01T13:39:56.234-0400][gc,phases    ] GC(4)   Pre Evacuate Collection Set: 0,0ms
[2021-06-01T13:39:56.234-0400][gc,phases    ] GC(4)   Evacuate Collection Set: 0,9ms
[2021-06-01T13:39:56.234-0400][gc,phases    ] GC(4)   Post Evacuate Collection Set: 0,3ms
[2021-06-01T13:39:56.234-0400][gc,phases    ] GC(4)   Other: 0,5ms
[2021-06-01T13:39:56.234-0400][gc,heap      ] GC(4) Eden regions: 24->0(27)
[2021-06-01T13:39:56.234-0400][gc,heap      ] GC(4) Survivor regions: 1->1(4)
[2021-06-01T13:39:56.234-0400][gc,heap      ] GC(4) Old regions: 8->8
[2021-06-01T13:39:56.234-0400][gc,heap      ] GC(4) Humongous regions: 0->0
[2021-06-01T13:39:56.234-0400][gc,metaspace ] GC(4) Metaspace: 8048K->8048K(1056768K)
[2021-06-01T13:39:56.234-0400][gc           ] GC(4) Pause Young (Normal) (G1 Evacuation Pause) 30M->6M(512M) 1,892ms
[2021-06-01T13:39:56.235-0400][gc,cpu       ] GC(4) User=0,00s Sys=0,00s Real=0,00s
[2021-06-01T19:53:12.885-0400][gc,start     ] GC(5) Pause Young (Normal) (G1 Evacuation Pause)
[2021-06-01T19:53:12.885-0400][gc,task      ] GC(5) Using 12 workers of 15 for evacuation
[2021-06-01T19:53:12.887-0400][gc,phases    ] GC(5)   Pre Evacuate Collection Set: 0,0ms
[2021-06-01T19:53:12.887-0400][gc,phases    ] GC(5)   Evacuate Collection Set: 0,8ms
[2021-06-01T19:53:12.887-0400][gc,phases    ] GC(5)   Post Evacuate Collection Set: 0,3ms
[2021-06-01T19:53:12.887-0400][gc,phases    ] GC(5)   Other: 0,3ms
[2021-06-01T19:53:12.887-0400][gc,heap      ] GC(5) Eden regions: 27->0(82)
[2021-06-01T19:53:12.887-0400][gc,heap      ] GC(5) Survivor regions: 1->1(4)
[2021-06-01T19:53:12.887-0400][gc,heap      ] GC(5) Old regions: 8->8
[2021-06-01T19:53:12.887-0400][gc,heap      ] GC(5) Humongous regions: 0->0
[2021-06-01T19:53:12.887-0400][gc,metaspace ] GC(5) Metaspace: 8054K->8054K(1056768K)
[2021-06-01T19:53:12.887-0400][gc           ] GC(5) Pause Young (Normal) (G1 Evacuation Pause) 33M->6M(512M) 1,579ms
[2021-06-01T19:53:12.887-0400][gc,cpu       ] GC(5) User=0,00s Sys=0,01s Real=0,00s
