[2021-05-28T13:30:14.159-0400][gc,heap] Heap region size: 1M
[2021-05-28T13:30:14.169-0400][gc     ] Using G1
[2021-05-28T13:30:14.169-0400][gc,heap,coops] Heap address: 0x00000000e0000000, size: 512 MB, Compressed Oops mode: 32-bit
[2021-05-28T13:30:14.169-0400][gc,cds       ] Mark closed archive regions in map: [0x00000000ffc00000, 0x00000000ffc6aff8]
[2021-05-28T13:30:14.170-0400][gc,cds       ] Mark open archive regions in map: [0x00000000ff800000, 0x00000000ff846ff8]
[2021-05-28T13:32:24.800-0400][gc,start     ] GC(0) Pause Young (Normal) (G1 Evacuation Pause)
[2021-05-28T13:32:24.802-0400][gc,task      ] GC(0) Using 12 workers of 15 for evacuation
[2021-05-28T13:32:24.809-0400][gc,phases    ] GC(0)   Pre Evacuate Collection Set: 0,0ms
[2021-05-28T13:32:24.809-0400][gc,phases    ] GC(0)   Evacuate Collection Set: 7,2ms
[2021-05-28T13:32:24.809-0400][gc,phases    ] GC(0)   Post Evacuate Collection Set: 0,4ms
[2021-05-28T13:32:24.809-0400][gc,phases    ] GC(0)   Other: 1,9ms
[2021-05-28T13:32:24.809-0400][gc,heap      ] GC(0) Eden regions: 25->0(21)
[2021-05-28T13:32:24.809-0400][gc,heap      ] GC(0) Survivor regions: 0->4(4)
[2021-05-28T13:32:24.809-0400][gc,heap      ] GC(0) Old regions: 2->4
[2021-05-28T13:32:24.809-0400][gc,heap      ] GC(0) Humongous regions: 0->0
[2021-05-28T13:32:24.809-0400][gc,metaspace ] GC(0) Metaspace: 7841K->7841K(1056768K)
[2021-05-28T13:32:24.809-0400][gc           ] GC(0) Pause Young (Normal) (G1 Evacuation Pause) 25M->5M(512M) 9,643ms
[2021-05-28T13:32:24.809-0400][gc,cpu       ] GC(0) User=0,09s Sys=0,00s Real=0,01s
[2021-05-28T13:36:54.561-0400][gc,heap,exit ] Heap
[2021-05-28T13:36:54.561-0400][gc,heap,exit ]  garbage-first heap   total 524288K, used 9153K [0x00000000e0000000, 0x0000000100000000)
[2021-05-28T13:36:54.561-0400][gc,heap,exit ]   region size 1024K, 8 young (8192K), 4 survivors (4096K)
[2021-05-28T13:36:54.561-0400][gc,heap,exit ]  Metaspace       used 8062K, capacity 8418K, committed 8704K, reserved 1056768K
[2021-05-28T13:36:54.561-0400][gc,heap,exit ]   class space    used 866K, capacity 1005K, committed 1024K, reserved 1048576K
