[2021-05-28T13:38:41.368-0400][gc,heap] Heap region size: 1M
[2021-05-28T13:38:41.378-0400][gc     ] Using G1
[2021-05-28T13:38:41.378-0400][gc,heap,coops] Heap address: 0x00000000e0000000, size: 512 MB, Compressed Oops mode: 32-bit
[2021-05-28T13:38:41.378-0400][gc,cds       ] Mark closed archive regions in map: [0x00000000ffc00000, 0x00000000ffc6aff8]
[2021-05-28T13:38:41.378-0400][gc,cds       ] Mark open archive regions in map: [0x00000000ff800000, 0x00000000ff846ff8]
[2021-05-28T13:57:26.564-0400][gc,start     ] GC(0) Pause Young (Normal) (G1 Evacuation Pause)
[2021-05-28T13:57:26.567-0400][gc,task      ] GC(0) Using 12 workers of 15 for evacuation
[2021-05-28T13:57:26.585-0400][gc,phases    ] GC(0)   Pre Evacuate Collection Set: 0,0ms
[2021-05-28T13:57:26.585-0400][gc,phases    ] GC(0)   Evacuate Collection Set: 17,0ms
[2021-05-28T13:57:26.585-0400][gc,phases    ] GC(0)   Post Evacuate Collection Set: 0,7ms
[2021-05-28T13:57:26.585-0400][gc,phases    ] GC(0)   Other: 3,0ms
[2021-05-28T13:57:26.585-0400][gc,heap      ] GC(0) Eden regions: 25->0(21)
[2021-05-28T13:57:26.585-0400][gc,heap      ] GC(0) Survivor regions: 0->4(4)
[2021-05-28T13:57:26.585-0400][gc,heap      ] GC(0) Old regions: 2->4
[2021-05-28T13:57:26.585-0400][gc,heap      ] GC(0) Humongous regions: 0->0
[2021-05-28T13:57:26.585-0400][gc,metaspace ] GC(0) Metaspace: 7941K->7941K(1056768K)
[2021-05-28T13:57:26.585-0400][gc           ] GC(0) Pause Young (Normal) (G1 Evacuation Pause) 25M->5M(512M) 20,815ms
[2021-05-28T13:57:26.585-0400][gc,cpu       ] GC(0) User=0,16s Sys=0,04s Real=0,02s
[2021-05-28T18:24:14.886-0400][gc,start     ] GC(1) Pause Young (Normal) (G1 Evacuation Pause)
[2021-05-28T18:24:14.886-0400][gc,task      ] GC(1) Using 12 workers of 15 for evacuation
[2021-05-28T18:24:14.893-0400][gc,phases    ] GC(1)   Pre Evacuate Collection Set: 0,0ms
[2021-05-28T18:24:14.893-0400][gc,phases    ] GC(1)   Evacuate Collection Set: 6,4ms
[2021-05-28T18:24:14.893-0400][gc,phases    ] GC(1)   Post Evacuate Collection Set: 0,4ms
[2021-05-28T18:24:14.893-0400][gc,phases    ] GC(1)   Other: 0,2ms
[2021-05-28T18:24:14.893-0400][gc,heap      ] GC(1) Eden regions: 21->0(24)
[2021-05-28T18:24:14.893-0400][gc,heap      ] GC(1) Survivor regions: 4->1(4)
[2021-05-28T18:24:14.893-0400][gc,heap      ] GC(1) Old regions: 4->8
[2021-05-28T18:24:14.893-0400][gc,heap      ] GC(1) Humongous regions: 0->0
[2021-05-28T18:24:14.893-0400][gc,metaspace ] GC(1) Metaspace: 7951K->7951K(1056768K)
[2021-05-28T18:24:14.893-0400][gc           ] GC(1) Pause Young (Normal) (G1 Evacuation Pause) 26M->6M(512M) 7,190ms
[2021-05-28T18:24:14.893-0400][gc,cpu       ] GC(1) User=0,07s Sys=0,00s Real=0,01s
[2021-05-28T23:39:54.042-0400][gc,start     ] GC(2) Pause Young (Normal) (G1 Evacuation Pause)
[2021-05-28T23:39:54.042-0400][gc,task      ] GC(2) Using 12 workers of 15 for evacuation
[2021-05-28T23:39:54.043-0400][gc,phases    ] GC(2)   Pre Evacuate Collection Set: 0,0ms
[2021-05-28T23:39:54.043-0400][gc,phases    ] GC(2)   Evacuate Collection Set: 0,3ms
[2021-05-28T23:39:54.043-0400][gc,phases    ] GC(2)   Post Evacuate Collection Set: 0,3ms
[2021-05-28T23:39:54.043-0400][gc,phases    ] GC(2)   Other: 0,5ms
[2021-05-28T23:39:54.043-0400][gc,heap      ] GC(2) Eden regions: 24->0(24)
[2021-05-28T23:39:54.043-0400][gc,heap      ] GC(2) Survivor regions: 1->1(4)
[2021-05-28T23:39:54.043-0400][gc,heap      ] GC(2) Old regions: 8->8
[2021-05-28T23:39:54.043-0400][gc,heap      ] GC(2) Humongous regions: 0->0
[2021-05-28T23:39:54.043-0400][gc,metaspace ] GC(2) Metaspace: 7967K->7967K(1056768K)
[2021-05-28T23:39:54.043-0400][gc           ] GC(2) Pause Young (Normal) (G1 Evacuation Pause) 30M->5M(512M) 1,268ms
[2021-05-28T23:39:54.043-0400][gc,cpu       ] GC(2) User=0,00s Sys=0,00s Real=0,00s
[2021-05-29T04:56:59.515-0400][gc,start     ] GC(3) Pause Young (Normal) (G1 Evacuation Pause)
[2021-05-29T04:56:59.515-0400][gc,task      ] GC(3) Using 12 workers of 15 for evacuation
[2021-05-29T04:56:59.516-0400][gc,phases    ] GC(3)   Pre Evacuate Collection Set: 0,0ms
[2021-05-29T04:56:59.516-0400][gc,phases    ] GC(3)   Evacuate Collection Set: 0,3ms
[2021-05-29T04:56:59.516-0400][gc,phases    ] GC(3)   Post Evacuate Collection Set: 0,4ms
[2021-05-29T04:56:59.516-0400][gc,phases    ] GC(3)   Other: 0,2ms
[2021-05-29T04:56:59.516-0400][gc,heap      ] GC(3) Eden regions: 24->0(24)
[2021-05-29T04:56:59.516-0400][gc,heap      ] GC(3) Survivor regions: 1->1(4)
[2021-05-29T04:56:59.516-0400][gc,heap      ] GC(3) Old regions: 8->8
[2021-05-29T04:56:59.516-0400][gc,heap      ] GC(3) Humongous regions: 0->0
[2021-05-29T04:56:59.516-0400][gc,metaspace ] GC(3) Metaspace: 7967K->7967K(1056768K)
[2021-05-29T04:56:59.516-0400][gc           ] GC(3) Pause Young (Normal) (G1 Evacuation Pause) 29M->5M(512M) 1,180ms
[2021-05-29T04:56:59.516-0400][gc,cpu       ] GC(3) User=0,00s Sys=0,01s Real=0,00s
[2021-05-29T10:16:37.263-0400][gc,start     ] GC(4) Pause Young (Normal) (G1 Evacuation Pause)
[2021-05-29T10:16:37.263-0400][gc,task      ] GC(4) Using 12 workers of 15 for evacuation
[2021-05-29T10:16:37.264-0400][gc,phases    ] GC(4)   Pre Evacuate Collection Set: 0,0ms
[2021-05-29T10:16:37.264-0400][gc,phases    ] GC(4)   Evacuate Collection Set: 0,3ms
[2021-05-29T10:16:37.264-0400][gc,phases    ] GC(4)   Post Evacuate Collection Set: 0,3ms
[2021-05-29T10:16:37.264-0400][gc,phases    ] GC(4)   Other: 0,3ms
[2021-05-29T10:16:37.264-0400][gc,heap      ] GC(4) Eden regions: 24->0(26)
[2021-05-29T10:16:37.264-0400][gc,heap      ] GC(4) Survivor regions: 1->1(4)
[2021-05-29T10:16:37.264-0400][gc,heap      ] GC(4) Old regions: 8->8
[2021-05-29T10:16:37.264-0400][gc,heap      ] GC(4) Humongous regions: 0->0
[2021-05-29T10:16:37.264-0400][gc,metaspace ] GC(4) Metaspace: 7967K->7967K(1056768K)
[2021-05-29T10:16:37.264-0400][gc           ] GC(4) Pause Young (Normal) (G1 Evacuation Pause) 29M->5M(512M) 1,144ms
[2021-05-29T10:16:37.264-0400][gc,cpu       ] GC(4) User=0,00s Sys=0,01s Real=0,00s
[2021-05-29T16:13:21.091-0400][gc,start     ] GC(5) Pause Young (Normal) (G1 Evacuation Pause)
[2021-05-29T16:13:21.091-0400][gc,task      ] GC(5) Using 12 workers of 15 for evacuation
[2021-05-29T16:13:21.092-0400][gc,phases    ] GC(5)   Pre Evacuate Collection Set: 0,0ms
[2021-05-29T16:13:21.092-0400][gc,phases    ] GC(5)   Evacuate Collection Set: 0,3ms
[2021-05-29T16:13:21.092-0400][gc,phases    ] GC(5)   Post Evacuate Collection Set: 0,2ms
[2021-05-29T16:13:21.092-0400][gc,phases    ] GC(5)   Other: 0,2ms
[2021-05-29T16:13:21.092-0400][gc,heap      ] GC(5) Eden regions: 26->0(49)
[2021-05-29T16:13:21.092-0400][gc,heap      ] GC(5) Survivor regions: 1->1(4)
[2021-05-29T16:13:21.092-0400][gc,heap      ] GC(5) Old regions: 8->8
[2021-05-29T16:13:21.092-0400][gc,heap      ] GC(5) Humongous regions: 0->0
[2021-05-29T16:13:21.092-0400][gc,metaspace ] GC(5) Metaspace: 7973K->7973K(1056768K)
[2021-05-29T16:13:21.092-0400][gc           ] GC(5) Pause Young (Normal) (G1 Evacuation Pause) 31M->5M(512M) 0,900ms
[2021-05-29T16:13:21.092-0400][gc,cpu       ] GC(5) User=0,01s Sys=0,00s Real=0,00s
[2021-05-30T03:20:28.121-0400][gc,start     ] GC(6) Pause Young (Normal) (G1 Evacuation Pause)
[2021-05-30T03:20:28.122-0400][gc,task      ] GC(6) Using 12 workers of 15 for evacuation
[2021-05-30T03:20:28.122-0400][gc,phases    ] GC(6)   Pre Evacuate Collection Set: 0,0ms
[2021-05-30T03:20:28.123-0400][gc,phases    ] GC(6)   Evacuate Collection Set: 0,4ms
[2021-05-30T03:20:28.123-0400][gc,phases    ] GC(6)   Post Evacuate Collection Set: 0,3ms
[2021-05-30T03:20:28.123-0400][gc,phases    ] GC(6)   Other: 0,5ms
[2021-05-30T03:20:28.123-0400][gc,heap      ] GC(6) Eden regions: 49->0(83)
[2021-05-30T03:20:28.123-0400][gc,heap      ] GC(6) Survivor regions: 1->1(7)
[2021-05-30T03:20:28.123-0400][gc,heap      ] GC(6) Old regions: 8->8
[2021-05-30T03:20:28.123-0400][gc,heap      ] GC(6) Humongous regions: 0->0
[2021-05-30T03:20:28.123-0400][gc,metaspace ] GC(6) Metaspace: 7980K->7980K(1056768K)
[2021-05-30T03:20:28.123-0400][gc           ] GC(6) Pause Young (Normal) (G1 Evacuation Pause) 54M->5M(512M) 1,417ms
[2021-05-30T03:20:28.123-0400][gc,cpu       ] GC(6) User=0,01s Sys=0,00s Real=0,01s
[2021-05-30T22:19:10.498-0400][gc,start     ] GC(7) Pause Young (Normal) (G1 Evacuation Pause)
[2021-05-30T22:19:10.499-0400][gc,task      ] GC(7) Using 12 workers of 15 for evacuation
[2021-05-30T22:19:10.500-0400][gc,phases    ] GC(7)   Pre Evacuate Collection Set: 0,0ms
[2021-05-30T22:19:10.500-0400][gc,phases    ] GC(7)   Evacuate Collection Set: 0,5ms
[2021-05-30T22:19:10.500-0400][gc,phases    ] GC(7)   Post Evacuate Collection Set: 0,5ms
[2021-05-30T22:19:10.500-0400][gc,phases    ] GC(7)   Other: 0,6ms
[2021-05-30T22:19:10.500-0400][gc,heap      ] GC(7) Eden regions: 83->0(129)
[2021-05-30T22:19:10.500-0400][gc,heap      ] GC(7) Survivor regions: 1->1(11)
[2021-05-30T22:19:10.500-0400][gc,heap      ] GC(7) Old regions: 8->8
[2021-05-30T22:19:10.500-0400][gc,heap      ] GC(7) Humongous regions: 0->0
[2021-05-30T22:19:10.500-0400][gc,metaspace ] GC(7) Metaspace: 7980K->7980K(1056768K)
[2021-05-30T22:19:10.500-0400][gc           ] GC(7) Pause Young (Normal) (G1 Evacuation Pause) 88M->5M(512M) 1,737ms
[2021-05-30T22:19:10.500-0400][gc,cpu       ] GC(7) User=0,00s Sys=0,00s Real=0,00s
[2021-05-31T10:54:17.910-0400][gc,heap,exit ] Heap
[2021-05-31T10:54:17.910-0400][gc,heap,exit ]  garbage-first heap   total 524288K, used 65482K [0x00000000e0000000, 0x0000000100000000)
[2021-05-31T10:54:17.910-0400][gc,heap,exit ]   region size 1024K, 60 young (61440K), 1 survivors (1024K)
[2021-05-31T10:54:17.910-0400][gc,heap,exit ]  Metaspace       used 8041K, capacity 8418K, committed 8448K, reserved 1056768K
[2021-05-31T10:54:17.910-0400][gc,heap,exit ]   class space    used 866K, capacity 1005K, committed 1024K, reserved 1048576K
